Archive member included to satisfy reference by file (symbol)

/home/ek-181/RIOT/examples/hello-world/bin/unwd-range-l1-r3/core.a(sched.o)
                              /home/ek-181/RIOT/examples/hello-world/bin/unwd-range-l1-r3/newlib_syscalls_default/syscalls.o (sched_active_pid)
/home/ek-181/RIOT/examples/hello-world/bin/unwd-range-l1-r3/cortexm_common.a(thread_arch.o)
                              /home/ek-181/RIOT/examples/hello-world/bin/unwd-range-l1-r3/core.a(sched.o) (cpu_switch_context_exit)
/home/ek-181/RIOT/examples/hello-world/bin/unwd-range-l1-r3/cortexm_common.a(vectors_cortexm.o)
                              /home/ek-181/RIOT/examples/hello-world/bin/unwd-range-l1-r3/cpu/vectors.o (dummy_handler_default)
/home/ek-181/RIOT/examples/hello-world/bin/unwd-range-l1-r3/cortexm_common.a(irq_arch.o)
                              /home/ek-181/RIOT/examples/hello-world/bin/unwd-range-l1-r3/newlib_syscalls_default/syscalls.o (irq_disable)
/home/ek-181/RIOT/examples/hello-world/bin/unwd-range-l1-r3/stm32_common_periph.a(pm.o)
                              /home/ek-181/RIOT/examples/hello-world/bin/unwd-range-l1-r3/newlib_syscalls_default/syscalls.o (pm_off)
/home/ek-181/RIOT/examples/hello-world/bin/unwd-range-l1-r3/uart_stdio.a(uart_stdio.o)
                              /home/ek-181/RIOT/examples/hello-world/bin/unwd-range-l1-r3/newlib_syscalls_default/syscalls.o (uart_stdio_init)
/home/ek-181/RIOT/examples/hello-world/bin/unwd-range-l1-r3/boards_common_unwd.a(board.o)
                              /home/ek-181/RIOT/examples/hello-world/bin/unwd-range-l1-r3/cortexm_common.a(vectors_cortexm.o) (board_init)
/home/ek-181/RIOT/examples/hello-world/bin/unwd-range-l1-r3/core.a(panic.o)
                              /home/ek-181/RIOT/examples/hello-world/bin/unwd-range-l1-r3/cortexm_common.a(vectors_cortexm.o) (core_panic)
/home/ek-181/RIOT/examples/hello-world/bin/unwd-range-l1-r3/core.a(kernel_init.o)
                              /home/ek-181/RIOT/examples/hello-world/bin/unwd-range-l1-r3/cortexm_common.a(vectors_cortexm.o) (kernel_init)
/home/ek-181/RIOT/examples/hello-world/bin/unwd-range-l1-r3/core.a(thread.o)
                              /home/ek-181/RIOT/examples/hello-world/bin/unwd-range-l1-r3/core.a(kernel_init.o) (thread_create)
/home/ek-181/RIOT/examples/hello-world/bin/unwd-range-l1-r3/isrpipe.a(isrpipe.o)
                              /home/ek-181/RIOT/examples/hello-world/bin/unwd-range-l1-r3/uart_stdio.a(uart_stdio.o) (isrpipe_write_one)
/home/ek-181/RIOT/examples/hello-world/bin/unwd-range-l1-r3/pm_layered.a(pm.o)
                              /home/ek-181/RIOT/examples/hello-world/bin/unwd-range-l1-r3/core.a(kernel_init.o) (pm_set_lowest)
/home/ek-181/RIOT/examples/hello-world/bin/unwd-range-l1-r3/stm32_common.a(cpu_init.o)
                              /home/ek-181/RIOT/examples/hello-world/bin/unwd-range-l1-r3/boards_common_unwd.a(board.o) (cpu_init)
/home/ek-181/RIOT/examples/hello-world/bin/unwd-range-l1-r3/stm32_common.a(stmclk_l0l1.o)
                              /home/ek-181/RIOT/examples/hello-world/bin/unwd-range-l1-r3/stm32_common_periph.a(pm.o) (stmclk_init_sysclk)
/home/ek-181/RIOT/examples/hello-world/bin/unwd-range-l1-r3/stm32_common.a(cpu_common.o)
                              /home/ek-181/RIOT/examples/hello-world/bin/unwd-range-l1-r3/stm32_common.a(cpu_init.o) (periph_clk_en)
/home/ek-181/RIOT/examples/hello-world/bin/unwd-range-l1-r3/stm32_common.a(stm_status.o)
                              /home/ek-181/RIOT/examples/hello-world/bin/unwd-range-l1-r3/stm32_common.a(cpu_init.o) (cpu_init_status)
/home/ek-181/RIOT/examples/hello-world/bin/unwd-range-l1-r3/stm32_common_periph.a(uart.o)
                              /home/ek-181/RIOT/examples/hello-world/bin/unwd-range-l1-r3/uart_stdio.a(uart_stdio.o) (uart_write)
/home/ek-181/RIOT/examples/hello-world/bin/unwd-range-l1-r3/stm32_common_periph.a(gpio.o)
                              /home/ek-181/RIOT/examples/hello-world/bin/unwd-range-l1-r3/boards_common_unwd.a(board.o) (gpio_init)
/home/ek-181/RIOT/examples/hello-world/bin/unwd-range-l1-r3/tsrb.a(tsrb.o)
                              /home/ek-181/RIOT/examples/hello-world/bin/unwd-range-l1-r3/isrpipe.a(isrpipe.o) (tsrb_get)
/home/ek-181/RIOT/examples/hello-world/bin/unwd-range-l1-r3/periph_common.a(init.o)
                              /home/ek-181/RIOT/examples/hello-world/bin/unwd-range-l1-r3/stm32_common.a(cpu_init.o) (periph_init)
/home/ek-181/RIOT/examples/hello-world/bin/unwd-range-l1-r3/application_hello-world.a(main.o)
                              /home/ek-181/RIOT/examples/hello-world/bin/unwd-range-l1-r3/core.a(kernel_init.o) (main)
/home/ek-181/RIOT/examples/hello-world/bin/unwd-range-l1-r3/auto_init.a(auto_init.o)
                              /home/ek-181/RIOT/examples/hello-world/bin/unwd-range-l1-r3/core.a(kernel_init.o) (auto_init)
/home/ek-181/RIOT/examples/hello-world/bin/unwd-range-l1-r3/core.a(mutex.o)
[...]
Memory Configuration

Name             Origin             Length             Attributes
ccmram           0x0000000010000000 0x0000000000000000
rom              0x0000000008000000 0x0000000000080000 xr
ram              0x0000000020000000 0x0000000000014000 w !xr
*default*        0x0000000000000000 0xffffffffffffffff

Linker script and memory map

LOAD /home/ek-181/RIOT/examples/hello-world/bin/unwd-range-l1-r3/cpu/vectors.o
LOAD /home/ek-181/RIOT/examples/hello-world/bin/unwd-range-l1-r3/newlib_syscalls_default/syscalls.o
START GROUP
LOAD /home/ek-181/RIOT/examples/hello-world/bin/unwd-range-l1-r3/application_hello-world.a
LOAD /home/ek-181/RIOT/examples/hello-world/bin/unwd-range-l1-r3/auto_init.a
LOAD /home/ek-181/RIOT/examples/hello-world/bin/unwd-range-l1-r3/board.a
LOAD /home/ek-181/RIOT/examples/hello-world/bin/unwd-range-l1-r3/boards_common_unwd.a
LOAD /home/ek-181/RIOT/examples/hello-world/bin/unwd-range-l1-r3/core.a
LOAD /home/ek-181/RIOT/examples/hello-world/bin/unwd-range-l1-r3/cortexm_common.a
LOAD /home/ek-181/RIOT/examples/hello-world/bin/unwd-range-l1-r3/cortexm_common_periph.a
LOAD /home/ek-181/RIOT/examples/hello-world/bin/unwd-range-l1-r3/cpu.a
LOAD /home/ek-181/RIOT/examples/hello-world/bin/unwd-range-l1-r3/isrpipe.a
LOAD /home/ek-181/RIOT/examples/hello-world/bin/unwd-range-l1-r3/newlib_syscalls_default.a
LOAD /home/ek-181/RIOT/examples/hello-world/bin/unwd-range-l1-r3/periph.a
LOAD /home/ek-181/RIOT/examples/hello-world/bin/unwd-range-l1-r3/pm_layered.a
LOAD /home/ek-181/RIOT/examples/hello-world/bin/unwd-range-l1-r3/stm32_common.a
LOAD /home/ek-181/RIOT/examples/hello-world/bin/unwd-range-l1-r3/stm32_common_periph.a
LOAD /home/ek-181/RIOT/examples/hello-world/bin/unwd-range-l1-r3/sys.a
LOAD /home/ek-181/RIOT/examples/hello-world/bin/unwd-range-l1-r3/tsrb.a
LOAD /home/ek-181/RIOT/examples/hello-world/bin/unwd-range-l1-r3/uart_stdio.a
LOAD /home/ek-181/RIOT/examples/hello-world/bin/unwd-range-l1-r3/periph_common.a
LOAD /usr/bin/../lib/gcc/arm-none-eabi/7.3.1/../../../../arm-none-eabi/lib/thumb/v7-m/libm.a
END GROUP
LOAD /usr/bin/../lib/gcc/arm-none-eabi/7.3.1/thumb/v7-m/libgcc.a
                0x0000000008000000                _rom_start_addr = 0x8000000
                0x0000000020000000                _ram_start_addr = 0x20000000
                0x0000000000080000                _rom_length = 0x80000
                0x0000000000014000                _ram_length = 0x14000
LOAD /usr/bin/../lib/gcc/arm-none-eabi/7.3.1/../../../../arm-none-eabi/lib/thumb/v7-m/libc_nano.a
START GROUP
LOAD /usr/bin/../lib/gcc/arm-none-eabi/7.3.1/thumb/v7-m/libgcc.a
LOAD /usr/bin/../lib/gcc/arm-none-eabi/7.3.1/../../../../arm-none-eabi/lib/thumb/v7-m/libg_nano.a
LOAD /usr/bin/../lib/gcc/arm-none-eabi/7.3.1/../../../../arm-none-eabi/lib/thumb/v7-m/libc_nano.a
END GROUP
START GROUP
LOAD /usr/bin/../lib/gcc/arm-none-eabi/7.3.1/thumb/v7-m/libgcc.a
LOAD /usr/bin/../lib/gcc/arm-none-eabi/7.3.1/../../../../arm-none-eabi/lib/thumb/v7-m/libc_nano.a
END GROUP
                0x0000000000000000                ccmram_length = DEFINED (ccmram_len)?ccmram_len:0x0
                0x0000000000000000                _boot_offset = DEFINED (_rom_offset)?_rom_offset:0x0

.text           0x0000000008000000     0x2ab8
                0x0000000008000000                . = ALIGN (0x4)
                0x0000000008000000                _sfixed = .
                0x0000000008000000                _isr_vectors = DEFINED (_isr_vectors)?_isr_vectors:.
 *(SORT_BY_NAME(.vectors*))
 .vectors.0     0x0000000008000000       0x40 /home/ek-181/RIOT/examples/hello-world/bin/unwd-range-l1-r3/cortexm_common.a(vectors_cortexm.o)
                0x0000000008000000                cortex_vector_base
 .vectors.1     0x0000000008000040       0xe4 /home/ek-181/RIOT/examples/hello-world/bin/unwd-range-l1-r3/cpu/vectors.o
                0x0000000008000040                vector_cpu
 *(.text .text.* .gnu.linkonce.t.*)
 .text.dummy_handler
                0x0000000008000124        0x4 /home/ek-181/RIOT/examples/hello-world/bin/unwd-range-l1-r3/cpu/vectors.o
                0x0000000008000124                isr_pvd
                0x0000000008000124                isr_rtc_wkup
                0x0000000008000124                isr_comp_acq
                0x0000000008000124                isr_tim10
                0x0000000008000124                isr_dac
                0x0000000008000124                isr_dma2_ch5
                0x0000000008000124                isr_dma1_ch2
                0x0000000008000124                isr_tim7
                0x0000000008000124                isr_tim5
                0x0000000008000124                isr_i2c1_ev
                0x0000000008000124                isr_dma1_ch7
                0x0000000008000124                isr_tim4
                0x0000000008000124                isr_dma1_ch3
                0x0000000008000124                isr_dma2_ch3
                0x0000000008000124                isr_tim2
                0x0000000008000124                isr_sdio
                0x0000000008000124                isr_spi2
                0x0000000008000124                dummy_handler
                0x0000000008000124                isr_usb_hp
                0x0000000008000124                isr_aes
                0x0000000008000124                isr_dma2_ch4
                0x0000000008000124                isr_dma1_ch1
                0x0000000008000124                isr_tim9
                0x0000000008000124                isr_comp
                0x0000000008000124                isr_dma1_ch6
                0x0000000008000124                isr_spi1
                0x0000000008000124                isr_tim6
                0x0000000008000124                isr_usb_lp
                0x0000000008000124                isr_rcc
                0x0000000008000124                isr_flash
                0x0000000008000124                isr_uart5
                0x0000000008000124                isr_dma2_ch2
                0x0000000008000124                isr_adc1
                0x0000000008000124                isr_uart4
                0x0000000008000124                isr_i2c2_er
                0x0000000008000124                isr_usb_fs_wkup
                0x0000000008000124                isr_dma2_ch1
                0x0000000008000124                isr_tim11
                0x0000000008000124                isr_spi3
                0x0000000008000124                isr_lcd
                0x0000000008000124                isr_tim3
                0x0000000008000124                isr_dma1_ch5
                0x0000000008000124                isr_dma1_ch4
                0x0000000008000124                isr_i2c2_ev
                0x0000000008000124                isr_tamper_stamp
                0x0000000008000124                isr_i2c1_er
                0x0000000008000124                isr_wwdg
 .text._init    0x0000000008000128        0x4 /home/ek-181/RIOT/examples/hello-world/bin/unwd-range-l1-r3/newlib_syscalls_default/syscalls.o
                0x0000000008000128                _init
 .text._fini    0x000000000800012c        0x2 /home/ek-181/RIOT/examples/hello-world/bin/unwd-range-l1-r3/newlib_syscalls_default/syscalls.o
                0x000000000800012c                _fini
 *fill*         0x000000000800012e        0x2 
 .text._sbrk_r  0x0000000008000130       0x3c /home/ek-181/RIOT/examples/hello-world/bin/unwd-range-l1-r3/newlib_syscalls_default/syscalls.o
                0x0000000008000130                _sbrk_r
 .text._read_r  0x000000000800016c        0x8 /home/ek-181/RIOT/examples/hello-world/bin/unwd-range-l1-r3/newlib_syscalls_default/syscalls.o
                0x000000000800016c                _read_r
 .text._write_r
                0x0000000008000174        0x8 /home/ek-181/RIOT/examples/hello-world/bin/unwd-range-l1-r3/newlib_syscalls_default/syscalls.o
                0x0000000008000174                _write_r
 .text._close_r
                0x000000000800017c        0xa /home/ek-181/RIOT/examples/hello-world/bin/unwd-range-l1-r3/newlib_syscalls_default/syscalls.o
                0x000000000800017c                _close_r
 .text._lseek_r
                0x0000000008000186        0xa /home/ek-181/RIOT/examples/hello-world/bin/unwd-range-l1-r3/newlib_syscalls_default/syscalls.o
                0x0000000008000186                _lseek_r
 .text._fstat_r
                0x0000000008000190        0xa /home/ek-181/RIOT/examples/hello-world/bin/unwd-range-l1-r3/newlib_syscalls_default/syscalls.o
                0x0000000008000190                _fstat_r
 .text._isatty_r
                0x000000000800019a        0xe /home/ek-181/RIOT/examples/hello-world/bin/unwd-range-l1-r3/newlib_syscalls_default/syscalls.o
                0x000000000800019a                _isatty_r
 .text.sched_run
                0x00000000080001a8       0x64 /home/ek-181/RIOT/examples/hello-world/bin/unwd-range-l1-r3/core.a(sched.o)
                0x00000000080001a8                sched_run
 .text.sched_set_status
                0x000000000800020c       0x80 /home/ek-181/RIOT/examples/hello-world/bin/unwd-range-l1-r3/core.a(sched.o)
                0x000000000800020c                sched_set_status
 .text.sched_switch
                0x000000000800028c       0x30 /home/ek-181/RIOT/examples/hello-world/bin/unwd-range-l1-r3/core.a(sched.o)
                0x000000000800028c                sched_switch
 .text.sched_task_exit
                0x00000000080002bc       0x3c /home/ek-181/RIOT/examples/hello-world/bin/unwd-range-l1-r3/core.a(sched.o)
                0x00000000080002bc                sched_task_exit
 .text.thread_stack_init
                0x00000000080002f8       0x64 /home/ek-181/RIOT/examples/hello-world/bin/unwd-range-l1-r3/cortexm_common.a(thread_arch.o)
                0x00000000080002f8                thread_stack_init
 .text.cpu_switch_context_exit
                0x000000000800035c        0x8 /home/ek-181/RIOT/examples/hello-world/bin/unwd-range-l1-r3/cortexm_common.a(thread_arch.o)
                0x000000000800035c                cpu_switch_context_exit
 .text.thread_yield_higher
                0x0000000008000364       0x10 /home/ek-181/RIOT/examples/hello-world/bin/unwd-range-l1-r3/cortexm_common.a(thread_arch.o)
                0x0000000008000364                thread_yield_higher
 .text.isr_pendsv
                0x0000000008000374       0x1c /home/ek-181/RIOT/examples/hello-world/bin/unwd-range-l1-r3/cortexm_common.a(thread_arch.o)
                0x0000000008000374                isr_pendsv
 .text.isr_svc  0x0000000008000390       0x1c /home/ek-181/RIOT/examples/hello-world/bin/unwd-range-l1-r3/cortexm_common.a(thread_arch.o)
                0x0000000008000390                isr_svc
 .text.hard_fault_default
                0x00000000080003ac       0x44 /home/ek-181/RIOT/examples/hello-world/bin/unwd-range-l1-r3/cortexm_common.a(vectors_cortexm.o)
                0x00000000080003ac                hard_fault_default
 .text.nmi_default
                0x00000000080003f0       0x10 /home/ek-181/RIOT/examples/hello-world/bin/unwd-range-l1-r3/cortexm_common.a(vectors_cortexm.o)
                0x00000000080003f0                nmi_default
 .text.mem_manage_default
                0x0000000008000400       0x10 /home/ek-181/RIOT/examples/hello-world/bin/unwd-range-l1-r3/cortexm_common.a(vectors_cortexm.o)
                0x0000000008000400                mem_manage_default
 .text.bus_fault_default
                0x0000000008000410       0x10 /home/ek-181/RIOT/examples/hello-world/bin/unwd-range-l1-r3/cortexm_common.a(vectors_cortexm.o)
                0x0000000008000410                bus_fault_default
 .text.usage_fault_default
                0x0000000008000420       0x10 /home/ek-181/RIOT/examples/hello-world/bin/unwd-range-l1-r3/cortexm_common.a(vectors_cortexm.o)
                0x0000000008000420                usage_fault_default
 .text.debug_mon_default
                0x0000000008000430       0x10 /home/ek-181/RIOT/examples/hello-world/bin/unwd-range-l1-r3/cortexm_common.a(vectors_cortexm.o)
                0x0000000008000430                debug_mon_default
 .text.dummy_handler_default
                0x0000000008000440       0x10 /home/ek-181/RIOT/examples/hello-world/bin/unwd-range-l1-r3/cortexm_common.a(vectors_cortexm.o)
                0x0000000008000440                dummy_handler_default
                0x0000000008000440                isr_systick
 .text.pre_startup
                0x0000000008000450        0x2 /home/ek-181/RIOT/examples/hello-world/bin/unwd-range-l1-r3/cortexm_common.a(vectors_cortexm.o)
                0x0000000008000450                pre_startup
 .text.post_startup
                0x0000000008000452        0x2 /home/ek-181/RIOT/examples/hello-world/bin/unwd-range-l1-r3/cortexm_common.a(vectors_cortexm.o)
                0x0000000008000452                post_startup
 .text.reset_handler_default
                0x0000000008000454       0x6c /home/ek-181/RIOT/examples/hello-world/bin/unwd-range-l1-r3/cortexm_common.a(vectors_cortexm.o)
                0x0000000008000454                reset_handler_default
 .text.hard_fault_handler
                0x00000000080004c0      0x188 /home/ek-181/RIOT/examples/hello-world/bin/unwd-range-l1-r3/cortexm_common.a(vectors_cortexm.o)
                0x00000000080004c0                hard_fault_handler
 .text.irq_disable
                0x0000000008000648        0x8 /home/ek-181/RIOT/examples/hello-world/bin/unwd-range-l1-r3/cortexm_common.a(irq_arch.o)
                0x0000000008000648                irq_disable
 .text.irq_enable
                0x0000000008000650        0x8 /home/ek-181/RIOT/examples/hello-world/bin/unwd-range-l1-r3/cortexm_common.a(irq_arch.o)
                0x0000000008000650                irq_enable
 .text.irq_restore
                0x0000000008000658        0x6 /home/ek-181/RIOT/examples/hello-world/bin/unwd-range-l1-r3/cortexm_common.a(irq_arch.o)
                0x0000000008000658                irq_restore
 .text.irq_is_in
                0x000000000800065e        0x8 /home/ek-181/RIOT/examples/hello-world/bin/unwd-range-l1-r3/cortexm_common.a(irq_arch.o)
                0x000000000800065e                irq_is_in
 *fill*         0x0000000008000666        0x2 
 .text.cortexm_sleep.constprop.0
                0x0000000008000668       0x24 /home/ek-181/RIOT/examples/hello-world/bin/unwd-range-l1-r3/stm32_common_periph.a(pm.o)
 .text.pm_set   0x000000000800068c       0x64 /home/ek-181/RIOT/examples/hello-world/bin/unwd-range-l1-r3/stm32_common_periph.a(pm.o)
                0x000000000800068c                pm_set
 .text.pm_off   0x00000000080006f0       0x14 /home/ek-181/RIOT/examples/hello-world/bin/unwd-range-l1-r3/stm32_common_periph.a(pm.o)
                0x00000000080006f0                pm_off
 .text.uart_stdio_init
                0x0000000008000704       0x18 /home/ek-181/RIOT/examples/hello-world/bin/unwd-range-l1-r3/uart_stdio.a(uart_stdio.o)
                0x0000000008000704                uart_stdio_init
 .text.uart_stdio_read
                0x000000000800071c       0x10 /home/ek-181/RIOT/examples/hello-world/bin/unwd-range-l1-r3/uart_stdio.a(uart_stdio.o)
                0x000000000800071c                uart_stdio_read
 .text.uart_stdio_write
                0x000000000800072c       0x12 /home/ek-181/RIOT/examples/hello-world/bin/unwd-range-l1-r3/uart_stdio.a(uart_stdio.o)
                0x000000000800072c                uart_stdio_write
 *fill*         0x000000000800073e        0x2 
 .text.board_init
                0x0000000008000740       0x18 /home/ek-181/RIOT/examples/hello-world/bin/unwd-range-l1-r3/boards_common_unwd.a(board.o)
                0x0000000008000740                board_init
 .text.panic_arch
                0x0000000008000758        0x2 /home/ek-181/RIOT/examples/hello-world/bin/unwd-range-l1-r3/core.a(panic.o)
                0x0000000008000758                panic_arch
 *fill*         0x000000000800075a        0x2 
 .text.core_panic
                0x000000000800075c       0x44 /home/ek-181/RIOT/examples/hello-world/bin/unwd-range-l1-r3/core.a(panic.o)
                0x000000000800075c                core_panic
 .text.main_trampoline
                0x00000000080007a0       0x18 /home/ek-181/RIOT/examples/hello-world/bin/unwd-range-l1-r3/core.a(kernel_init.o)
 .text.idle_thread
                0x00000000080007b8        0x8 /home/ek-181/RIOT/examples/hello-world/bin/unwd-range-l1-r3/core.a(kernel_init.o)
 .text.kernel_init
                0x00000000080007c0       0x58 /home/ek-181/RIOT/examples/hello-world/bin/unwd-range-l1-r3/core.a(kernel_init.o)
                0x00000000080007c0                kernel_init
 .text.thread_add_to_list
                0x0000000008000818       0x30 /home/ek-181/RIOT/examples/hello-world/bin/unwd-range-l1-r3/core.a(thread.o)
                0x0000000008000818                thread_add_to_list
 .text.thread_create
                0x0000000008000848       0xec /home/ek-181/RIOT/examples/hello-world/bin/unwd-range-l1-r3/core.a(thread.o)
                0x0000000008000848                thread_create
 .text.isrpipe_write_one
                0x0000000008000934       0x16 /home/ek-181/RIOT/examples/hello-world/bin/unwd-range-l1-r3/isrpipe.a(isrpipe.o)
                0x0000000008000934                isrpipe_write_one
 .text.isrpipe_read
                0x000000000800094a       0x24 /home/ek-181/RIOT/examples/hello-world/bin/unwd-range-l1-r3/isrpipe.a(isrpipe.o)
                0x000000000800094a                isrpipe_read
 *fill*         0x000000000800096e        0x2 
 .text.pm_set_lowest
                0x0000000008000970       0x40 /home/ek-181/RIOT/examples/hello-world/bin/unwd-range-l1-r3/pm_layered.a(pm.o)
                0x0000000008000970                pm_set_lowest
 .text.cpu_init
                0x00000000080009b0       0x44 /home/ek-181/RIOT/examples/hello-world/bin/unwd-range-l1-r3/stm32_common.a(cpu_init.o)
                0x00000000080009b0                cpu_init
 .text.stmclk_init_sysclk
                0x00000000080009f4      0x180 /home/ek-181/RIOT/examples/hello-world/bin/unwd-range-l1-r3/stm32_common.a(stmclk_l0l1.o)
                0x00000000080009f4                stmclk_init_sysclk
 .text.periph_apb_clk
                0x0000000008000b74        0xc /home/ek-181/RIOT/examples/hello-world/bin/unwd-range-l1-r3/stm32_common.a(cpu_common.o)
                0x0000000008000b74                periph_apb_clk
 .text.periph_clk_en
                0x0000000008000b80       0x34 /home/ek-181/RIOT/examples/hello-world/bin/unwd-range-l1-r3/stm32_common.a(cpu_common.o)
                0x0000000008000b80                periph_clk_en
 .text.periph_clk_dis
                0x0000000008000bb4       0x34 /home/ek-181/RIOT/examples/hello-world/bin/unwd-range-l1-r3/stm32_common.a(cpu_common.o)
                0x0000000008000bb4                periph_clk_dis
 .text.cpu_init_status
                0x0000000008000be8      0x178 /home/ek-181/RIOT/examples/hello-world/bin/unwd-range-l1-r3/stm32_common.a(stm_status.o)
                0x0000000008000be8                cpu_init_status
 .text.irq_handler
                0x0000000008000d60       0x48 /home/ek-181/RIOT/examples/hello-world/bin/unwd-range-l1-r3/stm32_common_periph.a(uart.o)
 .text.uart_set_baudrate
                0x0000000008000da8       0x84 /home/ek-181/RIOT/examples/hello-world/bin/unwd-range-l1-r3/stm32_common_periph.a(uart.o)
                0x0000000008000da8                uart_set_baudrate
 .text.uart_write
                0x0000000008000e2c       0x3c /home/ek-181/RIOT/examples/hello-world/bin/unwd-range-l1-r3/stm32_common_periph.a(uart.o)
                0x0000000008000e2c                uart_write
 .text.uart_poweron
                0x0000000008000e68       0x2c /home/ek-181/RIOT/examples/hello-world/bin/unwd-range-l1-r3/stm32_common_periph.a(uart.o)
                0x0000000008000e68                uart_poweron
 .text.uart_init_ext
                0x0000000008000e94      0x128 /home/ek-181/RIOT/examples/hello-world/bin/unwd-range-l1-r3/stm32_common_periph.a(uart.o)
                0x0000000008000e94                uart_init_ext
 .text.uart_init
                0x0000000008000fbc       0x1c /home/ek-181/RIOT/examples/hello-world/bin/unwd-range-l1-r3/stm32_common_periph.a(uart.o)
                0x0000000008000fbc                uart_init
 .text.isr_usart1
                0x0000000008000fd8        0x6 /home/ek-181/RIOT/examples/hello-world/bin/unwd-range-l1-r3/stm32_common_periph.a(uart.o)
                0x0000000008000fd8                isr_usart1
 .text.isr_usart2
                0x0000000008000fde        0x6 /home/ek-181/RIOT/examples/hello-world/bin/unwd-range-l1-r3/stm32_common_periph.a(uart.o)
                0x0000000008000fde                isr_usart2
 .text.isr_usart3
                0x0000000008000fe4        0x6 /home/ek-181/RIOT/examples/hello-world/bin/unwd-range-l1-r3/stm32_common_periph.a(uart.o)
                0x0000000008000fe4                isr_usart3
 .text.gpio_init
                0x0000000008000fea       0x7a /home/ek-181/RIOT/examples/hello-world/bin/unwd-range-l1-r3/stm32_common_periph.a(gpio.o)
                0x0000000008000fea                gpio_init
 .text.gpio_init_af
                0x0000000008001064       0x48 /home/ek-181/RIOT/examples/hello-world/bin/unwd-range-l1-r3/stm32_common_periph.a(gpio.o)
                0x0000000008001064                gpio_init_af
 .text.gpio_set
                0x00000000080010ac       0x16 /home/ek-181/RIOT/examples/hello-world/bin/unwd-range-l1-r3/stm32_common_periph.a(gpio.o)
                0x00000000080010ac                gpio_set
 *fill*         0x00000000080010c2        0x2 
 .text.isr_exti
                0x00000000080010c4       0x50 /home/ek-181/RIOT/examples/hello-world/bin/unwd-range-l1-r3/stm32_common_periph.a(gpio.o)
                0x00000000080010c4                isr_exti
 .text.tsrb_get
                0x0000000008001114       0x2a /home/ek-181/RIOT/examples/hello-world/bin/unwd-range-l1-r3/tsrb.a(tsrb.o)
                0x0000000008001114                tsrb_get
 .text.tsrb_add_one
                0x000000000800113e       0x26 /home/ek-181/RIOT/examples/hello-world/bin/unwd-range-l1-r3/tsrb.a(tsrb.o)
                0x000000000800113e                tsrb_add_one
 .text.periph_init
                0x0000000008001164        0x4 /home/ek-181/RIOT/examples/hello-world/bin/unwd-range-l1-r3/periph_common.a(init.o)
                0x0000000008001164                periph_init
 .text.startup.main
                0x0000000008001168       0x30 /home/ek-181/RIOT/examples/hello-world/bin/unwd-range-l1-r3/application_hello-world.a(main.o)
                0x0000000008001168                main
 .text.auto_init
                0x0000000008001198        0x2 /home/ek-181/RIOT/examples/hello-world/bin/unwd-range-l1-r3/auto_init.a(auto_init.o)
                0x0000000008001198                auto_init
 *fill*         0x000000000800119a        0x2 
 .text._mutex_lock
                0x000000000800119c       0x60 /home/ek-181/RIOT/examples/hello-world/bin/unwd-range-l1-r3/core.a(mutex.o)
                0x000000000800119c                _mutex_lock
 .text.mutex_unlock
                0x00000000080011fc       0x4c /home/ek-181/RIOT/examples/hello-world/bin/unwd-range-l1-r3/core.a(mutex.o)
                0x00000000080011fc                mutex_unlock
 .text.cortexm_init
                0x0000000008001248       0x40 /home/ek-181/RIOT/examples/hello-world/bin/unwd-range-l1-r3/cortexm_common.a(cortexm_init.o)
                0x0000000008001248                cortexm_init
 .text.cpu_check_address
                0x0000000008001288       0x38 /home/ek-181/RIOT/examples/hello-world/bin/unwd-range-l1-r3/cortexm_common.a(cortexm_init.o)
                0x0000000008001288                cpu_check_address
 .text.cpu_find_memory_size
                0x00000000080012c0       0x1e /home/ek-181/RIOT/examples/hello-world/bin/unwd-range-l1-r3/cortexm_common.a(cortexm_init.o)
                0x00000000080012c0                cpu_find_memory_size
 *fill*         0x00000000080012de        0x2 
 .text.rtc_unlock
                0x00000000080012e0       0x10 /home/ek-181/RIOT/examples/hello-world/bin/unwd-range-l1-r3/stm32_common_periph.a(rtc.o)
 .text.rtc_init
                0x00000000080012f0       0xa0 /home/ek-181/RIOT/examples/hello-world/bin/unwd-range-l1-r3/stm32_common_periph.a(rtc.o)
                0x00000000080012f0                rtc_init
 .text.isr_rtc_alarm
                0x0000000008001390       0x90 /home/ek-181/RIOT/examples/hello-world/bin/unwd-range-l1-r3/stm32_common_periph.a(rtc.o)
                0x0000000008001390                isr_rtc_alarm
 .text.stmclk_dbp_unlock
                0x0000000008001420       0x10 /home/ek-181/RIOT/examples/hello-world/bin/unwd-range-l1-r3/stm32_common.a(stmclk_common.o)
                0x0000000008001420                stmclk_dbp_unlock
 .text.stmclk_dbp_lock
                0x0000000008001430       0x10 /home/ek-181/RIOT/examples/hello-world/bin/unwd-range-l1-r3/stm32_common.a(stmclk_common.o)
                0x0000000008001430                stmclk_dbp_lock
 .text.stmclk_enable_lfclk
                0x0000000008001440       0x24 /home/ek-181/RIOT/examples/hello-world/bin/unwd-range-l1-r3/stm32_common.a(stmclk_common.o)
                0x0000000008001440                stmclk_enable_lfclk
 .text.__libc_init_array
                0x0000000008001464       0x48 /usr/bin/../lib/gcc/arm-none-eabi/7.3.1/../../../../arm-none-eabi/lib/thumb/v7-m/libc_nano.a(lib_a-init.o)
                0x0000000008001464                __libc_init_array
 .text.printf   0x00000000080014ac       0x30 /usr/bin/../lib/gcc/arm-none-eabi/7.3.1/../../../../arm-none-eabi/lib/thumb/v7-m/libc_nano.a(lib_a-printf.o)
                0x00000000080014ac                printf
                0x00000000080014ac                iprintf
 .text._puts_r  0x00000000080014dc       0xb8 /usr/bin/../lib/gcc/arm-none-eabi/7.3.1/../../../../arm-none-eabi/lib/thumb/v7-m/libc_nano.a(lib_a-puts.o)
                0x00000000080014dc                _puts_r
 .text.puts     0x0000000008001594       0x10 /usr/bin/../lib/gcc/arm-none-eabi/7.3.1/../../../../arm-none-eabi/lib/thumb/v7-m/libc_nano.a(lib_a-puts.o)
                0x0000000008001594                puts
 .text.snprintf
                0x00000000080015a4       0x68 /usr/bin/../lib/gcc/arm-none-eabi/7.3.1/../../../../arm-none-eabi/lib/thumb/v7-m/libc_nano.a(lib_a-snprintf.o)
                0x00000000080015a4                snprintf
                0x00000000080015a4                sniprintf
 .text.strncpy  0x000000000800160c       0x2a /usr/bin/../lib/gcc/arm-none-eabi/7.3.1/../../../../arm-none-eabi/lib/thumb/v7-m/libc_nano.a(lib_a-strncpy.o)
                0x000000000800160c                strncpy
 *fill*         0x0000000008001636        0x2 
 .text.__swbuf_r
                0x0000000008001638       0xa4 /usr/bin/../lib/gcc/arm-none-eabi/7.3.1/../../../../arm-none-eabi/lib/thumb/v7-m/libc_nano.a(lib_a-wbuf.o)
                0x0000000008001638                __swbuf_r
 .text.__swsetup_r
                0x00000000080016dc       0xdc /usr/bin/../lib/gcc/arm-none-eabi/7.3.1/../../../../arm-none-eabi/lib/thumb/v7-m/libc_nano.a(lib_a-wsetup.o)
                0x00000000080016dc                __swsetup_r
 .text.__sflush_r
                0x00000000080017b8      0x10c /usr/bin/../lib/gcc/arm-none-eabi/7.3.1/../../../../arm-none-eabi/lib/thumb/v7-m/libc_nano.a(lib_a-fflush.o)
                0x00000000080017b8                __sflush_r
 .text._fflush_r
                0x00000000080018c4       0x54 /usr/bin/../lib/gcc/arm-none-eabi/7.3.1/../../../../arm-none-eabi/lib/thumb/v7-m/libc_nano.a(lib_a-fflush.o)
                0x00000000080018c4                _fflush_r
 .text.std      0x0000000008001918       0x48 /usr/bin/../lib/gcc/arm-none-eabi/7.3.1/../../../../arm-none-eabi/lib/thumb/v7-m/libc_nano.a(lib_a-findfp.o)
 .text._cleanup_r
                0x0000000008001960        0xc /usr/bin/../lib/gcc/arm-none-eabi/7.3.1/../../../../arm-none-eabi/lib/thumb/v7-m/libc_nano.a(lib_a-findfp.o)
                0x0000000008001960                _cleanup_r
 .text.__sfmoreglue
                0x000000000800196c       0x2c /usr/bin/../lib/gcc/arm-none-eabi/7.3.1/../../../../arm-none-eabi/lib/thumb/v7-m/libc_nano.a(lib_a-findfp.o)
                0x000000000800196c                __sfmoreglue
 .text.__sinit  0x0000000008001998       0x60 /usr/bin/../lib/gcc/arm-none-eabi/7.3.1/../../../../arm-none-eabi/lib/thumb/v7-m/libc_nano.a(lib_a-findfp.o)
                0x0000000008001998                __sinit
 .text.__sfp    0x00000000080019f8       0x78 /usr/bin/../lib/gcc/arm-none-eabi/7.3.1/../../../../arm-none-eabi/lib/thumb/v7-m/libc_nano.a(lib_a-findfp.o)
                0x00000000080019f8                __sfp
 .text._fwalk_reent
                0x0000000008001a70       0x3c /usr/bin/../lib/gcc/arm-none-eabi/7.3.1/../../../../arm-none-eabi/lib/thumb/v7-m/libc_nano.a(lib_a-fwalk.o)
                0x0000000008001a70                _fwalk_reent
 .text.__swhatbuf_r
                0x0000000008001aac       0x48 /usr/bin/../lib/gcc/arm-none-eabi/7.3.1/../../../../arm-none-eabi/lib/thumb/v7-m/libc_nano.a(lib_a-makebuf.o)
                0x0000000008001aac                __swhatbuf_r
 .text.__smakebuf_r
                0x0000000008001af4       0x80 /usr/bin/../lib/gcc/arm-none-eabi/7.3.1/../../../../arm-none-eabi/lib/thumb/v7-m/libc_nano.a(lib_a-makebuf.o)
                0x0000000008001af4                __smakebuf_r
 .text.memset   0x0000000008001b74       0x10 /usr/bin/../lib/gcc/arm-none-eabi/7.3.1/../../../../arm-none-eabi/lib/thumb/v7-m/libc_nano.a(lib_a-memset.o)
                0x0000000008001b74                memset
 .text._free_r  0x0000000008001b84       0x98 /usr/bin/../lib/gcc/arm-none-eabi/7.3.1/../../../../arm-none-eabi/lib/thumb/v7-m/libc_nano.a(lib_a-nano-freer.o)
                0x0000000008001b84                _free_r
 .text._malloc_r
                0x0000000008001c1c       0xb4 /usr/bin/../lib/gcc/arm-none-eabi/7.3.1/../../../../arm-none-eabi/lib/thumb/v7-m/libc_nano.a(lib_a-nano-mallocr.o)
                0x0000000008001c1c                _malloc_r
 .text.__ssputs_r
                0x0000000008001cd0       0xb4 /usr/bin/../lib/gcc/arm-none-eabi/7.3.1/../../../../arm-none-eabi/lib/thumb/v7-m/libc_nano.a(lib_a-nano-svfprintf.o)
                0x0000000008001cd0                __ssputs_r
 .text._svfprintf_r
                0x0000000008001d84      0x1f0 /usr/bin/../lib/gcc/arm-none-eabi/7.3.1/../../../../arm-none-eabi/lib/thumb/v7-m/libc_nano.a(lib_a-nano-svfprintf.o)
                0x0000000008001d84                _svfprintf_r
                0x0000000008001d84                _svfiprintf_r
 .text.__sfputc_r
                0x0000000008001f74       0x2a /usr/bin/../lib/gcc/arm-none-eabi/7.3.1/../../../../arm-none-eabi/lib/thumb/v7-m/libc_nano.a(lib_a-nano-vfprintf.o)
 .text.__sfputs_r
                0x0000000008001f9e       0x24 /usr/bin/../lib/gcc/arm-none-eabi/7.3.1/../../../../arm-none-eabi/lib/thumb/v7-m/libc_nano.a(lib_a-nano-vfprintf.o)
                0x0000000008001f9e                __sfputs_r
 *fill*         0x0000000008001fc2        0x2 
 .text._vfprintf_r
                0x0000000008001fc4      0x22c /usr/bin/../lib/gcc/arm-none-eabi/7.3.1/../../../../arm-none-eabi/lib/thumb/v7-m/libc_nano.a(lib_a-nano-vfprintf.o)
                0x0000000008001fc4                _vfiprintf_r
                0x0000000008001fc4                _vfprintf_r
 .text._printf_common
                0x00000000080021f0       0xec /usr/bin/../lib/gcc/arm-none-eabi/7.3.1/../../../../arm-none-eabi/lib/thumb/v7-m/libc_nano.a(lib_a-nano-vfprintf_i.o)
                0x00000000080021f0                _printf_common
 .text._printf_i
                0x00000000080022dc      0x224 /usr/bin/../lib/gcc/arm-none-eabi/7.3.1/../../../../arm-none-eabi/lib/thumb/v7-m/libc_nano.a(lib_a-nano-vfprintf_i.o)
                0x00000000080022dc                _printf_i
 .text.__sread  0x0000000008002500       0x22 /usr/bin/../lib/gcc/arm-none-eabi/7.3.1/../../../../arm-none-eabi/lib/thumb/v7-m/libc_nano.a(lib_a-stdio.o)
                0x0000000008002500                __sread
 .text.__swrite
                0x0000000008002522       0x38 /usr/bin/../lib/gcc/arm-none-eabi/7.3.1/../../../../arm-none-eabi/lib/thumb/v7-m/libc_nano.a(lib_a-stdio.o)
                0x0000000008002522                __swrite
 .text.__sseek  0x000000000800255a       0x24 /usr/bin/../lib/gcc/arm-none-eabi/7.3.1/../../../../arm-none-eabi/lib/thumb/v7-m/libc_nano.a(lib_a-stdio.o)
                0x000000000800255a                __sseek
 .text.__sclose
                0x000000000800257e        0x8 /usr/bin/../lib/gcc/arm-none-eabi/7.3.1/../../../../arm-none-eabi/lib/thumb/v7-m/libc_nano.a(lib_a-stdio.o)
                0x000000000800257e                __sclose
 .text.memchr   0x0000000008002586       0x1c /usr/bin/../lib/gcc/arm-none-eabi/7.3.1/../../../../arm-none-eabi/lib/thumb/v7-m/libc_nano.a(lib_a-memchr-stub.o)
                0x0000000008002586                memchr
 .text.memcpy   0x00000000080025a2       0x16 /usr/bin/../lib/gcc/arm-none-eabi/7.3.1/../../../../arm-none-eabi/lib/thumb/v7-m/libc_nano.a(lib_a-memcpy-stub.o)
                0x00000000080025a2                memcpy
 .text.memmove  0x00000000080025b8       0x32 /usr/bin/../lib/gcc/arm-none-eabi/7.3.1/../../../../arm-none-eabi/lib/thumb/v7-m/libc_nano.a(lib_a-memmove.o)
                0x00000000080025b8                memmove
 .text.__malloc_lock
                0x00000000080025ea        0x2 /usr/bin/../lib/gcc/arm-none-eabi/7.3.1/../../../../arm-none-eabi/lib/thumb/v7-m/libc_nano.a(lib_a-mlock.o)
                0x00000000080025ea                __malloc_lock
 .text.__malloc_unlock
                0x00000000080025ec        0x2 /usr/bin/../lib/gcc/arm-none-eabi/7.3.1/../../../../arm-none-eabi/lib/thumb/v7-m/libc_nano.a(lib_a-mlock.o)
                0x00000000080025ec                __malloc_unlock
 .text._realloc_r
                0x00000000080025ee       0x4c /usr/bin/../lib/gcc/arm-none-eabi/7.3.1/../../../../arm-none-eabi/lib/thumb/v7-m/libc_nano.a(lib_a-nano-reallocr.o)
                0x00000000080025ee                _realloc_r
 .text._malloc_usable_size_r
                0x000000000800263a       0x10 /usr/bin/../lib/gcc/arm-none-eabi/7.3.1/../../../../arm-none-eabi/lib/thumb/v7-m/libc_nano.a(lib_a-nano-msizer.o)
                0x000000000800263a                _malloc_usable_size_r
 *(.glue_7t)
 .glue_7t       0x000000000800264a        0x0 linker stubs
 *(.glue_7)
 .glue_7        0x000000000800264a        0x0 linker stubs
 *(.rodata .rodata* .gnu.linkonce.r.*)
 .rodata.bus_fault_default.str1.1
                0x000000000800264a       0x12 /home/ek-181/RIOT/examples/hello-world/bin/unwd-range-l1-r3/cortexm_common.a(vectors_cortexm.o)
 .rodata.debug_mon_default.str1.1
                0x000000000800265c       0x12 /home/ek-181/RIOT/examples/hello-world/bin/unwd-range-l1-r3/cortexm_common.a(vectors_cortexm.o)
 .rodata.dummy_handler_default.str1.1
                0x000000000800266e        0xe /home/ek-181/RIOT/examples/hello-world/bin/unwd-range-l1-r3/cortexm_common.a(vectors_cortexm.o)
 .rodata.hard_fault_handler.str1.1
                0x000000000800267c      0x1f4 /home/ek-181/RIOT/examples/hello-world/bin/unwd-range-l1-r3/cortexm_common.a(vectors_cortexm.o)
 .rodata.mem_manage_default.str1.1
                0x0000000008002870       0x13 /home/ek-181/RIOT/examples/hello-world/bin/unwd-range-l1-r3/cortexm_common.a(vectors_cortexm.o)
 .rodata.nmi_default.str1.1
                0x0000000008002883        0xc /home/ek-181/RIOT/examples/hello-world/bin/unwd-range-l1-r3/cortexm_common.a(vectors_cortexm.o)
 .rodata.usage_fault_default.str1.1
                0x000000000800288f       0x14 /home/ek-181/RIOT/examples/hello-world/bin/unwd-range-l1-r3/cortexm_common.a(vectors_cortexm.o)
 .rodata.assert_crash_message
                0x00000000080028a3       0x12 /home/ek-181/RIOT/examples/hello-world/bin/unwd-range-l1-r3/core.a(panic.o)
                0x00000000080028a3                assert_crash_message
 .rodata.core_panic.str1.1
                0x00000000080028b5       0x2e /home/ek-181/RIOT/examples/hello-world/bin/unwd-range-l1-r3/core.a(panic.o)
 .rodata.main_trampoline.str1.1
                0x00000000080028e3       0x2a /home/ek-181/RIOT/examples/hello-world/bin/unwd-range-l1-r3/core.a(kernel_init.o)
 .rodata.str1.1
                0x000000000800290d        0xa /home/ek-181/RIOT/examples/hello-world/bin/unwd-range-l1-r3/core.a(kernel_init.o)
 .rodata.stmclk_init_sysclk.str1.1
                0x0000000008002917       0x10 /home/ek-181/RIOT/examples/hello-world/bin/unwd-range-l1-r3/stm32_common.a(stmclk_l0l1.o)
 .rodata.CSWTCH.1
                0x0000000008002927       0x22 /home/ek-181/RIOT/examples/hello-world/bin/unwd-range-l1-r3/stm32_common.a(stm_status.o)
 .rodata.cpu_init_status.str1.1
                0x0000000008002949       0x1e /home/ek-181/RIOT/examples/hello-world/bin/unwd-range-l1-r3/stm32_common.a(stm_status.o)
 *fill*         0x0000000008002967        0x1 
 .rodata.uart_config
                0x0000000008002968       0x48 /home/ek-181/RIOT/examples/hello-world/bin/unwd-range-l1-r3/stm32_common_periph.a(uart.o)
 .rodata.main.str1.1
                0x00000000080029b0       0x70 /home/ek-181/RIOT/examples/hello-world/bin/unwd-range-l1-r3/application_hello-world.a(main.o)
 .rodata._global_impure_ptr
                0x0000000008002a20        0x4 /usr/bin/../lib/gcc/arm-none-eabi/7.3.1/../../../../arm-none-eabi/lib/thumb/v7-m/libc_nano.a(lib_a-impure.o)
                0x0000000008002a20                _global_impure_ptr
 .rodata.__sf_fake_stderr
                0x0000000008002a24       0x20 /usr/bin/../lib/gcc/arm-none-eabi/7.3.1/../../../../arm-none-eabi/lib/thumb/v7-m/libc_nano.a(lib_a-findfp.o)
                0x0000000008002a24                __sf_fake_stderr
 .rodata.__sf_fake_stdin
                0x0000000008002a44       0x20 /usr/bin/../lib/gcc/arm-none-eabi/7.3.1/../../../../arm-none-eabi/lib/thumb/v7-m/libc_nano.a(lib_a-findfp.o)
                0x0000000008002a44                __sf_fake_stdin
 .rodata.__sf_fake_stdout
                0x0000000008002a64       0x20 /usr/bin/../lib/gcc/arm-none-eabi/7.3.1/../../../../arm-none-eabi/lib/thumb/v7-m/libc_nano.a(lib_a-findfp.o)
                0x0000000008002a64                __sf_fake_stdout
 .rodata._svfprintf_r.str1.1
                0x0000000008002a84       0x11 /usr/bin/../lib/gcc/arm-none-eabi/7.3.1/../../../../arm-none-eabi/lib/thumb/v7-m/libc_nano.a(lib_a-nano-svfprintf.o)
 .rodata._vfprintf_r.str1.1
                0x0000000008002a95       0x11 /usr/bin/../lib/gcc/arm-none-eabi/7.3.1/../../../../arm-none-eabi/lib/thumb/v7-m/libc_nano.a(lib_a-nano-vfprintf.o)
 .rodata._printf_i.str1.1
                0x0000000008002a95       0x22 /usr/bin/../lib/gcc/arm-none-eabi/7.3.1/../../../../arm-none-eabi/lib/thumb/v7-m/libc_nano.a(lib_a-nano-vfprintf_i.o)
 *(.ARM.extab* .gnu.linkonce.armextab.*)
                0x0000000008002ab8                . = ALIGN (0x4)
 *fill*         0x0000000008002ab7        0x1 
 *(.init)
                0x0000000008002ab8                . = ALIGN (0x4)
                0x0000000008002ab8                __preinit_array_start = .
 *(.preinit_array)
                0x0000000008002ab8                __preinit_array_end = .
                0x0000000008002ab8                . = ALIGN (0x4)
                0x0000000008002ab8                __init_array_start = .
 *(SORT_BY_NAME(.init_array.*))
 *(.init_array)
                0x0000000008002ab8                __init_array_end = .
                0x0000000008002ab8                . = ALIGN (0x4)
 *crtbegin.o(.ctors)
 *(EXCLUDE_FILE(*crtend.o) .ctors)
 *(SORT_BY_NAME(.ctors.*))
 *crtend.o(.ctors)
                0x0000000008002ab8                . = ALIGN (0x4)
 *(.fini)
                0x0000000008002ab8                . = ALIGN (0x4)
                0x0000000008002ab8                __fini_array_start = .
 *(.fini_array)
 *(SORT_BY_NAME(.fini_array.*))
                0x0000000008002ab8                __fini_array_end = .
 *crtbegin.o(.dtors)
 *(EXCLUDE_FILE(*crtend.o) .dtors)
 *(SORT_BY_NAME(.dtors.*))
 *crtend.o(.dtors)
                0x0000000008002ab8                . = ALIGN (0x4)
                0x0000000008002ab8                _efixed = .
                [!provide]                        PROVIDE (__exidx_start = .)

.vfp11_veneer   0x0000000008002ab8        0x0
 .vfp11_veneer  0x0000000008002ab8        0x0 linker stubs

.v4_bx          0x0000000008002ab8        0x0
 .v4_bx         0x0000000008002ab8        0x0 linker stubs

.iplt           0x0000000008002ab8        0x0
 .iplt          0x0000000008002ab8        0x0 /home/ek-181/RIOT/examples/hello-world/bin/unwd-range-l1-r3/cpu/vectors.o

.igot.plt       0x0000000008002ab8        0x0
 .igot.plt      0x0000000008002ab8        0x0 /home/ek-181/RIOT/examples/hello-world/bin/unwd-range-l1-r3/cpu/vectors.o

.rel.dyn        0x0000000008002ab8        0x0
 .rel.iplt      0x0000000008002ab8        0x0 /home/ek-181/RIOT/examples/hello-world/bin/unwd-range-l1-r3/cpu/vectors.o

.ARM.exidx
 *(.ARM.exidx* .gnu.linkonce.armexidx.*)
                [!provide]                        PROVIDE (__exidx_end = .)
                0x0000000008002ab8                . = ALIGN (0x4)

.eh_frame
 *(.eh_frame)
                0x0000000008002ab8                . = ALIGN (0x4)
                0x0000000008002ab8                _etext = .

.stack          0x0000000020000000      0x200
 *(.puf)
                0x0000000020000000                . = ALIGN (0x8)
                0x0000000020000000                _sstack = .
 *(.isr_stack)
 .isr_stack     0x0000000020000000      0x200 /home/ek-181/RIOT/examples/hello-world/bin/unwd-range-l1-r3/cortexm_common.a(vectors_cortexm.o)
                0x0000000020000000                isr_stack
                0x0000000020000200                . = ALIGN (0x8)
                0x0000000020000200                _estack = .

.relocate       0x0000000020000200       0x8c load address 0x0000000008002ab8
                0x0000000020000200                . = ALIGN (0x4)
                0x0000000020000200                _srelocate = .
 *(.ramfunc .ramfunc.*)
 *(.data .data.*)
 .data.heap_top
                0x0000000020000200        0x4 /home/ek-181/RIOT/examples/hello-world/bin/unwd-range-l1-r3/newlib_syscalls_default/syscalls.o
                0x0000000020000200                heap_top
 .data.uart_stdio_isrpipe
                0x0000000020000204       0x14 /home/ek-181/RIOT/examples/hello-world/bin/unwd-range-l1-r3/uart_stdio.a(uart_stdio.o)
                0x0000000020000204                uart_stdio_isrpipe
 .data.idle_name
                0x0000000020000218        0x4 /home/ek-181/RIOT/examples/hello-world/bin/unwd-range-l1-r3/core.a(kernel_init.o)
                0x0000000020000218                idle_name
 .data.main_name
                0x000000002000021c        0x4 /home/ek-181/RIOT/examples/hello-world/bin/unwd-range-l1-r3/core.a(kernel_init.o)
                0x000000002000021c                main_name
 .data.pm_blocker
                0x0000000020000220        0x4 /home/ek-181/RIOT/examples/hello-world/bin/unwd-range-l1-r3/pm_layered.a(pm.o)
                0x0000000020000220                pm_blocker
 .data._impure_ptr
                0x0000000020000224        0x4 /usr/bin/../lib/gcc/arm-none-eabi/7.3.1/../../../../arm-none-eabi/lib/thumb/v7-m/libc_nano.a(lib_a-impure.o)
                0x0000000020000224                _impure_ptr
 .data.impure_data
                0x0000000020000228       0x60 /usr/bin/../lib/gcc/arm-none-eabi/7.3.1/../../../../arm-none-eabi/lib/thumb/v7-m/libc_nano.a(lib_a-impure.o)
 *(.openocd .openocd.*)
 .openocd       0x0000000020000288        0x2 /home/ek-181/RIOT/examples/hello-world/bin/unwd-range-l1-r3/core.a(sched.o)
                0x0000000020000288                _tcb_name_offset
                0x0000000020000289                max_threads
                0x000000002000028c                . = ALIGN (0x4)
 *fill*         0x000000002000028a        0x2 
                0x000000002000028c                _erelocate = .

.bss            0x000000002000028c      0xf2c load address 0x0000000008002b44
                0x000000002000028c                . = ALIGN (0x4)
                0x000000002000028c                _sbss = .
                0x000000002000028c                _szero = .
 *(.bss .bss.*)
 .bss.runqueue_bitcache
                0x000000002000028c        0x4 /home/ek-181/RIOT/examples/hello-world/bin/unwd-range-l1-r3/core.a(sched.o)
 .bss.sched_active_pid
                0x0000000020000290        0x2 /home/ek-181/RIOT/examples/hello-world/bin/unwd-range-l1-r3/core.a(sched.o)
                0x0000000020000290                sched_active_pid
 *fill*         0x0000000020000292        0x2 
 .bss.sched_active_thread
                0x0000000020000294        0x4 /home/ek-181/RIOT/examples/hello-world/bin/unwd-range-l1-r3/core.a(sched.o)
                0x0000000020000294                sched_active_thread
 .bss.sched_context_switch_request
                0x0000000020000298        0x4 /home/ek-181/RIOT/examples/hello-world/bin/unwd-range-l1-r3/core.a(sched.o)
                0x0000000020000298                sched_context_switch_request
 .bss.sched_num_threads
                0x000000002000029c        0x4 /home/ek-181/RIOT/examples/hello-world/bin/unwd-range-l1-r3/core.a(sched.o)
                0x000000002000029c                sched_num_threads
 .bss.sched_runqueues
                0x00000000200002a0       0x40 /home/ek-181/RIOT/examples/hello-world/bin/unwd-range-l1-r3/core.a(sched.o)
                0x00000000200002a0                sched_runqueues
 .bss.sched_threads
                0x00000000200002e0       0x84 /home/ek-181/RIOT/examples/hello-world/bin/unwd-range-l1-r3/core.a(sched.o)
                0x00000000200002e0                sched_threads
 .bss.powermode
                0x0000000020000364        0x1 /home/ek-181/RIOT/examples/hello-world/bin/unwd-range-l1-r3/stm32_common_periph.a(pm.o)
 .bss._rx_buf_mem
                0x0000000020000365       0x40 /home/ek-181/RIOT/examples/hello-world/bin/unwd-range-l1-r3/uart_stdio.a(uart_stdio.o)
 *fill*         0x00000000200003a5        0x3 
 .bss.crashed   0x00000000200003a8        0x4 /home/ek-181/RIOT/examples/hello-world/bin/unwd-range-l1-r3/core.a(panic.o)
 .bss.idle_stack
                0x00000000200003ac      0x100 /home/ek-181/RIOT/examples/hello-world/bin/unwd-range-l1-r3/core.a(kernel_init.o)
 .bss.main_stack
                0x00000000200004ac      0xc00 /home/ek-181/RIOT/examples/hello-world/bin/unwd-range-l1-r3/core.a(kernel_init.o)
 .bss.clock_source_rdy
                0x00000000200010ac        0x4 /home/ek-181/RIOT/examples/hello-world/bin/unwd-range-l1-r3/stm32_common.a(stmclk_l0l1.o)
 .bss.cpu_status
                0x00000000200010b0       0x50 /home/ek-181/RIOT/examples/hello-world/bin/unwd-range-l1-r3/stm32_common.a(stm_status.o)
                0x00000000200010b0                cpu_status
 .bss.isr_ctx   0x0000000020001100       0x18 /home/ek-181/RIOT/examples/hello-world/bin/unwd-range-l1-r3/stm32_common_periph.a(uart.o)
 .bss.isr_ctx   0x0000000020001118       0x80 /home/ek-181/RIOT/examples/hello-world/bin/unwd-range-l1-r3/stm32_common_periph.a(gpio.o)
 .bss.isr_ctx   0x0000000020001198       0x18 /home/ek-181/RIOT/examples/hello-world/bin/unwd-range-l1-r3/stm32_common_periph.a(rtc.o)
 .bss.__malloc_free_list
                0x00000000200011b0        0x4 /usr/bin/../lib/gcc/arm-none-eabi/7.3.1/../../../../arm-none-eabi/lib/thumb/v7-m/libc_nano.a(lib_a-nano-mallocr.o)
                0x00000000200011b0                __malloc_free_list
 .bss.__malloc_sbrk_start
                0x00000000200011b4        0x4 /usr/bin/../lib/gcc/arm-none-eabi/7.3.1/../../../../arm-none-eabi/lib/thumb/v7-m/libc_nano.a(lib_a-nano-mallocr.o)
                0x00000000200011b4                __malloc_sbrk_start
 *(COMMON)
                0x00000000200011b8                . = ALIGN (0x4)
                0x00000000200011b8                _ebss = .
                0x00000000200011b8                _ezero = .
                0x00000000200011b8                . = ALIGN (0x4)
                0x00000000200011b8                _sheap = .
                0x0000000020014000                _eheap = (ORIGIN (ram) + LENGTH (ram))
                0x0000000020000000                _sram = ORIGIN (ram)
                0x0000000020014000                _eram = (ORIGIN (ram) + LENGTH (ram))
OUTPUT(/home/ek-181/RIOT/examples/hello-world/bin/unwd-range-l1-r3/hello-world.elf elf32-littlearm)

.debug_info     0x0000000000000000    0x233d6
 .debug_info    0x0000000000000000       0xfe /home/ek-181/RIOT/examples/hello-world/bin/unwd-range-l1-r3/cpu/vectors.o
 .debug_info    0x00000000000000fe     0x1579 /home/ek-181/RIOT/examples/hello-world/bin/unwd-range-l1-r3/newlib_syscalls_default/syscalls.o
 .debug_info    0x0000000000001677      0xe54 /home/ek-181/RIOT/examples/hello-world/bin/unwd-range-l1-r3/core.a(sched.o)
 .debug_info    0x00000000000024cb     0x1141 /home/ek-181/RIOT/examples/hello-world/bin/unwd-range-l1-r3/cortexm_common.a(thread_arch.o)
 .debug_info    0x000000000000360c     0x15ad /home/ek-181/RIOT/examples/hello-world/bin/unwd-range-l1-r3/cortexm_common.a(vectors_cortexm.o)
 .debug_info    0x0000000000004bb9      0xe52 /home/ek-181/RIOT/examples/hello-world/bin/unwd-range-l1-r3/cortexm_common.a(irq_arch.o)
 .debug_info    0x0000000000005a0b     0x1092 /home/ek-181/RIOT/examples/hello-world/bin/unwd-range-l1-r3/stm32_common_periph.a(pm.o)
 .debug_info    0x0000000000006a9d     0x196f /home/ek-181/RIOT/examples/hello-world/bin/unwd-range-l1-r3/uart_stdio.a(uart_stdio.o)
 .debug_info    0x000000000000840c     0x1847 /home/ek-181/RIOT/examples/hello-world/bin/unwd-range-l1-r3/boards_common_unwd.a(board.o)
 .debug_info    0x0000000000009c53      0xea2 /home/ek-181/RIOT/examples/hello-world/bin/unwd-range-l1-r3/core.a(panic.o)
 .debug_info    0x000000000000aaf5      0xf0c /home/ek-181/RIOT/examples/hello-world/bin/unwd-range-l1-r3/core.a(kernel_init.o)
 .debug_info    0x000000000000ba01     0x11ce /home/ek-181/RIOT/examples/hello-world/bin/unwd-range-l1-r3/core.a(thread.o)
 .debug_info    0x000000000000cbcf     0x1df2 /home/ek-181/RIOT/examples/hello-world/bin/unwd-range-l1-r3/isrpipe.a(isrpipe.o)
 .debug_info    0x000000000000e9c1      0xe9d /home/ek-181/RIOT/examples/hello-world/bin/unwd-range-l1-r3/pm_layered.a(pm.o)
 .debug_info    0x000000000000f85e      0xeb6 /home/ek-181/RIOT/examples/hello-world/bin/unwd-range-l1-r3/stm32_common.a(cpu_init.o)
 .debug_info    0x0000000000010714     0x1a79 /home/ek-181/RIOT/examples/hello-world/bin/unwd-range-l1-r3/stm32_common.a(stmclk_l0l1.o)
 .debug_info    0x000000000001218d     0x1a2a /home/ek-181/RIOT/examples/hello-world/bin/unwd-range-l1-r3/stm32_common.a(cpu_common.o)
 .debug_info    0x0000000000013bb7     0x1d43 /home/ek-181/RIOT/examples/hello-world/bin/unwd-range-l1-r3/stm32_common.a(stm_status.o)
 .debug_info    0x00000000000158fa     0x2233 /home/ek-181/RIOT/examples/hello-world/bin/unwd-range-l1-r3/stm32_common_periph.a(uart.o)
 .debug_info    0x0000000000017b2d     0x244d /home/ek-181/RIOT/examples/hello-world/bin/unwd-range-l1-r3/stm32_common_periph.a(gpio.o)
 .debug_info    0x0000000000019f7a      0x32f /home/ek-181/RIOT/examples/hello-world/bin/unwd-range-l1-r3/tsrb.a(tsrb.o)
 .debug_info    0x000000000001a2a9     0x17ae /home/ek-181/RIOT/examples/hello-world/bin/unwd-range-l1-r3/periph_common.a(init.o)
 .debug_info    0x000000000001ba57      0x905 /home/ek-181/RIOT/examples/hello-world/bin/unwd-range-l1-r3/application_hello-world.a(main.o)
 .debug_info    0x000000000001c35c      0xb25 /home/ek-181/RIOT/examples/hello-world/bin/unwd-range-l1-r3/auto_init.a(auto_init.o)
 .debug_info    0x000000000001ce81      0xea6 /home/ek-181/RIOT/examples/hello-world/bin/unwd-range-l1-r3/core.a(mutex.o)
 .debug_info    0x000000000001dd27     0x136f /home/ek-181/RIOT/examples/hello-world/bin/unwd-range-l1-r3/cortexm_common.a(cortexm_init.o)
 .debug_info    0x000000000001f096     0x2a2e /home/ek-181/RIOT/examples/hello-world/bin/unwd-range-l1-r3/stm32_common_periph.a(rtc.o)
 .debug_info    0x0000000000021ac4     0x1912 /home/ek-181/RIOT/examples/hello-world/bin/unwd-range-l1-r3/stm32_common.a(stmclk_common.o)

.debug_abbrev   0x0000000000000000     0x4c20
 .debug_abbrev  0x0000000000000000       0xc5 /home/ek-181/RIOT/examples/hello-world/bin/unwd-range-l1-r3/cpu/vectors.o
 .debug_abbrev  0x00000000000000c5      0x39a /home/ek-181/RIOT/examples/hello-world/bin/unwd-range-l1-r3/newlib_syscalls_default/syscalls.o
 .debug_abbrev  0x000000000000045f      0x32d /home/ek-181/RIOT/examples/hello-world/bin/unwd-range-l1-r3/core.a(sched.o)
 .debug_abbrev  0x000000000000078c      0x33c /home/ek-181/RIOT/examples/hello-world/bin/unwd-range-l1-r3/cortexm_common.a(thread_arch.o)
 .debug_abbrev  0x0000000000000ac8      0x3a7 /home/ek-181/RIOT/examples/hello-world/bin/unwd-range-l1-r3/cortexm_common.a(vectors_cortexm.o)
 .debug_abbrev  0x0000000000000e6f      0x24f /home/ek-181/RIOT/examples/hello-world/bin/unwd-range-l1-r3/cortexm_common.a(irq_arch.o)
 .debug_abbrev  0x00000000000010be      0x2f8 /home/ek-181/RIOT/examples/hello-world/bin/unwd-range-l1-r3/stm32_common_periph.a(pm.o)
 .debug_abbrev  0x00000000000013b6      0x266 /home/ek-181/RIOT/examples/hello-world/bin/unwd-range-l1-r3/uart_stdio.a(uart_stdio.o)
 .debug_abbrev  0x000000000000161c      0x20c /home/ek-181/RIOT/examples/hello-world/bin/unwd-range-l1-r3/boards_common_unwd.a(board.o)
 .debug_abbrev  0x0000000000001828      0x270 /home/ek-181/RIOT/examples/hello-world/bin/unwd-range-l1-r3/core.a(panic.o)
 .debug_abbrev  0x0000000000001a98      0x241 /home/ek-181/RIOT/examples/hello-world/bin/unwd-range-l1-r3/core.a(kernel_init.o)
 .debug_abbrev  0x0000000000001cd9      0x341 /home/ek-181/RIOT/examples/hello-world/bin/unwd-range-l1-r3/core.a(thread.o)
 .debug_abbrev  0x000000000000201a      0x340 /home/ek-181/RIOT/examples/hello-world/bin/unwd-range-l1-r3/isrpipe.a(isrpipe.o)
 .debug_abbrev  0x000000000000235a      0x21b /home/ek-181/RIOT/examples/hello-world/bin/unwd-range-l1-r3/pm_layered.a(pm.o)
 .debug_abbrev  0x0000000000002575      0x231 /home/ek-181/RIOT/examples/hello-world/bin/unwd-range-l1-r3/stm32_common.a(cpu_init.o)
 .debug_abbrev  0x00000000000027a6      0x292 /home/ek-181/RIOT/examples/hello-world/bin/unwd-range-l1-r3/stm32_common.a(stmclk_l0l1.o)
 .debug_abbrev  0x0000000000002a38      0x2e6 /home/ek-181/RIOT/examples/hello-world/bin/unwd-range-l1-r3/stm32_common.a(cpu_common.o)
 .debug_abbrev  0x0000000000002d1e      0x31c /home/ek-181/RIOT/examples/hello-world/bin/unwd-range-l1-r3/stm32_common.a(stm_status.o)
 .debug_abbrev  0x000000000000303a      0x442 /home/ek-181/RIOT/examples/hello-world/bin/unwd-range-l1-r3/stm32_common_periph.a(uart.o)
 .debug_abbrev  0x000000000000347c      0x4a9 /home/ek-181/RIOT/examples/hello-world/bin/unwd-range-l1-r3/stm32_common_periph.a(gpio.o)
 .debug_abbrev  0x0000000000003925      0x171 /home/ek-181/RIOT/examples/hello-world/bin/unwd-range-l1-r3/tsrb.a(tsrb.o)
 .debug_abbrev  0x0000000000003a96      0x1f5 /home/ek-181/RIOT/examples/hello-world/bin/unwd-range-l1-r3/periph_common.a(init.o)
 .debug_abbrev  0x0000000000003c8b      0x19c /home/ek-181/RIOT/examples/hello-world/bin/unwd-range-l1-r3/application_hello-world.a(main.o)
 .debug_abbrev  0x0000000000003e27      0x18d /home/ek-181/RIOT/examples/hello-world/bin/unwd-range-l1-r3/auto_init.a(auto_init.o)
 .debug_abbrev  0x0000000000003fb4      0x2a9 /home/ek-181/RIOT/examples/hello-world/bin/unwd-range-l1-r3/core.a(mutex.o)
 .debug_abbrev  0x000000000000425d      0x334 /home/ek-181/RIOT/examples/hello-world/bin/unwd-range-l1-r3/cortexm_common.a(cortexm_init.o)
 .debug_abbrev  0x0000000000004591      0x488 /home/ek-181/RIOT/examples/hello-world/bin/unwd-range-l1-r3/stm32_common_periph.a(rtc.o)
 .debug_abbrev  0x0000000000004a19      0x207 /home/ek-181/RIOT/examples/hello-world/bin/unwd-range-l1-r3/stm32_common.a(stmclk_common.o)

.debug_aranges  0x0000000000000000      0x758
 .debug_aranges
                0x0000000000000000       0x20 /home/ek-181/RIOT/examples/hello-world/bin/unwd-range-l1-r3/cpu/vectors.o
 .debug_aranges
                0x0000000000000020       0xb0 /home/ek-181/RIOT/examples/hello-world/bin/unwd-range-l1-r3/newlib_syscalls_default/syscalls.o
 .debug_aranges
                0x00000000000000d0       0x38 /home/ek-181/RIOT/examples/hello-world/bin/unwd-range-l1-r3/core.a(sched.o)
 .debug_aranges
                0x0000000000000108       0x60 /home/ek-181/RIOT/examples/hello-world/bin/unwd-range-l1-r3/cortexm_common.a(thread_arch.o)
 .debug_aranges
                0x0000000000000168       0x68 /home/ek-181/RIOT/examples/hello-world/bin/unwd-range-l1-r3/cortexm_common.a(vectors_cortexm.o)
 .debug_aranges
                0x00000000000001d0       0x38 /home/ek-181/RIOT/examples/hello-world/bin/unwd-range-l1-r3/cortexm_common.a(irq_arch.o)
 .debug_aranges
                0x0000000000000208       0x40 /home/ek-181/RIOT/examples/hello-world/bin/unwd-range-l1-r3/stm32_common_periph.a(pm.o)
 .debug_aranges
                0x0000000000000248       0x30 /home/ek-181/RIOT/examples/hello-world/bin/unwd-range-l1-r3/uart_stdio.a(uart_stdio.o)
 .debug_aranges
                0x0000000000000278       0x20 /home/ek-181/RIOT/examples/hello-world/bin/unwd-range-l1-r3/boards_common_unwd.a(board.o)
 .debug_aranges
                0x0000000000000298       0x28 /home/ek-181/RIOT/examples/hello-world/bin/unwd-range-l1-r3/core.a(panic.o)
 .debug_aranges
                0x00000000000002c0       0x30 /home/ek-181/RIOT/examples/hello-world/bin/unwd-range-l1-r3/core.a(kernel_init.o)
 .debug_aranges
                0x00000000000002f0       0x60 /home/ek-181/RIOT/examples/hello-world/bin/unwd-range-l1-r3/core.a(thread.o)
 .debug_aranges
                0x0000000000000350       0x48 /home/ek-181/RIOT/examples/hello-world/bin/unwd-range-l1-r3/isrpipe.a(isrpipe.o)
 .debug_aranges
                0x0000000000000398       0x30 /home/ek-181/RIOT/examples/hello-world/bin/unwd-range-l1-r3/pm_layered.a(pm.o)
 .debug_aranges
                0x00000000000003c8       0x20 /home/ek-181/RIOT/examples/hello-world/bin/unwd-range-l1-r3/stm32_common.a(cpu_init.o)
 .debug_aranges
                0x00000000000003e8       0x28 /home/ek-181/RIOT/examples/hello-world/bin/unwd-range-l1-r3/stm32_common.a(stmclk_l0l1.o)
 .debug_aranges
                0x0000000000000410       0x40 /home/ek-181/RIOT/examples/hello-world/bin/unwd-range-l1-r3/stm32_common.a(cpu_common.o)
 .debug_aranges
                0x0000000000000450       0x28 /home/ek-181/RIOT/examples/hello-world/bin/unwd-range-l1-r3/stm32_common.a(stm_status.o)
 .debug_aranges
                0x0000000000000478       0x68 /home/ek-181/RIOT/examples/hello-world/bin/unwd-range-l1-r3/stm32_common_periph.a(uart.o)
 .debug_aranges
                0x00000000000004e0       0x80 /home/ek-181/RIOT/examples/hello-world/bin/unwd-range-l1-r3/stm32_common_periph.a(gpio.o)
 .debug_aranges
                0x0000000000000560       0x38 /home/ek-181/RIOT/examples/hello-world/bin/unwd-range-l1-r3/tsrb.a(tsrb.o)
 .debug_aranges
                0x0000000000000598       0x20 /home/ek-181/RIOT/examples/hello-world/bin/unwd-range-l1-r3/periph_common.a(init.o)
 .debug_aranges
                0x00000000000005b8       0x20 /home/ek-181/RIOT/examples/hello-world/bin/unwd-range-l1-r3/application_hello-world.a(main.o)
 .debug_aranges
                0x00000000000005d8       0x20 /home/ek-181/RIOT/examples/hello-world/bin/unwd-range-l1-r3/auto_init.a(auto_init.o)
 .debug_aranges
                0x00000000000005f8       0x30 /home/ek-181/RIOT/examples/hello-world/bin/unwd-range-l1-r3/core.a(mutex.o)
 .debug_aranges
                0x0000000000000628       0x30 /home/ek-181/RIOT/examples/hello-world/bin/unwd-range-l1-r3/cortexm_common.a(cortexm_init.o)
 .debug_aranges
                0x0000000000000658       0xb8 /home/ek-181/RIOT/examples/hello-world/bin/unwd-range-l1-r3/stm32_common_periph.a(rtc.o)
 .debug_aranges
                0x0000000000000710       0x48 /home/ek-181/RIOT/examples/hello-world/bin/unwd-range-l1-r3/stm32_common.a(stmclk_common.o)

.debug_ranges   0x0000000000000000      0x9d8
 .debug_ranges  0x0000000000000000       0x10 /home/ek-181/RIOT/examples/hello-world/bin/unwd-range-l1-r3/cpu/vectors.o
 .debug_ranges  0x0000000000000010       0xa0 /home/ek-181/RIOT/examples/hello-world/bin/unwd-range-l1-r3/newlib_syscalls_default/syscalls.o
 .debug_ranges  0x00000000000000b0       0x88 /home/ek-181/RIOT/examples/hello-world/bin/unwd-range-l1-r3/core.a(sched.o)
 .debug_ranges  0x0000000000000138       0xa0 /home/ek-181/RIOT/examples/hello-world/bin/unwd-range-l1-r3/cortexm_common.a(thread_arch.o)
 .debug_ranges  0x00000000000001d8       0x58 /home/ek-181/RIOT/examples/hello-world/bin/unwd-range-l1-r3/cortexm_common.a(vectors_cortexm.o)
 .debug_ranges  0x0000000000000230       0x28 /home/ek-181/RIOT/examples/hello-world/bin/unwd-range-l1-r3/cortexm_common.a(irq_arch.o)
 .debug_ranges  0x0000000000000258       0x30 /home/ek-181/RIOT/examples/hello-world/bin/unwd-range-l1-r3/stm32_common_periph.a(pm.o)
 .debug_ranges  0x0000000000000288       0x20 /home/ek-181/RIOT/examples/hello-world/bin/unwd-range-l1-r3/uart_stdio.a(uart_stdio.o)
 .debug_ranges  0x00000000000002a8       0x10 /home/ek-181/RIOT/examples/hello-world/bin/unwd-range-l1-r3/boards_common_unwd.a(board.o)
 .debug_ranges  0x00000000000002b8       0x18 /home/ek-181/RIOT/examples/hello-world/bin/unwd-range-l1-r3/core.a(panic.o)
 .debug_ranges  0x00000000000002d0       0x20 /home/ek-181/RIOT/examples/hello-world/bin/unwd-range-l1-r3/core.a(kernel_init.o)
 .debug_ranges  0x00000000000002f0       0x80 /home/ek-181/RIOT/examples/hello-world/bin/unwd-range-l1-r3/core.a(thread.o)
 .debug_ranges  0x0000000000000370       0x70 /home/ek-181/RIOT/examples/hello-world/bin/unwd-range-l1-r3/isrpipe.a(isrpipe.o)
 .debug_ranges  0x00000000000003e0       0x20 /home/ek-181/RIOT/examples/hello-world/bin/unwd-range-l1-r3/pm_layered.a(pm.o)
 .debug_ranges  0x0000000000000400       0x10 /home/ek-181/RIOT/examples/hello-world/bin/unwd-range-l1-r3/stm32_common.a(cpu_init.o)
 .debug_ranges  0x0000000000000410       0x30 /home/ek-181/RIOT/examples/hello-world/bin/unwd-range-l1-r3/stm32_common.a(stmclk_l0l1.o)
 .debug_ranges  0x0000000000000440       0x30 /home/ek-181/RIOT/examples/hello-world/bin/unwd-range-l1-r3/stm32_common.a(cpu_common.o)
 .debug_ranges  0x0000000000000470      0x148 /home/ek-181/RIOT/examples/hello-world/bin/unwd-range-l1-r3/stm32_common.a(stm_status.o)
 .debug_ranges  0x00000000000005b8       0xa0 /home/ek-181/RIOT/examples/hello-world/bin/unwd-range-l1-r3/stm32_common_periph.a(uart.o)
 .debug_ranges  0x0000000000000658       0xc0 /home/ek-181/RIOT/examples/hello-world/bin/unwd-range-l1-r3/stm32_common_periph.a(gpio.o)
 .debug_ranges  0x0000000000000718       0x88 /home/ek-181/RIOT/examples/hello-world/bin/unwd-range-l1-r3/tsrb.a(tsrb.o)
 .debug_ranges  0x00000000000007a0       0x10 /home/ek-181/RIOT/examples/hello-world/bin/unwd-range-l1-r3/periph_common.a(init.o)
 .debug_ranges  0x00000000000007b0       0x10 /home/ek-181/RIOT/examples/hello-world/bin/unwd-range-l1-r3/application_hello-world.a(main.o)
 .debug_ranges  0x00000000000007c0       0x10 /home/ek-181/RIOT/examples/hello-world/bin/unwd-range-l1-r3/auto_init.a(auto_init.o)
 .debug_ranges  0x00000000000007d0       0x80 /home/ek-181/RIOT/examples/hello-world/bin/unwd-range-l1-r3/core.a(mutex.o)
 .debug_ranges  0x0000000000000850       0x70 /home/ek-181/RIOT/examples/hello-world/bin/unwd-range-l1-r3/cortexm_common.a(cortexm_init.o)
 .debug_ranges  0x00000000000008c0       0xe0 /home/ek-181/RIOT/examples/hello-world/bin/unwd-range-l1-r3/stm32_common_periph.a(rtc.o)
 .debug_ranges  0x00000000000009a0       0x38 /home/ek-181/RIOT/examples/hello-world/bin/unwd-range-l1-r3/stm32_common.a(stmclk_common.o)

.debug_macro    0x0000000000000000    0x224ca
 .debug_macro   0x0000000000000000       0xce /home/ek-181/RIOT/examples/hello-world/bin/unwd-range-l1-r3/cpu/vectors.o
 .debug_macro   0x00000000000000ce      0xa4e /home/ek-181/RIOT/examples/hello-world/bin/unwd-range-l1-r3/cpu/vectors.o
 .debug_macro   0x0000000000000b1c       0xee /home/ek-181/RIOT/examples/hello-world/bin/unwd-range-l1-r3/cpu/vectors.o
 .debug_macro   0x0000000000000c0a       0x22 /home/ek-181/RIOT/examples/hello-world/bin/unwd-range-l1-r3/cpu/vectors.o
 .debug_macro   0x0000000000000c2c       0x56 /home/ek-181/RIOT/examples/hello-world/bin/unwd-range-l1-r3/cpu/vectors.o
 .debug_macro   0x0000000000000c82       0x51 /home/ek-181/RIOT/examples/hello-world/bin/unwd-range-l1-r3/cpu/vectors.o
 .debug_macro   0x0000000000000cd3       0xef /home/ek-181/RIOT/examples/hello-world/bin/unwd-range-l1-r3/cpu/vectors.o
 .debug_macro   0x0000000000000dc2       0x6a /home/ek-181/RIOT/examples/hello-world/bin/unwd-range-l1-r3/cpu/vectors.o
 .debug_macro   0x0000000000000e2c      0x1df /home/ek-181/RIOT/examples/hello-world/bin/unwd-range-l1-r3/cpu/vectors.o
 .debug_macro   0x000000000000100b       0x10 /home/ek-181/RIOT/examples/hello-world/bin/unwd-range-l1-r3/cpu/vectors.o
 .debug_macro   0x000000000000101b       0x28 /home/ek-181/RIOT/examples/hello-world/bin/unwd-range-l1-r3/cpu/vectors.o
 .debug_macro   0x0000000000001043       0x70 /home/ek-181/RIOT/examples/hello-world/bin/unwd-range-l1-r3/cpu/vectors.o
 .debug_macro   0x00000000000010b3       0x3a /home/ek-181/RIOT/examples/hello-world/bin/unwd-range-l1-r3/cpu/vectors.o
 .debug_macro   0x00000000000010ed       0x34 /home/ek-181/RIOT/examples/hello-world/bin/unwd-range-l1-r3/cpu/vectors.o
 .debug_macro   0x0000000000001121      0xcb4 /home/ek-181/RIOT/examples/hello-world/bin/unwd-range-l1-r3/cpu/vectors.o
 .debug_macro   0x0000000000001dd5     0x72f1 /home/ek-181/RIOT/examples/hello-world/bin/unwd-range-l1-r3/cpu/vectors.o
 .debug_macro   0x00000000000090c6       0x52 /home/ek-181/RIOT/examples/hello-world/bin/unwd-range-l1-r3/cpu/vectors.o
 .debug_macro   0x0000000000009118       0x16 /home/ek-181/RIOT/examples/hello-world/bin/unwd-range-l1-r3/cpu/vectors.o
 .debug_macro   0x000000000000912e      0x403 /home/ek-181/RIOT/examples/hello-world/bin/unwd-range-l1-r3/newlib_syscalls_default/syscalls.o
 .debug_macro   0x0000000000009531      0xa4e /home/ek-181/RIOT/examples/hello-world/bin/unwd-range-l1-r3/newlib_syscalls_default/syscalls.o
 .debug_macro   0x0000000000009f7f       0x40 /home/ek-181/RIOT/examples/hello-world/bin/unwd-range-l1-r3/newlib_syscalls_default/syscalls.o
 .debug_macro   0x0000000000009fbf       0x18 /home/ek-181/RIOT/examples/hello-world/bin/unwd-range-l1-r3/newlib_syscalls_default/syscalls.o
 .debug_macro   0x0000000000009fd7       0x5c /home/ek-181/RIOT/examples/hello-world/bin/unwd-range-l1-r3/newlib_syscalls_default/syscalls.o
 .debug_macro   0x000000000000a033       0x3c /home/ek-181/RIOT/examples/hello-world/bin/unwd-range-l1-r3/newlib_syscalls_default/syscalls.o
 .debug_macro   0x000000000000a06f       0x34 /home/ek-181/RIOT/examples/hello-world/bin/unwd-range-l1-r3/newlib_syscalls_default/syscalls.o
 .debug_macro   0x000000000000a0a3       0x10 /home/ek-181/RIOT/examples/hello-world/bin/unwd-range-l1-r3/newlib_syscalls_default/syscalls.o
 .debug_macro   0x000000000000a0b3       0x57 /home/ek-181/RIOT/examples/hello-world/bin/unwd-range-l1-r3/newlib_syscalls_default/syscalls.o
 .debug_macro   0x000000000000a10a       0xcf /home/ek-181/RIOT/examples/hello-world/bin/unwd-range-l1-r3/newlib_syscalls_default/syscalls.o
 .debug_macro   0x000000000000a1d9      0x353 /home/ek-181/RIOT/examples/hello-world/bin/unwd-range-l1-r3/newlib_syscalls_default/syscalls.o
 .debug_macro   0x000000000000a52c       0x10 /home/ek-181/RIOT/examples/hello-world/bin/unwd-range-l1-r3/newlib_syscalls_default/syscalls.o
 .debug_macro   0x000000000000a53c       0xb7 /home/ek-181/RIOT/examples/hello-world/bin/unwd-range-l1-r3/newlib_syscalls_default/syscalls.o
 .debug_macro   0x000000000000a5f3       0x52 /home/ek-181/RIOT/examples/hello-world/bin/unwd-range-l1-r3/newlib_syscalls_default/syscalls.o
 .debug_macro   0x000000000000a645       0x1f /home/ek-181/RIOT/examples/hello-world/bin/unwd-range-l1-r3/newlib_syscalls_default/syscalls.o
 .debug_macro   0x000000000000a664       0x43 /home/ek-181/RIOT/examples/hello-world/bin/unwd-range-l1-r3/newlib_syscalls_default/syscalls.o
 .debug_macro   0x000000000000a6a7       0x20 /home/ek-181/RIOT/examples/hello-world/bin/unwd-range-l1-r3/newlib_syscalls_default/syscalls.o
 .debug_macro   0x000000000000a6c7       0xb6 /home/ek-181/RIOT/examples/hello-world/bin/unwd-range-l1-r3/newlib_syscalls_default/syscalls.o
 .debug_macro   0x000000000000a77d      0x4fe /home/ek-181/RIOT/examples/hello-world/bin/unwd-range-l1-r3/newlib_syscalls_default/syscalls.o
 .debug_macro   0x000000000000ac7b      0x1a3 /home/ek-181/RIOT/examples/hello-world/bin/unwd-range-l1-r3/newlib_syscalls_default/syscalls.o
 .debug_macro   0x000000000000ae1e       0x10 /home/ek-181/RIOT/examples/hello-world/bin/unwd-range-l1-r3/newlib_syscalls_default/syscalls.o
 .debug_macro   0x000000000000ae2e       0x35 /home/ek-181/RIOT/examples/hello-world/bin/unwd-range-l1-r3/newlib_syscalls_default/syscalls.o
 .debug_macro   0x000000000000ae63       0x10 /home/ek-181/RIOT/examples/hello-world/bin/unwd-range-l1-r3/newlib_syscalls_default/syscalls.o
 .debug_macro   0x000000000000ae73      0x241 /home/ek-181/RIOT/examples/hello-world/bin/unwd-range-l1-r3/newlib_syscalls_default/syscalls.o
 .debug_macro   0x000000000000b0b4       0x16 /home/ek-181/RIOT/examples/hello-world/bin/unwd-range-l1-r3/newlib_syscalls_default/syscalls.o
 .debug_macro   0x000000000000b0ca       0x10 /home/ek-181/RIOT/examples/hello-world/bin/unwd-range-l1-r3/newlib_syscalls_default/syscalls.o
 .debug_macro   0x000000000000b0da       0x16 /home/ek-181/RIOT/examples/hello-world/bin/unwd-range-l1-r3/newlib_syscalls_default/syscalls.o
 .debug_macro   0x000000000000b0f0       0xff /home/ek-181/RIOT/examples/hello-world/bin/unwd-range-l1-r3/newlib_syscalls_default/syscalls.o
 .debug_macro   0x000000000000b1ef       0x16 /home/ek-181/RIOT/examples/hello-world/bin/unwd-range-l1-r3/newlib_syscalls_default/syscalls.o
 .debug_macro   0x000000000000b205       0x22 /home/ek-181/RIOT/examples/hello-world/bin/unwd-range-l1-r3/newlib_syscalls_default/syscalls.o
 .debug_macro   0x000000000000b227       0x16 /home/ek-181/RIOT/examples/hello-world/bin/unwd-range-l1-r3/newlib_syscalls_default/syscalls.o
 .debug_macro   0x000000000000b23d       0x16 /home/ek-181/RIOT/examples/hello-world/bin/unwd-range-l1-r3/newlib_syscalls_default/syscalls.o
 .debug_macro   0x000000000000b253       0x10 /home/ek-181/RIOT/examples/hello-world/bin/unwd-range-l1-r3/newlib_syscalls_default/syscalls.o
 .debug_macro   0x000000000000b263       0x10 /home/ek-181/RIOT/examples/hello-world/bin/unwd-range-l1-r3/newlib_syscalls_default/syscalls.o
 .debug_macro   0x000000000000b273       0x2e /home/ek-181/RIOT/examples/hello-world/bin/unwd-range-l1-r3/newlib_syscalls_default/syscalls.o
 .debug_macro   0x000000000000b2a1       0xf5 /home/ek-181/RIOT/examples/hello-world/bin/unwd-range-l1-r3/newlib_syscalls_default/syscalls.o
 .debug_macro   0x000000000000b396       0x22 /home/ek-181/RIOT/examples/hello-world/bin/unwd-range-l1-r3/newlib_syscalls_default/syscalls.o
 .debug_macro   0x000000000000b3b8       0x2f /home/ek-181/RIOT/examples/hello-world/bin/unwd-range-l1-r3/newlib_syscalls_default/syscalls.o
 .debug_macro   0x000000000000b3e7       0xd6 /home/ek-181/RIOT/examples/hello-world/bin/unwd-range-l1-r3/newlib_syscalls_default/syscalls.o
 .debug_macro   0x000000000000b4bd       0x10 /home/ek-181/RIOT/examples/hello-world/bin/unwd-range-l1-r3/newlib_syscalls_default/syscalls.o
 .debug_macro   0x000000000000b4cd      0x460 /home/ek-181/RIOT/examples/hello-world/bin/unwd-range-l1-r3/newlib_syscalls_default/syscalls.o
 .debug_macro   0x000000000000b92d       0x2b /home/ek-181/RIOT/examples/hello-world/bin/unwd-range-l1-r3/newlib_syscalls_default/syscalls.o
 .debug_macro   0x000000000000b958       0xee /home/ek-181/RIOT/examples/hello-world/bin/unwd-range-l1-r3/newlib_syscalls_default/syscalls.o
 .debug_macro   0x000000000000ba46       0x28 /home/ek-181/RIOT/examples/hello-world/bin/unwd-range-l1-r3/newlib_syscalls_default/syscalls.o
 .debug_macro   0x000000000000ba6e       0x10 /home/ek-181/RIOT/examples/hello-world/bin/unwd-range-l1-r3/newlib_syscalls_default/syscalls.o
 .debug_macro   0x000000000000ba7e       0x12 /home/ek-181/RIOT/examples/hello-world/bin/unwd-range-l1-r3/newlib_syscalls_default/syscalls.o
 .debug_macro   0x000000000000ba90       0xba /home/ek-181/RIOT/examples/hello-world/bin/unwd-range-l1-r3/newlib_syscalls_default/syscalls.o
 .debug_macro   0x000000000000bb4a       0x1c /home/ek-181/RIOT/examples/hello-world/bin/unwd-range-l1-r3/newlib_syscalls_default/syscalls.o
 .debug_macro   0x000000000000bb66      0x12a /home/ek-181/RIOT/examples/hello-world/bin/unwd-range-l1-r3/newlib_syscalls_default/syscalls.o
 .debug_macro   0x000000000000bc90       0x34 /home/ek-181/RIOT/examples/hello-world/bin/unwd-range-l1-r3/newlib_syscalls_default/syscalls.o
 .debug_macro   0x000000000000bcc4       0x8a /home/ek-181/RIOT/examples/hello-world/bin/unwd-range-l1-r3/newlib_syscalls_default/syscalls.o
 .debug_macro   0x000000000000bd4e       0x1c /home/ek-181/RIOT/examples/hello-world/bin/unwd-range-l1-r3/newlib_syscalls_default/syscalls.o
 .debug_macro   0x000000000000bd6a       0x1c /home/ek-181/RIOT/examples/hello-world/bin/unwd-range-l1-r3/newlib_syscalls_default/syscalls.o
 .debug_macro   0x000000000000bd86      0x2f1 /home/ek-181/RIOT/examples/hello-world/bin/unwd-range-l1-r3/core.a(sched.o)
 .debug_macro   0x000000000000c077      0xa4e /home/ek-181/RIOT/examples/hello-world/bin/unwd-range-l1-r3/core.a(sched.o)
 .debug_macro   0x000000000000cac5      0x16d /home/ek-181/RIOT/examples/hello-world/bin/unwd-range-l1-r3/core.a(sched.o)
 .debug_macro   0x000000000000cc32       0x46 /home/ek-181/RIOT/examples/hello-world/bin/unwd-range-l1-r3/core.a(sched.o)
 .debug_macro   0x000000000000cc78       0x3a /home/ek-181/RIOT/examples/hello-world/bin/unwd-range-l1-r3/core.a(sched.o)
 .debug_macro   0x000000000000ccb2       0x25 /home/ek-181/RIOT/examples/hello-world/bin/unwd-range-l1-r3/core.a(sched.o)
 .debug_macro   0x000000000000ccd7       0x2e /home/ek-181/RIOT/examples/hello-world/bin/unwd-range-l1-r3/core.a(sched.o)
 .debug_macro   0x000000000000cd05       0x1c /home/ek-181/RIOT/examples/hello-world/bin/unwd-range-l1-r3/core.a(sched.o)
 .debug_macro   0x000000000000cd21      0x114 /home/ek-181/RIOT/examples/hello-world/bin/unwd-range-l1-r3/core.a(sched.o)
 .debug_macro   0x000000000000ce35       0x1c /home/ek-181/RIOT/examples/hello-world/bin/unwd-range-l1-r3/core.a(sched.o)
 .debug_macro   0x000000000000ce51      0x2d9 /home/ek-181/RIOT/examples/hello-world/bin/unwd-range-l1-r3/cortexm_common.a(thread_arch.o)
 .debug_macro   0x000000000000d12a      0xa4e /home/ek-181/RIOT/examples/hello-world/bin/unwd-range-l1-r3/cortexm_common.a(thread_arch.o)
 .debug_macro   0x000000000000db78       0x97 /home/ek-181/RIOT/examples/hello-world/bin/unwd-range-l1-r3/cortexm_common.a(thread_arch.o)
 .debug_macro   0x000000000000dc0f       0xf6 /home/ek-181/RIOT/examples/hello-world/bin/unwd-range-l1-r3/cortexm_common.a(thread_arch.o)
 .debug_macro   0x000000000000dd05       0x22 /home/ek-181/RIOT/examples/hello-world/bin/unwd-range-l1-r3/cortexm_common.a(thread_arch.o)
 .debug_macro   0x000000000000dd27      0x310 /home/ek-181/RIOT/examples/hello-world/bin/unwd-range-l1-r3/cortexm_common.a(vectors_cortexm.o)
 .debug_macro   0x000000000000e037      0xa4e /home/ek-181/RIOT/examples/hello-world/bin/unwd-range-l1-r3/cortexm_common.a(vectors_cortexm.o)
 .debug_macro   0x000000000000ea85       0x16 /home/ek-181/RIOT/examples/hello-world/bin/unwd-range-l1-r3/cortexm_common.a(vectors_cortexm.o)
 .debug_macro   0x000000000000ea9b       0x1c /home/ek-181/RIOT/examples/hello-world/bin/unwd-range-l1-r3/cortexm_common.a(vectors_cortexm.o)
 .debug_macro   0x000000000000eab7      0x2c9 /home/ek-181/RIOT/examples/hello-world/bin/unwd-range-l1-r3/cortexm_common.a(irq_arch.o)
 .debug_macro   0x000000000000ed80      0xa4e /home/ek-181/RIOT/examples/hello-world/bin/unwd-range-l1-r3/cortexm_common.a(irq_arch.o)
 .debug_macro   0x000000000000f7ce      0x321 /home/ek-181/RIOT/examples/hello-world/bin/unwd-range-l1-r3/stm32_common_periph.a(pm.o)
 .debug_macro   0x000000000000faef      0xa4e /home/ek-181/RIOT/examples/hello-world/bin/unwd-range-l1-r3/stm32_common_periph.a(pm.o)
 .debug_macro   0x000000000001053d       0x84 /home/ek-181/RIOT/examples/hello-world/bin/unwd-range-l1-r3/stm32_common_periph.a(pm.o)
 .debug_macro   0x00000000000105c1      0x382 /home/ek-181/RIOT/examples/hello-world/bin/unwd-range-l1-r3/uart_stdio.a(uart_stdio.o)
 .debug_macro   0x0000000000010943      0xa4e /home/ek-181/RIOT/examples/hello-world/bin/unwd-range-l1-r3/uart_stdio.a(uart_stdio.o)
 .debug_macro   0x0000000000011391      0x108 /home/ek-181/RIOT/examples/hello-world/bin/unwd-range-l1-r3/uart_stdio.a(uart_stdio.o)
 .debug_macro   0x0000000000011499       0x10 /home/ek-181/RIOT/examples/hello-world/bin/unwd-range-l1-r3/uart_stdio.a(uart_stdio.o)
 .debug_macro   0x00000000000114a9       0x16 /home/ek-181/RIOT/examples/hello-world/bin/unwd-range-l1-r3/uart_stdio.a(uart_stdio.o)
 .debug_macro   0x00000000000114bf      0x334 /home/ek-181/RIOT/examples/hello-world/bin/unwd-range-l1-r3/boards_common_unwd.a(board.o)
 .debug_macro   0x00000000000117f3      0xa4e /home/ek-181/RIOT/examples/hello-world/bin/unwd-range-l1-r3/boards_common_unwd.a(board.o)
 .debug_macro   0x0000000000012241      0x31a /home/ek-181/RIOT/examples/hello-world/bin/unwd-range-l1-r3/core.a(panic.o)
 .debug_macro   0x000000000001255b      0xa4e /home/ek-181/RIOT/examples/hello-world/bin/unwd-range-l1-r3/core.a(panic.o)
 .debug_macro   0x0000000000012fa9       0x10 /home/ek-181/RIOT/examples/hello-world/bin/unwd-range-l1-r3/core.a(panic.o)
 .debug_macro   0x0000000000012fb9      0x35d /home/ek-181/RIOT/examples/hello-world/bin/unwd-range-l1-r3/core.a(kernel_init.o)
 .debug_macro   0x0000000000013316      0xa4e /home/ek-181/RIOT/examples/hello-world/bin/unwd-range-l1-r3/core.a(kernel_init.o)
 .debug_macro   0x0000000000013d64      0x23b /home/ek-181/RIOT/examples/hello-world/bin/unwd-range-l1-r3/core.a(kernel_init.o)
 .debug_macro   0x0000000000013f9f       0xdc /home/ek-181/RIOT/examples/hello-world/bin/unwd-range-l1-r3/core.a(kernel_init.o)
 .debug_macro   0x000000000001407b      0x2f3 /home/ek-181/RIOT/examples/hello-world/bin/unwd-range-l1-r3/core.a(thread.o)
 .debug_macro   0x000000000001436e      0xa4e /home/ek-181/RIOT/examples/hello-world/bin/unwd-range-l1-r3/core.a(thread.o)
 .debug_macro   0x0000000000014dbc      0x3d1 /home/ek-181/RIOT/examples/hello-world/bin/unwd-range-l1-r3/isrpipe.a(isrpipe.o)
 .debug_macro   0x000000000001518d      0xa4e /home/ek-181/RIOT/examples/hello-world/bin/unwd-range-l1-r3/isrpipe.a(isrpipe.o)
 .debug_macro   0x0000000000015bdb       0x2e /home/ek-181/RIOT/examples/hello-world/bin/unwd-range-l1-r3/isrpipe.a(isrpipe.o)
 .debug_macro   0x0000000000015c09      0x102 /home/ek-181/RIOT/examples/hello-world/bin/unwd-range-l1-r3/isrpipe.a(isrpipe.o)
 .debug_macro   0x0000000000015d0b       0x4a /home/ek-181/RIOT/examples/hello-world/bin/unwd-range-l1-r3/isrpipe.a(isrpipe.o)
 .debug_macro   0x0000000000015d55       0x1c /home/ek-181/RIOT/examples/hello-world/bin/unwd-range-l1-r3/isrpipe.a(isrpipe.o)
 .debug_macro   0x0000000000015d71       0x10 /home/ek-181/RIOT/examples/hello-world/bin/unwd-range-l1-r3/isrpipe.a(isrpipe.o)
 .debug_macro   0x0000000000015d81       0x10 /home/ek-181/RIOT/examples/hello-world/bin/unwd-range-l1-r3/isrpipe.a(isrpipe.o)
 .debug_macro   0x0000000000015d91      0x317 /home/ek-181/RIOT/examples/hello-world/bin/unwd-range-l1-r3/pm_layered.a(pm.o)
 .debug_macro   0x00000000000160a8      0xa4e /home/ek-181/RIOT/examples/hello-world/bin/unwd-range-l1-r3/pm_layered.a(pm.o)
 .debug_macro   0x0000000000016af6      0x2f5 /home/ek-181/RIOT/examples/hello-world/bin/unwd-range-l1-r3/stm32_common.a(cpu_init.o)
 .debug_macro   0x0000000000016deb      0xa4e /home/ek-181/RIOT/examples/hello-world/bin/unwd-range-l1-r3/stm32_common.a(cpu_init.o)
 .debug_macro   0x0000000000017839      0x336 /home/ek-181/RIOT/examples/hello-world/bin/unwd-range-l1-r3/stm32_common.a(stmclk_l0l1.o)
 .debug_macro   0x0000000000017b6f      0xa4e /home/ek-181/RIOT/examples/hello-world/bin/unwd-range-l1-r3/stm32_common.a(stmclk_l0l1.o)
 .debug_macro   0x00000000000185bd      0x309 /home/ek-181/RIOT/examples/hello-world/bin/unwd-range-l1-r3/stm32_common.a(cpu_common.o)
 .debug_macro   0x00000000000188c6      0xa4e /home/ek-181/RIOT/examples/hello-world/bin/unwd-range-l1-r3/stm32_common.a(cpu_common.o)
 .debug_macro   0x0000000000019314      0x30e /home/ek-181/RIOT/examples/hello-world/bin/unwd-range-l1-r3/stm32_common.a(stm_status.o)
 .debug_macro   0x0000000000019622      0xa4e /home/ek-181/RIOT/examples/hello-world/bin/unwd-range-l1-r3/stm32_common.a(stm_status.o)
 .debug_macro   0x000000000001a070       0x10 /home/ek-181/RIOT/examples/hello-world/bin/unwd-range-l1-r3/stm32_common.a(stm_status.o)
 .debug_macro   0x000000000001a080      0x326 /home/ek-181/RIOT/examples/hello-world/bin/unwd-range-l1-r3/stm32_common_periph.a(uart.o)
 .debug_macro   0x000000000001a3a6      0xa4e /home/ek-181/RIOT/examples/hello-world/bin/unwd-range-l1-r3/stm32_common_periph.a(uart.o)
 .debug_macro   0x000000000001adf4      0x2f8 /home/ek-181/RIOT/examples/hello-world/bin/unwd-range-l1-r3/stm32_common_periph.a(gpio.o)
 .debug_macro   0x000000000001b0ec      0xa4e /home/ek-181/RIOT/examples/hello-world/bin/unwd-range-l1-r3/stm32_common_periph.a(gpio.o)
 .debug_macro   0x000000000001bb3a       0x5f /home/ek-181/RIOT/examples/hello-world/bin/unwd-range-l1-r3/tsrb.a(tsrb.o)
 .debug_macro   0x000000000001bb99      0xa4e /home/ek-181/RIOT/examples/hello-world/bin/unwd-range-l1-r3/tsrb.a(tsrb.o)
 .debug_macro   0x000000000001c5e7      0x333 /home/ek-181/RIOT/examples/hello-world/bin/unwd-range-l1-r3/periph_common.a(init.o)
 .debug_macro   0x000000000001c91a      0xa4e /home/ek-181/RIOT/examples/hello-world/bin/unwd-range-l1-r3/periph_common.a(init.o)
 .debug_macro   0x000000000001d368       0x10 /home/ek-181/RIOT/examples/hello-world/bin/unwd-range-l1-r3/periph_common.a(init.o)
 .debug_macro   0x000000000001d378      0x138 /home/ek-181/RIOT/examples/hello-world/bin/unwd-range-l1-r3/application_hello-world.a(main.o)
 .debug_macro   0x000000000001d4b0      0xa4e /home/ek-181/RIOT/examples/hello-world/bin/unwd-range-l1-r3/application_hello-world.a(main.o)
 .debug_macro   0x000000000001defe      0x2d5 /home/ek-181/RIOT/examples/hello-world/bin/unwd-range-l1-r3/auto_init.a(auto_init.o)
 .debug_macro   0x000000000001e1d3      0xa4e /home/ek-181/RIOT/examples/hello-world/bin/unwd-range-l1-r3/auto_init.a(auto_init.o)
 .debug_macro   0x000000000001ec21      0x2ea /home/ek-181/RIOT/examples/hello-world/bin/unwd-range-l1-r3/core.a(mutex.o)
 .debug_macro   0x000000000001ef0b      0xa4e /home/ek-181/RIOT/examples/hello-world/bin/unwd-range-l1-r3/core.a(mutex.o)
 .debug_macro   0x000000000001f959      0x1e5 /home/ek-181/RIOT/examples/hello-world/bin/unwd-range-l1-r3/core.a(mutex.o)
 .debug_macro   0x000000000001fb3e      0x2f8 /home/ek-181/RIOT/examples/hello-world/bin/unwd-range-l1-r3/cortexm_common.a(cortexm_init.o)
 .debug_macro   0x000000000001fe36      0xa4e /home/ek-181/RIOT/examples/hello-world/bin/unwd-range-l1-r3/cortexm_common.a(cortexm_init.o)
 .debug_macro   0x0000000000020884      0x498 /home/ek-181/RIOT/examples/hello-world/bin/unwd-range-l1-r3/stm32_common_periph.a(rtc.o)
 .debug_macro   0x0000000000020d1c      0xa4e /home/ek-181/RIOT/examples/hello-world/bin/unwd-range-l1-r3/stm32_common_periph.a(rtc.o)
 .debug_macro   0x000000000002176a      0x312 /home/ek-181/RIOT/examples/hello-world/bin/unwd-range-l1-r3/stm32_common.a(stmclk_common.o)
 .debug_macro   0x0000000000021a7c      0xa4e /home/ek-181/RIOT/examples/hello-world/bin/unwd-range-l1-r3/stm32_common.a(stmclk_common.o)

.debug_line     0x0000000000000000     0xa781
 .debug_line    0x0000000000000000      0x2d7 /home/ek-181/RIOT/examples/hello-world/bin/unwd-range-l1-r3/cpu/vectors.o
 .debug_line    0x00000000000002d7      0x842 /home/ek-181/RIOT/examples/hello-world/bin/unwd-range-l1-r3/newlib_syscalls_default/syscalls.o
 .debug_line    0x0000000000000b19      0x5ad /home/ek-181/RIOT/examples/hello-world/bin/unwd-range-l1-r3/core.a(sched.o)
 .debug_line    0x00000000000010c6      0x5f2 /home/ek-181/RIOT/examples/hello-world/bin/unwd-range-l1-r3/cortexm_common.a(thread_arch.o)
 .debug_line    0x00000000000016b8      0x6bf /home/ek-181/RIOT/examples/hello-world/bin/unwd-range-l1-r3/cortexm_common.a(vectors_cortexm.o)
 .debug_line    0x0000000000001d77      0x54d /home/ek-181/RIOT/examples/hello-world/bin/unwd-range-l1-r3/cortexm_common.a(irq_arch.o)
 .debug_line    0x00000000000022c4      0x635 /home/ek-181/RIOT/examples/hello-world/bin/unwd-range-l1-r3/stm32_common_periph.a(pm.o)
 .debug_line    0x00000000000028f9      0x68a /home/ek-181/RIOT/examples/hello-world/bin/unwd-range-l1-r3/uart_stdio.a(uart_stdio.o)
 .debug_line    0x0000000000002f83      0x636 /home/ek-181/RIOT/examples/hello-world/bin/unwd-range-l1-r3/boards_common_unwd.a(board.o)
 .debug_line    0x00000000000035b9      0x5dd /home/ek-181/RIOT/examples/hello-world/bin/unwd-range-l1-r3/core.a(panic.o)
 .debug_line    0x0000000000003b96      0x60c /home/ek-181/RIOT/examples/hello-world/bin/unwd-range-l1-r3/core.a(kernel_init.o)
 .debug_line    0x00000000000041a2      0x636 /home/ek-181/RIOT/examples/hello-world/bin/unwd-range-l1-r3/core.a(thread.o)
 .debug_line    0x00000000000047d8      0x785 /home/ek-181/RIOT/examples/hello-world/bin/unwd-range-l1-r3/isrpipe.a(isrpipe.o)
 .debug_line    0x0000000000004f5d      0x5d6 /home/ek-181/RIOT/examples/hello-world/bin/unwd-range-l1-r3/pm_layered.a(pm.o)
 .debug_line    0x0000000000005533      0x594 /home/ek-181/RIOT/examples/hello-world/bin/unwd-range-l1-r3/stm32_common.a(cpu_init.o)
 .debug_line    0x0000000000005ac7      0x6e6 /home/ek-181/RIOT/examples/hello-world/bin/unwd-range-l1-r3/stm32_common.a(stmclk_l0l1.o)
 .debug_line    0x00000000000061ad      0x5fe /home/ek-181/RIOT/examples/hello-world/bin/unwd-range-l1-r3/stm32_common.a(cpu_common.o)
 .debug_line    0x00000000000067ab      0x693 /home/ek-181/RIOT/examples/hello-world/bin/unwd-range-l1-r3/stm32_common.a(stm_status.o)
 .debug_line    0x0000000000006e3e      0x768 /home/ek-181/RIOT/examples/hello-world/bin/unwd-range-l1-r3/stm32_common_periph.a(uart.o)
 .debug_line    0x00000000000075a6      0x7bc /home/ek-181/RIOT/examples/hello-world/bin/unwd-range-l1-r3/stm32_common_periph.a(gpio.o)
 .debug_line    0x0000000000007d62      0x1db /home/ek-181/RIOT/examples/hello-world/bin/unwd-range-l1-r3/tsrb.a(tsrb.o)
 .debug_line    0x0000000000007f3d      0x5e6 /home/ek-181/RIOT/examples/hello-world/bin/unwd-range-l1-r3/periph_common.a(init.o)
 .debug_line    0x0000000000008523      0x265 /home/ek-181/RIOT/examples/hello-world/bin/unwd-range-l1-r3/application_hello-world.a(main.o)
 .debug_line    0x0000000000008788      0x513 /home/ek-181/RIOT/examples/hello-world/bin/unwd-range-l1-r3/auto_init.a(auto_init.o)
 .debug_line    0x0000000000008c9b      0x56e /home/ek-181/RIOT/examples/hello-world/bin/unwd-range-l1-r3/core.a(mutex.o)
 .debug_line    0x0000000000009209      0x62b /home/ek-181/RIOT/examples/hello-world/bin/unwd-range-l1-r3/cortexm_common.a(cortexm_init.o)
 .debug_line    0x0000000000009834      0x94c /home/ek-181/RIOT/examples/hello-world/bin/unwd-range-l1-r3/stm32_common_periph.a(rtc.o)
 .debug_line    0x000000000000a180      0x601 /home/ek-181/RIOT/examples/hello-world/bin/unwd-range-l1-r3/stm32_common.a(stmclk_common.o)

.debug_str      0x0000000000000000    0x3cceb
 .debug_str     0x0000000000000000    0x30ee6 /home/ek-181/RIOT/examples/hello-world/bin/unwd-range-l1-r3/cpu/vectors.o
                                      0x3105c (size before relaxing)
 .debug_str     0x0000000000030ee6     0x7ec7 /home/ek-181/RIOT/examples/hello-world/bin/unwd-range-l1-r3/newlib_syscalls_default/syscalls.o
                                      0x390af (size before relaxing)
 .debug_str     0x0000000000038dad      0x359 /home/ek-181/RIOT/examples/hello-world/bin/unwd-range-l1-r3/core.a(sched.o)
                                      0x36cb1 (size before relaxing)
 .debug_str     0x0000000000039106      0x242 /home/ek-181/RIOT/examples/hello-world/bin/unwd-range-l1-r3/cortexm_common.a(thread_arch.o)
                                      0x36bcb (size before relaxing)
 .debug_str     0x0000000000039348      0x44a /home/ek-181/RIOT/examples/hello-world/bin/unwd-range-l1-r3/cortexm_common.a(vectors_cortexm.o)
                                      0x3751c (size before relaxing)
 .debug_str     0x0000000000039792       0xcb /home/ek-181/RIOT/examples/hello-world/bin/unwd-range-l1-r3/cortexm_common.a(irq_arch.o)
                                      0x36a5f (size before relaxing)
 .debug_str     0x000000000003985d      0x181 /home/ek-181/RIOT/examples/hello-world/bin/unwd-range-l1-r3/stm32_common_periph.a(pm.o)
                                      0x36f93 (size before relaxing)
 .debug_str     0x00000000000399de      0xbaf /home/ek-181/RIOT/examples/hello-world/bin/unwd-range-l1-r3/uart_stdio.a(uart_stdio.o)
                                      0x37f58 (size before relaxing)
 .debug_str     0x000000000003a58d      0x13a /home/ek-181/RIOT/examples/hello-world/bin/unwd-range-l1-r3/boards_common_unwd.a(board.o)
                                      0x37cf4 (size before relaxing)
 .debug_str     0x000000000003a6c7       0xa9 /home/ek-181/RIOT/examples/hello-world/bin/unwd-range-l1-r3/core.a(panic.o)
                                      0x36f76 (size before relaxing)
 .debug_str     0x000000000003a770       0xe2 /home/ek-181/RIOT/examples/hello-world/bin/unwd-range-l1-r3/core.a(kernel_init.o)
                                      0x374d8 (size before relaxing)
 .debug_str     0x000000000003a852      0x170 /home/ek-181/RIOT/examples/hello-world/bin/unwd-range-l1-r3/core.a(thread.o)
                                      0x37134 (size before relaxing)
 .debug_str     0x000000000003a9c2      0x46d /home/ek-181/RIOT/examples/hello-world/bin/unwd-range-l1-r3/isrpipe.a(isrpipe.o)
                                      0x386af (size before relaxing)
 .debug_str     0x000000000003ae2f       0xe1 /home/ek-181/RIOT/examples/hello-world/bin/unwd-range-l1-r3/pm_layered.a(pm.o)
                                      0x36ed0 (size before relaxing)
 .debug_str     0x000000000003af10      0x154 /home/ek-181/RIOT/examples/hello-world/bin/unwd-range-l1-r3/stm32_common.a(cpu_init.o)
                                      0x36d49 (size before relaxing)
 .debug_str     0x000000000003b064      0x1e4 /home/ek-181/RIOT/examples/hello-world/bin/unwd-range-l1-r3/stm32_common.a(stmclk_l0l1.o)
                                      0x37d9f (size before relaxing)
 .debug_str     0x000000000003b248       0xcd /home/ek-181/RIOT/examples/hello-world/bin/unwd-range-l1-r3/stm32_common.a(cpu_common.o)
                                      0x377f9 (size before relaxing)
 .debug_str     0x000000000003b315      0x28a /home/ek-181/RIOT/examples/hello-world/bin/unwd-range-l1-r3/stm32_common.a(stm_status.o)
                                      0x377ef (size before relaxing)
 .debug_str     0x000000000003b59f      0x63e /home/ek-181/RIOT/examples/hello-world/bin/unwd-range-l1-r3/stm32_common_periph.a(uart.o)
                                      0x37e1a (size before relaxing)
 .debug_str     0x000000000003bbdd      0x1d9 /home/ek-181/RIOT/examples/hello-world/bin/unwd-range-l1-r3/stm32_common_periph.a(gpio.o)
                                      0x37bb5 (size before relaxing)
 .debug_str     0x000000000003bdb6       0xb2 /home/ek-181/RIOT/examples/hello-world/bin/unwd-range-l1-r3/tsrb.a(tsrb.o)
                                       0x36b8 (size before relaxing)
 .debug_str     0x000000000003be68       0xba /home/ek-181/RIOT/examples/hello-world/bin/unwd-range-l1-r3/periph_common.a(init.o)
                                      0x376be (size before relaxing)
 .debug_str     0x000000000003bf22       0xa0 /home/ek-181/RIOT/examples/hello-world/bin/unwd-range-l1-r3/application_hello-world.a(main.o)
                                       0x6ee3 (size before relaxing)
 .debug_str     0x000000000003bfc2       0x9a /home/ek-181/RIOT/examples/hello-world/bin/unwd-range-l1-r3/auto_init.a(auto_init.o)
                                      0x36a08 (size before relaxing)
 .debug_str     0x000000000003c05c       0xa7 /home/ek-181/RIOT/examples/hello-world/bin/unwd-range-l1-r3/core.a(mutex.o)
                                      0x36b36 (size before relaxing)
 .debug_str     0x000000000003c103      0x10e /home/ek-181/RIOT/examples/hello-world/bin/unwd-range-l1-r3/cortexm_common.a(cortexm_init.o)
                                      0x371d7 (size before relaxing)
 .debug_str     0x000000000003c211      0x9b2 /home/ek-181/RIOT/examples/hello-world/bin/unwd-range-l1-r3/stm32_common_periph.a(rtc.o)
                                      0x38646 (size before relaxing)
 .debug_str     0x000000000003cbc3      0x128 /home/ek-181/RIOT/examples/hello-world/bin/unwd-range-l1-r3/stm32_common.a(stmclk_common.o)
                                      0x376fb (size before relaxing)

.comment        0x0000000000000000       0x7f
 .comment       0x0000000000000000       0x7f /home/ek-181/RIOT/examples/hello-world/bin/unwd-range-l1-r3/cpu/vectors.o
                                         0x80 (size before relaxing)
 .comment       0x000000000000007f       0x80 /home/ek-181/RIOT/examples/hello-world/bin/unwd-range-l1-r3/newlib_syscalls_default/syscalls.o
 .comment       0x000000000000007f       0x80 /home/ek-181/RIOT/examples/hello-world/bin/unwd-range-l1-r3/core.a(sched.o)
 .comment       0x000000000000007f       0x80 /home/ek-181/RIOT/examples/hello-world/bin/unwd-range-l1-r3/cortexm_common.a(thread_arch.o)
 .comment       0x000000000000007f       0x80 /home/ek-181/RIOT/examples/hello-world/bin/unwd-range-l1-r3/cortexm_common.a(vectors_cortexm.o)
 .comment       0x000000000000007f       0x80 /home/ek-181/RIOT/examples/hello-world/bin/unwd-range-l1-r3/cortexm_common.a(irq_arch.o)