Archive member included to satisfy reference by file (symbol)

/home/ek-181/RIOT/examples/hello-world/bin/stm32f0discovery/core.a(sched.o)
                              /home/ek-181/RIOT/examples/hello-world/bin/stm32f0discovery/newlib_syscalls_default/syscalls.o (sched_active_pid)
/home/ek-181/RIOT/examples/hello-world/bin/stm32f0discovery/core.a(bitarithm.o)
                              /home/ek-181/RIOT/examples/hello-world/bin/stm32f0discovery/core.a(sched.o) (MultiplyDeBruijnBitPosition)
/home/ek-181/RIOT/examples/hello-world/bin/stm32f0discovery/cortexm_common.a(thread_arch.o)
                              /home/ek-181/RIOT/examples/hello-world/bin/stm32f0discovery/core.a(sched.o) (cpu_switch_context_exit)
/home/ek-181/RIOT/examples/hello-world/bin/stm32f0discovery/cortexm_common.a(vectors_cortexm.o)
                              /home/ek-181/RIOT/examples/hello-world/bin/stm32f0discovery/cpu/vectors.o (dummy_handler_default)
/home/ek-181/RIOT/examples/hello-world/bin/stm32f0discovery/cortexm_common.a(irq_arch.o)
                              /home/ek-181/RIOT/examples/hello-world/bin/stm32f0discovery/newlib_syscalls_default/syscalls.o (irq_disable)
/home/ek-181/RIOT/examples/hello-world/bin/stm32f0discovery/stm32_common_periph.a(pm.o)
                              /home/ek-181/RIOT/examples/hello-world/bin/stm32f0discovery/newlib_syscalls_default/syscalls.o (pm_off)
/home/ek-181/RIOT/examples/hello-world/bin/stm32f0discovery/uart_stdio.a(uart_stdio.o)
                              /home/ek-181/RIOT/examples/hello-world/bin/stm32f0discovery/newlib_syscalls_default/syscalls.o (uart_stdio_init)
/home/ek-181/RIOT/examples/hello-world/bin/stm32f0discovery/board.a(board.o)
                              /home/ek-181/RIOT/examples/hello-world/bin/stm32f0discovery/cortexm_common.a(vectors_cortexm.o) (board_init)
/home/ek-181/RIOT/examples/hello-world/bin/stm32f0discovery/core.a(panic.o)
                              /home/ek-181/RIOT/examples/hello-world/bin/stm32f0discovery/cortexm_common.a(vectors_cortexm.o) (core_panic)
/home/ek-181/RIOT/examples/hello-world/bin/stm32f0discovery/core.a(kernel_init.o)
                              /home/ek-181/RIOT/examples/hello-world/bin/stm32f0discovery/cortexm_common.a(vectors_cortexm.o) (kernel_init)
/home/ek-181/RIOT/examples/hello-world/bin/stm32f0discovery/core.a(thread.o)
                              /home/ek-181/RIOT/examples/hello-world/bin/stm32f0discovery/core.a(kernel_init.o) (thread_create)
/home/ek-181/RIOT/examples/hello-world/bin/stm32f0discovery/isrpipe.a(isrpipe.o)
                              /home/ek-181/RIOT/examples/hello-world/bin/stm32f0discovery/uart_stdio.a(uart_stdio.o) (isrpipe_write_one)
/home/ek-181/RIOT/examples/hello-world/bin/stm32f0discovery/pm_layered.a(pm.o)
                              /home/ek-181/RIOT/examples/hello-world/bin/stm32f0discovery/core.a(kernel_init.o) (pm_set_lowest)
/home/ek-181/RIOT/examples/hello-world/bin/stm32f0discovery/stm32_common.a(stmclk.o)
                              /home/ek-181/RIOT/examples/hello-world/bin/stm32f0discovery/stm32_common_periph.a(pm.o) (stmclk_init_sysclk)
/home/ek-181/RIOT/examples/hello-world/bin/stm32f0discovery/stm32_common.a(stmclk_common.o)
                              /home/ek-181/RIOT/examples/hello-world/bin/stm32f0discovery/stm32_common.a(stmclk.o) (stmclk_enable_hsi)
/home/ek-181/RIOT/examples/hello-world/bin/stm32f0discovery/stm32_common.a(stm_status.o)
                              /home/ek-181/RIOT/examples/hello-world/bin/stm32f0discovery/stm32_common.a(stmclk.o) (cpu_status)
/home/ek-181/RIOT/examples/hello-world/bin/stm32f0discovery/stm32_common.a(cpu_init.o)
                              /home/ek-181/RIOT/examples/hello-world/bin/stm32f0discovery/board.a(board.o) (cpu_init)
/home/ek-181/RIOT/examples/hello-world/bin/stm32f0discovery/stm32_common.a(cpu_common.o)
                              /home/ek-181/RIOT/examples/hello-world/bin/stm32f0discovery/stm32_common.a(cpu_init.o) (periph_clk_en)
/home/ek-181/RIOT/examples/hello-world/bin/stm32f0discovery/stm32_common_periph.a(uart.o)
                              /home/ek-181/RIOT/examples/hello-world/bin/stm32f0discovery/uart_stdio.a(uart_stdio.o) (uart_write)
/home/ek-181/RIOT/examples/hello-world/bin/stm32f0discovery/stm32_common_periph.a(gpio.o)
                              /home/ek-181/RIOT/examples/hello-world/bin/stm32f0discovery/board.a(board.o) (gpio_init)
/home/ek-181/RIOT/examples/hello-world/bin/stm32f0discovery/tsrb.a(tsrb.o)
                              /home/ek-181/RIOT/examples/hello-world/bin/stm32f0discovery/isrpipe.a(isrpipe.o) (tsrb_get)
/home/ek-181/RIOT/examples/hello-world/bin/stm32f0discovery/periph_common.a(init.o)
                              /home/ek-181/RIOT/examples/hello-world/bin/stm32f0discovery/stm32_common.a(cpu_init.o) (periph_init)
/home/ek-181/RIOT/examples/hello-world/bin/stm32f0discovery/application_hello-world.a(main.o)
[...]
Memory Configuration

Name             Origin             Length             Attributes
ccmram           0x0000000010000000 0x0000000000000000
rom              0x0000000008000000 0x0000000000010000 xr
ram              0x0000000020000000 0x0000000000002000 w !xr
*default*        0x0000000000000000 0xffffffffffffffff

Linker script and memory map

LOAD /home/ek-181/RIOT/examples/hello-world/bin/stm32f0discovery/cpu/vectors.o
LOAD /home/ek-181/RIOT/examples/hello-world/bin/stm32f0discovery/newlib_syscalls_default/syscalls.o
START GROUP
LOAD /home/ek-181/RIOT/examples/hello-world/bin/stm32f0discovery/application_hello-world.a
LOAD /home/ek-181/RIOT/examples/hello-world/bin/stm32f0discovery/auto_init.a
LOAD /home/ek-181/RIOT/examples/hello-world/bin/stm32f0discovery/board.a
LOAD /home/ek-181/RIOT/examples/hello-world/bin/stm32f0discovery/core.a
LOAD /home/ek-181/RIOT/examples/hello-world/bin/stm32f0discovery/cortexm_common.a
LOAD /home/ek-181/RIOT/examples/hello-world/bin/stm32f0discovery/cortexm_common_periph.a
LOAD /home/ek-181/RIOT/examples/hello-world/bin/stm32f0discovery/cpu.a
LOAD /home/ek-181/RIOT/examples/hello-world/bin/stm32f0discovery/isrpipe.a
LOAD /home/ek-181/RIOT/examples/hello-world/bin/stm32f0discovery/newlib_syscalls_default.a
LOAD /home/ek-181/RIOT/examples/hello-world/bin/stm32f0discovery/periph.a
LOAD /home/ek-181/RIOT/examples/hello-world/bin/stm32f0discovery/pm_layered.a
LOAD /home/ek-181/RIOT/examples/hello-world/bin/stm32f0discovery/stm32_common.a
LOAD /home/ek-181/RIOT/examples/hello-world/bin/stm32f0discovery/stm32_common_periph.a
LOAD /home/ek-181/RIOT/examples/hello-world/bin/stm32f0discovery/sys.a
LOAD /home/ek-181/RIOT/examples/hello-world/bin/stm32f0discovery/tsrb.a
LOAD /home/ek-181/RIOT/examples/hello-world/bin/stm32f0discovery/uart_stdio.a
LOAD /home/ek-181/RIOT/examples/hello-world/bin/stm32f0discovery/periph_common.a
LOAD /usr/bin/../lib/gcc/arm-none-eabi/7.3.1/../../../../arm-none-eabi/lib/thumb/v6-m/libm.a
END GROUP
LOAD /usr/bin/../lib/gcc/arm-none-eabi/7.3.1/thumb/v6-m/libgcc.a
                0x0000000008000000                _rom_start_addr = 0x8000000
                0x0000000020000000                _ram_start_addr = 0x20000000
                0x0000000000010000                _rom_length = 0x10000
                0x0000000000002000                _ram_length = 0x2000
LOAD /usr/bin/../lib/gcc/arm-none-eabi/7.3.1/../../../../arm-none-eabi/lib/thumb/v6-m/libc_nano.a
START GROUP
LOAD /usr/bin/../lib/gcc/arm-none-eabi/7.3.1/thumb/v6-m/libgcc.a
LOAD /usr/bin/../lib/gcc/arm-none-eabi/7.3.1/../../../../arm-none-eabi/lib/thumb/v6-m/libg_nano.a
LOAD /usr/bin/../lib/gcc/arm-none-eabi/7.3.1/../../../../arm-none-eabi/lib/thumb/v6-m/libc_nano.a
END GROUP
START GROUP
LOAD /usr/bin/../lib/gcc/arm-none-eabi/7.3.1/thumb/v6-m/libgcc.a
LOAD /usr/bin/../lib/gcc/arm-none-eabi/7.3.1/../../../../arm-none-eabi/lib/thumb/v6-m/libc_nano.a
END GROUP
                0x0000000000000000                ccmram_length = DEFINED (ccmram_len)?ccmram_len:0x0
                0x0000000000000000                _boot_offset = DEFINED (_rom_offset)?_rom_offset:0x0

.text           0x0000000008000000     0x2918
                0x0000000008000000                . = ALIGN (0x4)
                0x0000000008000000                _sfixed = .
                0x0000000008000000                _isr_vectors = DEFINED (_isr_vectors)?_isr_vectors:.
 *(SORT_BY_NAME(.vectors*))
 .vectors.0     0x0000000008000000       0x40 /home/ek-181/RIOT/examples/hello-world/bin/stm32f0discovery/cortexm_common.a(vectors_cortexm.o)
                0x0000000008000000                cortex_vector_base
 .vectors.1     0x0000000008000040       0x7c /home/ek-181/RIOT/examples/hello-world/bin/stm32f0discovery/cpu/vectors.o
                0x0000000008000040                vector_cpu
 *(.text .text.* .gnu.linkonce.t.*)
 .text.dummy_handler
                0x00000000080000bc        0x8 /home/ek-181/RIOT/examples/hello-world/bin/stm32f0discovery/cpu/vectors.o
                0x00000000080000bc                isr_pvd
                0x00000000080000bc                isr_i2c1
                0x00000000080000bc                isr_tim16
                0x00000000080000bc                isr_tsc
                0x00000000080000bc                isr_cec_can
                0x00000000080000bc                isr_tim7
                0x00000000080000bc                isr_dma1_channel4_5
                0x00000000080000bc                isr_tim1_brk_up_trg_com
                0x00000000080000bc                isr_dma1_channel4_5_6_7
                0x00000000080000bc                isr_i2c2
                0x00000000080000bc                isr_tim2
                0x00000000080000bc                isr_dma1_channel2_3
                0x00000000080000bc                isr_spi2
                0x00000000080000bc                isr_dma1_channel1
                0x00000000080000bc                dummy_handler
                0x00000000080000bc                isr_dma1_ch1
                0x00000000080000bc                isr_spi1
                0x00000000080000bc                isr_tim6
                0x00000000080000bc                isr_rcc
                0x00000000080000bc                isr_flash
                0x00000000080000bc                isr_tim1_cc
                0x00000000080000bc                isr_tim14
                0x00000000080000bc                isr_usb
                0x00000000080000bc                isr_adc1_comp
                0x00000000080000bc                isr_usart3_4
                0x00000000080000bc                isr_tim17
                0x00000000080000bc                isr_adc1
                0x00000000080000bc                isr_tim6_dac
                0x00000000080000bc                isr_dma1_ch4_7_dma2_ch3_5
                0x00000000080000bc                isr_pvd_vddio2
                0x00000000080000bc                isr_tim3
                0x00000000080000bc                isr_tim15
                0x00000000080000bc                isr_rcc_crs
                0x00000000080000bc                isr_usart3_8
                0x00000000080000bc                isr_dma1_ch2_3_dma2_ch1_2
                0x00000000080000bc                isr_wwdg
 .text._init    0x00000000080000c4        0x8 /home/ek-181/RIOT/examples/hello-world/bin/stm32f0discovery/newlib_syscalls_default/syscalls.o
                0x00000000080000c4                _init
 .text._fini    0x00000000080000cc        0x2 /home/ek-181/RIOT/examples/hello-world/bin/stm32f0discovery/newlib_syscalls_default/syscalls.o
                0x00000000080000cc                _fini
 *fill*         0x00000000080000ce        0x2 
 .text._sbrk_r  0x00000000080000d0       0x3c /home/ek-181/RIOT/examples/hello-world/bin/stm32f0discovery/newlib_syscalls_default/syscalls.o
                0x00000000080000d0                _sbrk_r
 .text._read_r  0x000000000800010c        0xc /home/ek-181/RIOT/examples/hello-world/bin/stm32f0discovery/newlib_syscalls_default/syscalls.o
                0x000000000800010c                _read_r
 .text._write_r
                0x0000000008000118        0xc /home/ek-181/RIOT/examples/hello-world/bin/stm32f0discovery/newlib_syscalls_default/syscalls.o
                0x0000000008000118                _write_r
 .text._close_r
                0x0000000008000124        0xa /home/ek-181/RIOT/examples/hello-world/bin/stm32f0discovery/newlib_syscalls_default/syscalls.o
                0x0000000008000124                _close_r
 .text._lseek_r
                0x000000000800012e        0xa /home/ek-181/RIOT/examples/hello-world/bin/stm32f0discovery/newlib_syscalls_default/syscalls.o
                0x000000000800012e                _lseek_r
 .text._fstat_r
                0x0000000008000138        0xa /home/ek-181/RIOT/examples/hello-world/bin/stm32f0discovery/newlib_syscalls_default/syscalls.o
                0x0000000008000138                _fstat_r
 .text._isatty_r
                0x0000000008000142        0xe /home/ek-181/RIOT/examples/hello-world/bin/stm32f0discovery/newlib_syscalls_default/syscalls.o
                0x0000000008000142                _isatty_r
 .text.sched_run
                0x0000000008000150       0x68 /home/ek-181/RIOT/examples/hello-world/bin/stm32f0discovery/core.a(sched.o)
                0x0000000008000150                sched_run
 .text.sched_set_status
                0x00000000080001b8       0x7c /home/ek-181/RIOT/examples/hello-world/bin/stm32f0discovery/core.a(sched.o)
                0x00000000080001b8                sched_set_status
 .text.sched_switch
                0x0000000008000234       0x30 /home/ek-181/RIOT/examples/hello-world/bin/stm32f0discovery/core.a(sched.o)
                0x0000000008000234                sched_switch
 .text.sched_task_exit
                0x0000000008000264       0x3c /home/ek-181/RIOT/examples/hello-world/bin/stm32f0discovery/core.a(sched.o)
                0x0000000008000264                sched_task_exit
 .text.thread_stack_init
                0x00000000080002a0       0x90 /home/ek-181/RIOT/examples/hello-world/bin/stm32f0discovery/cortexm_common.a(thread_arch.o)
                0x00000000080002a0                thread_stack_init
 .text.cpu_switch_context_exit
                0x0000000008000330        0x8 /home/ek-181/RIOT/examples/hello-world/bin/stm32f0discovery/cortexm_common.a(thread_arch.o)
                0x0000000008000330                cpu_switch_context_exit
 .text.thread_yield_higher
                0x0000000008000338       0x14 /home/ek-181/RIOT/examples/hello-world/bin/stm32f0discovery/cortexm_common.a(thread_arch.o)
                0x0000000008000338                thread_yield_higher
 .text.isr_pendsv
                0x000000000800034c       0x28 /home/ek-181/RIOT/examples/hello-world/bin/stm32f0discovery/cortexm_common.a(thread_arch.o)
                0x000000000800034c                isr_pendsv
 .text.isr_svc  0x0000000008000374       0x2c /home/ek-181/RIOT/examples/hello-world/bin/stm32f0discovery/cortexm_common.a(thread_arch.o)
                0x0000000008000374                isr_svc
 .text.hard_fault_default
                0x00000000080003a0       0x70 /home/ek-181/RIOT/examples/hello-world/bin/stm32f0discovery/cortexm_common.a(vectors_cortexm.o)
                0x00000000080003a0                hard_fault_default
 .text.nmi_default
                0x0000000008000410       0x10 /home/ek-181/RIOT/examples/hello-world/bin/stm32f0discovery/cortexm_common.a(vectors_cortexm.o)
                0x0000000008000410                nmi_default
 .text.dummy_handler_default
                0x0000000008000420       0x10 /home/ek-181/RIOT/examples/hello-world/bin/stm32f0discovery/cortexm_common.a(vectors_cortexm.o)
                0x0000000008000420                dummy_handler_default
                0x0000000008000420                isr_systick
 .text.pre_startup
                0x0000000008000430        0x2 /home/ek-181/RIOT/examples/hello-world/bin/stm32f0discovery/cortexm_common.a(vectors_cortexm.o)
                0x0000000008000430                pre_startup
 .text.post_startup
                0x0000000008000432        0x2 /home/ek-181/RIOT/examples/hello-world/bin/stm32f0discovery/cortexm_common.a(vectors_cortexm.o)
                0x0000000008000432                post_startup
 .text.reset_handler_default
                0x0000000008000434       0x68 /home/ek-181/RIOT/examples/hello-world/bin/stm32f0discovery/cortexm_common.a(vectors_cortexm.o)
                0x0000000008000434                reset_handler_default
 .text.hard_fault_handler
                0x000000000800049c      0x118 /home/ek-181/RIOT/examples/hello-world/bin/stm32f0discovery/cortexm_common.a(vectors_cortexm.o)
                0x000000000800049c                hard_fault_handler
 .text.irq_disable
                0x00000000080005b4        0x8 /home/ek-181/RIOT/examples/hello-world/bin/stm32f0discovery/cortexm_common.a(irq_arch.o)
                0x00000000080005b4                irq_disable
 .text.irq_enable
                0x00000000080005bc        0x8 /home/ek-181/RIOT/examples/hello-world/bin/stm32f0discovery/cortexm_common.a(irq_arch.o)
                0x00000000080005bc                irq_enable
 .text.irq_restore
                0x00000000080005c4        0x6 /home/ek-181/RIOT/examples/hello-world/bin/stm32f0discovery/cortexm_common.a(irq_arch.o)
                0x00000000080005c4                irq_restore
 .text.irq_is_in
                0x00000000080005ca        0x8 /home/ek-181/RIOT/examples/hello-world/bin/stm32f0discovery/cortexm_common.a(irq_arch.o)
                0x00000000080005ca                irq_is_in
 *fill*         0x00000000080005d2        0x2 
 .text.cortexm_sleep.constprop.0
                0x00000000080005d4       0x20 /home/ek-181/RIOT/examples/hello-world/bin/stm32f0discovery/stm32_common_periph.a(pm.o)
 .text.pm_set   0x00000000080005f4       0x50 /home/ek-181/RIOT/examples/hello-world/bin/stm32f0discovery/stm32_common_periph.a(pm.o)
                0x00000000080005f4                pm_set
 .text.pm_off   0x0000000008000644       0x14 /home/ek-181/RIOT/examples/hello-world/bin/stm32f0discovery/stm32_common_periph.a(pm.o)
                0x0000000008000644                pm_off
 .text.uart_stdio_init
                0x0000000008000658       0x1c /home/ek-181/RIOT/examples/hello-world/bin/stm32f0discovery/uart_stdio.a(uart_stdio.o)
                0x0000000008000658                uart_stdio_init
 .text.uart_stdio_read
                0x0000000008000674       0x14 /home/ek-181/RIOT/examples/hello-world/bin/stm32f0discovery/uart_stdio.a(uart_stdio.o)
                0x0000000008000674                uart_stdio_read
 .text.uart_stdio_write
                0x0000000008000688       0x12 /home/ek-181/RIOT/examples/hello-world/bin/stm32f0discovery/uart_stdio.a(uart_stdio.o)
                0x0000000008000688                uart_stdio_write
 *fill*         0x000000000800069a        0x2 
 .text.board_init
                0x000000000800069c       0x20 /home/ek-181/RIOT/examples/hello-world/bin/stm32f0discovery/board.a(board.o)
                0x000000000800069c                board_init
 .text.panic_arch
                0x00000000080006bc        0x2 /home/ek-181/RIOT/examples/hello-world/bin/stm32f0discovery/core.a(panic.o)
                0x00000000080006bc                panic_arch
 *fill*         0x00000000080006be        0x2 
 .text.core_panic
                0x00000000080006c0       0x48 /home/ek-181/RIOT/examples/hello-world/bin/stm32f0discovery/core.a(panic.o)
                0x00000000080006c0                core_panic
 .text.main_trampoline
                0x0000000008000708       0x18 /home/ek-181/RIOT/examples/hello-world/bin/stm32f0discovery/core.a(kernel_init.o)
 .text.idle_thread
                0x0000000008000720        0x8 /home/ek-181/RIOT/examples/hello-world/bin/stm32f0discovery/core.a(kernel_init.o)
 .text.kernel_init
                0x0000000008000728       0x58 /home/ek-181/RIOT/examples/hello-world/bin/stm32f0discovery/core.a(kernel_init.o)
                0x0000000008000728                kernel_init
 .text.thread_add_to_list
                0x0000000008000780       0x34 /home/ek-181/RIOT/examples/hello-world/bin/stm32f0discovery/core.a(thread.o)
                0x0000000008000780                thread_add_to_list
 .text.thread_create
                0x00000000080007b4       0xe8 /home/ek-181/RIOT/examples/hello-world/bin/stm32f0discovery/core.a(thread.o)
                0x00000000080007b4                thread_create
 .text.isrpipe_write_one
                0x000000000800089c       0x16 /home/ek-181/RIOT/examples/hello-world/bin/stm32f0discovery/isrpipe.a(isrpipe.o)
                0x000000000800089c                isrpipe_write_one
 .text.isrpipe_read
                0x00000000080008b2       0x24 /home/ek-181/RIOT/examples/hello-world/bin/stm32f0discovery/isrpipe.a(isrpipe.o)
                0x00000000080008b2                isrpipe_read
 *fill*         0x00000000080008d6        0x2 
 .text.pm_set_lowest
                0x00000000080008d8       0x38 /home/ek-181/RIOT/examples/hello-world/bin/stm32f0discovery/pm_layered.a(pm.o)
                0x00000000080008d8                pm_set_lowest
 .text.stmclk_init_sysclk
                0x0000000008000910       0x98 /home/ek-181/RIOT/examples/hello-world/bin/stm32f0discovery/stm32_common.a(stmclk.o)
                0x0000000008000910                stmclk_init_sysclk
 .text.stmclk_enable_hsi
                0x00000000080009a8       0x18 /home/ek-181/RIOT/examples/hello-world/bin/stm32f0discovery/stm32_common.a(stmclk_common.o)
                0x00000000080009a8                stmclk_enable_hsi
 .text.stmclk_disable_hsi
                0x00000000080009c0       0x18 /home/ek-181/RIOT/examples/hello-world/bin/stm32f0discovery/stm32_common.a(stmclk_common.o)
                0x00000000080009c0                stmclk_disable_hsi
 .text.stmclk_enable_lfclk
                0x00000000080009d8       0x18 /home/ek-181/RIOT/examples/hello-world/bin/stm32f0discovery/stm32_common.a(stmclk_common.o)
                0x00000000080009d8                stmclk_enable_lfclk
 .text.stmclk_dbp_unlock
                0x00000000080009f0       0x14 /home/ek-181/RIOT/examples/hello-world/bin/stm32f0discovery/stm32_common.a(stmclk_common.o)
                0x00000000080009f0                stmclk_dbp_unlock
 .text.cpu_init_status
                0x0000000008000a04      0x164 /home/ek-181/RIOT/examples/hello-world/bin/stm32f0discovery/stm32_common.a(stm_status.o)
                0x0000000008000a04                cpu_init_status
 .text.cpu_init
                0x0000000008000b68       0x1e /home/ek-181/RIOT/examples/hello-world/bin/stm32f0discovery/stm32_common.a(cpu_init.o)
                0x0000000008000b68                cpu_init
 *fill*         0x0000000008000b86        0x2 
 .text.periph_apb_clk
                0x0000000008000b88        0xc /home/ek-181/RIOT/examples/hello-world/bin/stm32f0discovery/stm32_common.a(cpu_common.o)
                0x0000000008000b88                periph_apb_clk
 .text.periph_clk_en
                0x0000000008000b94       0x34 /home/ek-181/RIOT/examples/hello-world/bin/stm32f0discovery/stm32_common.a(cpu_common.o)
                0x0000000008000b94                periph_clk_en
 .text.periph_clk_dis
                0x0000000008000bc8       0x30 /home/ek-181/RIOT/examples/hello-world/bin/stm32f0discovery/stm32_common.a(cpu_common.o)
                0x0000000008000bc8                periph_clk_dis
 .text.irq_handler
                0x0000000008000bf8       0x48 /home/ek-181/RIOT/examples/hello-world/bin/stm32f0discovery/stm32_common_periph.a(uart.o)
 .text.uart_set_baudrate
                0x0000000008000c40       0x80 /home/ek-181/RIOT/examples/hello-world/bin/stm32f0discovery/stm32_common_periph.a(uart.o)
                0x0000000008000c40                uart_set_baudrate
 .text.uart_write
                0x0000000008000cc0       0x40 /home/ek-181/RIOT/examples/hello-world/bin/stm32f0discovery/stm32_common_periph.a(uart.o)
                0x0000000008000cc0                uart_write
 .text.uart_poweron
                0x0000000008000d00       0x28 /home/ek-181/RIOT/examples/hello-world/bin/stm32f0discovery/stm32_common_periph.a(uart.o)
                0x0000000008000d00                uart_poweron
 .text.uart_init_ext
                0x0000000008000d28      0x124 /home/ek-181/RIOT/examples/hello-world/bin/stm32f0discovery/stm32_common_periph.a(uart.o)
                0x0000000008000d28                uart_init_ext
 .text.uart_init
                0x0000000008000e4c       0x16 /home/ek-181/RIOT/examples/hello-world/bin/stm32f0discovery/stm32_common_periph.a(uart.o)
                0x0000000008000e4c                uart_init
 .text.isr_usart1
                0x0000000008000e62        0xa /home/ek-181/RIOT/examples/hello-world/bin/stm32f0discovery/stm32_common_periph.a(uart.o)
                0x0000000008000e62                isr_usart1
 .text.isr_usart2
                0x0000000008000e6c        0xa /home/ek-181/RIOT/examples/hello-world/bin/stm32f0discovery/stm32_common_periph.a(uart.o)
                0x0000000008000e6c                isr_usart2
 .text.gpio_init
                0x0000000008000e76       0x7a /home/ek-181/RIOT/examples/hello-world/bin/stm32f0discovery/stm32_common_periph.a(gpio.o)
                0x0000000008000e76                gpio_init
 .text.gpio_init_af
                0x0000000008000ef0       0x40 /home/ek-181/RIOT/examples/hello-world/bin/stm32f0discovery/stm32_common_periph.a(gpio.o)
                0x0000000008000ef0                gpio_init_af
 .text.gpio_set
                0x0000000008000f30       0x14 /home/ek-181/RIOT/examples/hello-world/bin/stm32f0discovery/stm32_common_periph.a(gpio.o)
                0x0000000008000f30                gpio_set
 .text.isr_exti
                0x0000000008000f44       0x44 /home/ek-181/RIOT/examples/hello-world/bin/stm32f0discovery/stm32_common_periph.a(gpio.o)
                0x0000000008000f44                isr_exti
 .text.tsrb_get
                0x0000000008000f88       0x2c /home/ek-181/RIOT/examples/hello-world/bin/stm32f0discovery/tsrb.a(tsrb.o)
                0x0000000008000f88                tsrb_get
 .text.tsrb_add_one
                0x0000000008000fb4       0x26 /home/ek-181/RIOT/examples/hello-world/bin/stm32f0discovery/tsrb.a(tsrb.o)
                0x0000000008000fb4                tsrb_add_one
 .text.periph_init
                0x0000000008000fda        0x8 /home/ek-181/RIOT/examples/hello-world/bin/stm32f0discovery/periph_common.a(init.o)
                0x0000000008000fda                periph_init
 *fill*         0x0000000008000fe2        0x2 
 .text.startup.main
                0x0000000008000fe4       0x30 /home/ek-181/RIOT/examples/hello-world/bin/stm32f0discovery/application_hello-world.a(main.o)
                0x0000000008000fe4                main
 .text.auto_init
                0x0000000008001014        0x2 /home/ek-181/RIOT/examples/hello-world/bin/stm32f0discovery/auto_init.a(auto_init.o)
                0x0000000008001014                auto_init
 *fill*         0x0000000008001016        0x2 
 .text._mutex_lock
                0x0000000008001018       0x60 /home/ek-181/RIOT/examples/hello-world/bin/stm32f0discovery/core.a(mutex.o)
                0x0000000008001018                _mutex_lock
 .text.mutex_unlock
                0x0000000008001078       0x4a /home/ek-181/RIOT/examples/hello-world/bin/stm32f0discovery/core.a(mutex.o)
                0x0000000008001078                mutex_unlock
 *fill*         0x00000000080010c2        0x2 
 .text.cortexm_init
                0x00000000080010c4       0x70 /home/ek-181/RIOT/examples/hello-world/bin/stm32f0discovery/cortexm_common.a(cortexm_init.o)
                0x00000000080010c4                cortexm_init
 .text.cpu_check_address
                0x0000000008001134       0x20 /home/ek-181/RIOT/examples/hello-world/bin/stm32f0discovery/cortexm_common.a(cortexm_init.o)
                0x0000000008001134                cpu_check_address
 .text.cpu_find_memory_size
                0x0000000008001154       0x20 /home/ek-181/RIOT/examples/hello-world/bin/stm32f0discovery/cortexm_common.a(cortexm_init.o)
                0x0000000008001154                cpu_find_memory_size
 .text.rtc_init
                0x0000000008001174       0xac /home/ek-181/RIOT/examples/hello-world/bin/stm32f0discovery/stm32_common_periph.a(rtc.o)
                0x0000000008001174                rtc_init
 .text.isr_rtc  0x0000000008001220       0x4c /home/ek-181/RIOT/examples/hello-world/bin/stm32f0discovery/stm32_common_periph.a(rtc.o)
                0x0000000008001220                isr_rtc
 .text          0x000000000800126c      0x114 /usr/bin/../lib/gcc/arm-none-eabi/7.3.1/thumb/v6-m/libgcc.a(_udivsi3.o)
                0x000000000800126c                __udivsi3
                0x000000000800126c                __aeabi_uidiv
                0x0000000008001378                __aeabi_uidivmod
 .text          0x0000000008001380        0x4 /usr/bin/../lib/gcc/arm-none-eabi/7.3.1/thumb/v6-m/libgcc.a(_dvmd_tls.o)
                0x0000000008001380                __aeabi_ldiv0
                0x0000000008001380                __aeabi_idiv0
 .text.__libc_init_array
                0x0000000008001384       0x48 /usr/bin/../lib/gcc/arm-none-eabi/7.3.1/../../../../arm-none-eabi/lib/thumb/v6-m/libc_nano.a(lib_a-init.o)
                0x0000000008001384                __libc_init_array
 .text.memset   0x00000000080013cc       0x10 /usr/bin/../lib/gcc/arm-none-eabi/7.3.1/../../../../arm-none-eabi/lib/thumb/v6-m/libc_nano.a(lib_a-memset.o)
                0x00000000080013cc                memset
 .text.printf   0x00000000080013dc       0x34 /usr/bin/../lib/gcc/arm-none-eabi/7.3.1/../../../../arm-none-eabi/lib/thumb/v6-m/libc_nano.a(lib_a-printf.o)
                0x00000000080013dc                printf
                0x00000000080013dc                iprintf
 .text._puts_r  0x0000000008001410       0xc0 /usr/bin/../lib/gcc/arm-none-eabi/7.3.1/../../../../arm-none-eabi/lib/thumb/v6-m/libc_nano.a(lib_a-puts.o)
                0x0000000008001410                _puts_r
 .text.puts     0x00000000080014d0       0x14 /usr/bin/../lib/gcc/arm-none-eabi/7.3.1/../../../../arm-none-eabi/lib/thumb/v6-m/libc_nano.a(lib_a-puts.o)
                0x00000000080014d0                puts
 .text.snprintf
                0x00000000080014e4       0x64 /usr/bin/../lib/gcc/arm-none-eabi/7.3.1/../../../../arm-none-eabi/lib/thumb/v6-m/libc_nano.a(lib_a-snprintf.o)
                0x00000000080014e4                snprintf
                0x00000000080014e4                sniprintf
 .text.__swbuf_r
                0x0000000008001548       0xac /usr/bin/../lib/gcc/arm-none-eabi/7.3.1/../../../../arm-none-eabi/lib/thumb/v6-m/libc_nano.a(lib_a-wbuf.o)
                0x0000000008001548                __swbuf_r
 .text.__swsetup_r
                0x00000000080015f4       0xec /usr/bin/../lib/gcc/arm-none-eabi/7.3.1/../../../../arm-none-eabi/lib/thumb/v6-m/libc_nano.a(lib_a-wsetup.o)
                0x00000000080015f4                __swsetup_r
 .text.__sflush_r
                0x00000000080016e0      0x114 /usr/bin/../lib/gcc/arm-none-eabi/7.3.1/../../../../arm-none-eabi/lib/thumb/v6-m/libc_nano.a(lib_a-fflush.o)
                0x00000000080016e0                __sflush_r
 .text._fflush_r
                0x00000000080017f4       0x58 /usr/bin/../lib/gcc/arm-none-eabi/7.3.1/../../../../arm-none-eabi/lib/thumb/v6-m/libc_nano.a(lib_a-fflush.o)
                0x00000000080017f4                _fflush_r
 .text.std      0x000000000800184c       0x48 /usr/bin/../lib/gcc/arm-none-eabi/7.3.1/../../../../arm-none-eabi/lib/thumb/v6-m/libc_nano.a(lib_a-findfp.o)
 .text._cleanup_r
                0x0000000008001894       0x10 /usr/bin/../lib/gcc/arm-none-eabi/7.3.1/../../../../arm-none-eabi/lib/thumb/v6-m/libc_nano.a(lib_a-findfp.o)
                0x0000000008001894                _cleanup_r
 .text.__sfmoreglue
                0x00000000080018a4       0x2c /usr/bin/../lib/gcc/arm-none-eabi/7.3.1/../../../../arm-none-eabi/lib/thumb/v6-m/libc_nano.a(lib_a-findfp.o)
                0x00000000080018a4                __sfmoreglue
 .text.__sinit  0x00000000080018d0       0x68 /usr/bin/../lib/gcc/arm-none-eabi/7.3.1/../../../../arm-none-eabi/lib/thumb/v6-m/libc_nano.a(lib_a-findfp.o)
                0x00000000080018d0                __sinit
 .text.__sfp    0x0000000008001938       0x7c /usr/bin/../lib/gcc/arm-none-eabi/7.3.1/../../../../arm-none-eabi/lib/thumb/v6-m/libc_nano.a(lib_a-findfp.o)
                0x0000000008001938                __sfp
 .text._fwalk_reent
                0x00000000080019b4       0x42 /usr/bin/../lib/gcc/arm-none-eabi/7.3.1/../../../../arm-none-eabi/lib/thumb/v6-m/libc_nano.a(lib_a-fwalk.o)
                0x00000000080019b4                _fwalk_reent
 *fill*         0x00000000080019f6        0x2 
 .text.__swhatbuf_r
                0x00000000080019f8       0x50 /usr/bin/../lib/gcc/arm-none-eabi/7.3.1/../../../../arm-none-eabi/lib/thumb/v6-m/libc_nano.a(lib_a-makebuf.o)
                0x00000000080019f8                __swhatbuf_r
 .text.__smakebuf_r
                0x0000000008001a48       0x88 /usr/bin/../lib/gcc/arm-none-eabi/7.3.1/../../../../arm-none-eabi/lib/thumb/v6-m/libc_nano.a(lib_a-makebuf.o)
                0x0000000008001a48                __smakebuf_r
 .text._free_r  0x0000000008001ad0       0x94 /usr/bin/../lib/gcc/arm-none-eabi/7.3.1/../../../../arm-none-eabi/lib/thumb/v6-m/libc_nano.a(lib_a-nano-freer.o)
                0x0000000008001ad0                _free_r
 .text._malloc_r
                0x0000000008001b64       0xbc /usr/bin/../lib/gcc/arm-none-eabi/7.3.1/../../../../arm-none-eabi/lib/thumb/v6-m/libc_nano.a(lib_a-nano-mallocr.o)
                0x0000000008001b64                _malloc_r
 .text.__ssputs_r
                0x0000000008001c20       0xc4 /usr/bin/../lib/gcc/arm-none-eabi/7.3.1/../../../../arm-none-eabi/lib/thumb/v6-m/libc_nano.a(lib_a-nano-svfprintf.o)
                0x0000000008001c20                __ssputs_r
 .text._svfprintf_r
                0x0000000008001ce4      0x1fc /usr/bin/../lib/gcc/arm-none-eabi/7.3.1/../../../../arm-none-eabi/lib/thumb/v6-m/libc_nano.a(lib_a-nano-svfprintf.o)
                0x0000000008001ce4                _svfprintf_r
                0x0000000008001ce4                _svfiprintf_r
 .text.__sfputc_r
                0x0000000008001ee0       0x2a /usr/bin/../lib/gcc/arm-none-eabi/7.3.1/../../../../arm-none-eabi/lib/thumb/v6-m/libc_nano.a(lib_a-nano-vfprintf.o)
 .text.__sfputs_r
                0x0000000008001f0a       0x24 /usr/bin/../lib/gcc/arm-none-eabi/7.3.1/../../../../arm-none-eabi/lib/thumb/v6-m/libc_nano.a(lib_a-nano-vfprintf.o)
                0x0000000008001f0a                __sfputs_r
 *fill*         0x0000000008001f2e        0x2 
 .text._vfprintf_r
                0x0000000008001f30      0x22c /usr/bin/../lib/gcc/arm-none-eabi/7.3.1/../../../../arm-none-eabi/lib/thumb/v6-m/libc_nano.a(lib_a-nano-vfprintf.o)
                0x0000000008001f30                _vfiprintf_r
                0x0000000008001f30                _vfprintf_r
 .text._printf_common
                0x000000000800215c       0xda /usr/bin/../lib/gcc/arm-none-eabi/7.3.1/../../../../arm-none-eabi/lib/thumb/v6-m/libc_nano.a(lib_a-nano-vfprintf_i.o)
                0x000000000800215c                _printf_common
 *fill*         0x0000000008002236        0x2 
 .text._printf_i
                0x0000000008002238      0x210 /usr/bin/../lib/gcc/arm-none-eabi/7.3.1/../../../../arm-none-eabi/lib/thumb/v6-m/libc_nano.a(lib_a-nano-vfprintf_i.o)
                0x0000000008002238                _printf_i
 .text.__sread  0x0000000008002448       0x28 /usr/bin/../lib/gcc/arm-none-eabi/7.3.1/../../../../arm-none-eabi/lib/thumb/v6-m/libc_nano.a(lib_a-stdio.o)
                0x0000000008002448                __sread
 .text.__swrite
                0x0000000008002470       0x38 /usr/bin/../lib/gcc/arm-none-eabi/7.3.1/../../../../arm-none-eabi/lib/thumb/v6-m/libc_nano.a(lib_a-stdio.o)
                0x0000000008002470                __swrite
 .text.__sseek  0x00000000080024a8       0x2c /usr/bin/../lib/gcc/arm-none-eabi/7.3.1/../../../../arm-none-eabi/lib/thumb/v6-m/libc_nano.a(lib_a-stdio.o)
                0x00000000080024a8                __sseek
 .text.__sclose
                0x00000000080024d4        0xc /usr/bin/../lib/gcc/arm-none-eabi/7.3.1/../../../../arm-none-eabi/lib/thumb/v6-m/libc_nano.a(lib_a-stdio.o)
                0x00000000080024d4                __sclose
 .text.memchr   0x00000000080024e0       0x16 /usr/bin/../lib/gcc/arm-none-eabi/7.3.1/../../../../arm-none-eabi/lib/thumb/v6-m/libc_nano.a(lib_a-memchr-stub.o)
                0x00000000080024e0                memchr
 .text.memcpy   0x00000000080024f6       0x12 /usr/bin/../lib/gcc/arm-none-eabi/7.3.1/../../../../arm-none-eabi/lib/thumb/v6-m/libc_nano.a(lib_a-memcpy-stub.o)
                0x00000000080024f6                memcpy
 .text.memmove  0x0000000008002508       0x26 /usr/bin/../lib/gcc/arm-none-eabi/7.3.1/../../../../arm-none-eabi/lib/thumb/v6-m/libc_nano.a(lib_a-memmove.o)
                0x0000000008002508                memmove
 .text.__malloc_lock
                0x000000000800252e        0x2 /usr/bin/../lib/gcc/arm-none-eabi/7.3.1/../../../../arm-none-eabi/lib/thumb/v6-m/libc_nano.a(lib_a-mlock.o)
                0x000000000800252e                __malloc_lock
 .text.__malloc_unlock
                0x0000000008002530        0x2 /usr/bin/../lib/gcc/arm-none-eabi/7.3.1/../../../../arm-none-eabi/lib/thumb/v6-m/libc_nano.a(lib_a-mlock.o)
                0x0000000008002530                __malloc_unlock
 .text._realloc_r
                0x0000000008002532       0x4c /usr/bin/../lib/gcc/arm-none-eabi/7.3.1/../../../../arm-none-eabi/lib/thumb/v6-m/libc_nano.a(lib_a-nano-reallocr.o)
                0x0000000008002532                _realloc_r
 .text._malloc_usable_size_r
                0x000000000800257e       0x10 /usr/bin/../lib/gcc/arm-none-eabi/7.3.1/../../../../arm-none-eabi/lib/thumb/v6-m/libc_nano.a(lib_a-nano-msizer.o)
                0x000000000800257e                _malloc_usable_size_r
 *(.glue_7t)
 .glue_7t       0x000000000800258e        0x0 linker stubs
 *(.glue_7)
 .glue_7        0x000000000800258e        0x0 linker stubs
 *(.rodata .rodata* .gnu.linkonce.r.*)
 .rodata.MultiplyDeBruijnBitPosition
                0x000000000800258e       0x20 /home/ek-181/RIOT/examples/hello-world/bin/stm32f0discovery/core.a(bitarithm.o)
                0x000000000800258e                MultiplyDeBruijnBitPosition
 .rodata.dummy_handler_default.str1.1
                0x00000000080025ae        0xe /home/ek-181/RIOT/examples/hello-world/bin/stm32f0discovery/cortexm_common.a(vectors_cortexm.o)
 .rodata.hard_fault_handler.str1.1
                0x00000000080025bc      0x18b /home/ek-181/RIOT/examples/hello-world/bin/stm32f0discovery/cortexm_common.a(vectors_cortexm.o)
 .rodata.nmi_default.str1.1
                0x0000000008002747        0xc /home/ek-181/RIOT/examples/hello-world/bin/stm32f0discovery/cortexm_common.a(vectors_cortexm.o)
 .rodata.assert_crash_message
                0x0000000008002753       0x12 /home/ek-181/RIOT/examples/hello-world/bin/stm32f0discovery/core.a(panic.o)
                0x0000000008002753                assert_crash_message
 .rodata.core_panic.str1.1
                0x0000000008002765       0x2e /home/ek-181/RIOT/examples/hello-world/bin/stm32f0discovery/core.a(panic.o)
 .rodata.main_trampoline.str1.1
                0x0000000008002793       0x2a /home/ek-181/RIOT/examples/hello-world/bin/stm32f0discovery/core.a(kernel_init.o)
 .rodata.str1.1
                0x00000000080027bd        0xa /home/ek-181/RIOT/examples/hello-world/bin/stm32f0discovery/core.a(kernel_init.o)
 .rodata.CSWTCH.3
                0x00000000080027c7        0x9 /home/ek-181/RIOT/examples/hello-world/bin/stm32f0discovery/stm32_common.a(stm_status.o)
 .rodata.cpu_init_status.str1.1
                0x00000000080027d0        0xe /home/ek-181/RIOT/examples/hello-world/bin/stm32f0discovery/stm32_common.a(stm_status.o)
 *fill*         0x00000000080027de        0x2 
 .rodata.uart_config
                0x00000000080027e0       0x30 /home/ek-181/RIOT/examples/hello-world/bin/stm32f0discovery/stm32_common_periph.a(uart.o)
 .rodata.main.str1.1
                0x0000000008002810       0x70 /home/ek-181/RIOT/examples/hello-world/bin/stm32f0discovery/application_hello-world.a(main.o)
 .rodata._global_impure_ptr
                0x0000000008002880        0x4 /usr/bin/../lib/gcc/arm-none-eabi/7.3.1/../../../../arm-none-eabi/lib/thumb/v6-m/libc_nano.a(lib_a-impure.o)
                0x0000000008002880                _global_impure_ptr
 .rodata.__sf_fake_stderr
                0x0000000008002884       0x20 /usr/bin/../lib/gcc/arm-none-eabi/7.3.1/../../../../arm-none-eabi/lib/thumb/v6-m/libc_nano.a(lib_a-findfp.o)
                0x0000000008002884                __sf_fake_stderr
 .rodata.__sf_fake_stdin
                0x00000000080028a4       0x20 /usr/bin/../lib/gcc/arm-none-eabi/7.3.1/../../../../arm-none-eabi/lib/thumb/v6-m/libc_nano.a(lib_a-findfp.o)
                0x00000000080028a4                __sf_fake_stdin
 .rodata.__sf_fake_stdout
                0x00000000080028c4       0x20 /usr/bin/../lib/gcc/arm-none-eabi/7.3.1/../../../../arm-none-eabi/lib/thumb/v6-m/libc_nano.a(lib_a-findfp.o)
                0x00000000080028c4                __sf_fake_stdout
 .rodata._svfprintf_r.str1.1
                0x00000000080028e4       0x11 /usr/bin/../lib/gcc/arm-none-eabi/7.3.1/../../../../arm-none-eabi/lib/thumb/v6-m/libc_nano.a(lib_a-nano-svfprintf.o)
 .rodata._vfprintf_r.str1.1
                0x00000000080028f5       0x11 /usr/bin/../lib/gcc/arm-none-eabi/7.3.1/../../../../arm-none-eabi/lib/thumb/v6-m/libc_nano.a(lib_a-nano-vfprintf.o)
 .rodata._printf_i.str1.1
                0x00000000080028f5       0x22 /usr/bin/../lib/gcc/arm-none-eabi/7.3.1/../../../../arm-none-eabi/lib/thumb/v6-m/libc_nano.a(lib_a-nano-vfprintf_i.o)
 *(.ARM.extab* .gnu.linkonce.armextab.*)
                0x0000000008002918                . = ALIGN (0x4)
 *fill*         0x0000000008002917        0x1 
 *(.init)
                0x0000000008002918                . = ALIGN (0x4)
                0x0000000008002918                __preinit_array_start = .
 *(.preinit_array)
                0x0000000008002918                __preinit_array_end = .
                0x0000000008002918                . = ALIGN (0x4)
                0x0000000008002918                __init_array_start = .
 *(SORT_BY_NAME(.init_array.*))
 *(.init_array)
                0x0000000008002918                __init_array_end = .
                0x0000000008002918                . = ALIGN (0x4)
 *crtbegin.o(.ctors)
 *(EXCLUDE_FILE(*crtend.o) .ctors)
 *(SORT_BY_NAME(.ctors.*))
 *crtend.o(.ctors)
                0x0000000008002918                . = ALIGN (0x4)
 *(.fini)
                0x0000000008002918                . = ALIGN (0x4)
                0x0000000008002918                __fini_array_start = .
 *(.fini_array)
 *(SORT_BY_NAME(.fini_array.*))
                0x0000000008002918                __fini_array_end = .
 *crtbegin.o(.dtors)
 *(EXCLUDE_FILE(*crtend.o) .dtors)
 *(SORT_BY_NAME(.dtors.*))
 *crtend.o(.dtors)
                0x0000000008002918                . = ALIGN (0x4)
                0x0000000008002918                _efixed = .
                [!provide]                        PROVIDE (__exidx_start = .)

.vfp11_veneer   0x0000000008002918        0x0
 .vfp11_veneer  0x0000000008002918        0x0 linker stubs

.v4_bx          0x0000000008002918        0x0
 .v4_bx         0x0000000008002918        0x0 linker stubs

.iplt           0x0000000008002918        0x0
 .iplt          0x0000000008002918        0x0 /home/ek-181/RIOT/examples/hello-world/bin/stm32f0discovery/cpu/vectors.o

.igot.plt       0x0000000008002918        0x0
 .igot.plt      0x0000000008002918        0x0 /home/ek-181/RIOT/examples/hello-world/bin/stm32f0discovery/cpu/vectors.o

.rel.dyn        0x0000000008002918        0x0
 .rel.iplt      0x0000000008002918        0x0 /home/ek-181/RIOT/examples/hello-world/bin/stm32f0discovery/cpu/vectors.o

.ARM.exidx
 *(.ARM.exidx* .gnu.linkonce.armexidx.*)
                [!provide]                        PROVIDE (__exidx_end = .)
                0x0000000008002918                . = ALIGN (0x4)

.eh_frame
 *(.eh_frame)
                0x0000000008002918                . = ALIGN (0x4)
                0x0000000008002918                _etext = .

.stack          0x0000000020000000      0x200
 *(.puf)
                0x0000000020000000                . = ALIGN (0x8)
                0x0000000020000000                _sstack = .
 *(.isr_stack)
 .isr_stack     0x0000000020000000      0x200 /home/ek-181/RIOT/examples/hello-world/bin/stm32f0discovery/cortexm_common.a(vectors_cortexm.o)
                0x0000000020000000                isr_stack
                0x0000000020000200                . = ALIGN (0x8)
                0x0000000020000200                _estack = .

.relocate       0x0000000020000200       0x8c load address 0x0000000008002918
                0x0000000020000200                . = ALIGN (0x4)
                0x0000000020000200                _srelocate = .
 *(.ramfunc .ramfunc.*)
 *(.data .data.*)
 .data.heap_top
                0x0000000020000200        0x4 /home/ek-181/RIOT/examples/hello-world/bin/stm32f0discovery/newlib_syscalls_default/syscalls.o
                0x0000000020000200                heap_top
 .data.uart_stdio_isrpipe
                0x0000000020000204       0x14 /home/ek-181/RIOT/examples/hello-world/bin/stm32f0discovery/uart_stdio.a(uart_stdio.o)
                0x0000000020000204                uart_stdio_isrpipe
 .data.idle_name
                0x0000000020000218        0x4 /home/ek-181/RIOT/examples/hello-world/bin/stm32f0discovery/core.a(kernel_init.o)
                0x0000000020000218                idle_name
 .data.main_name
                0x000000002000021c        0x4 /home/ek-181/RIOT/examples/hello-world/bin/stm32f0discovery/core.a(kernel_init.o)
                0x000000002000021c                main_name
 .data.pm_blocker
                0x0000000020000220        0x4 /home/ek-181/RIOT/examples/hello-world/bin/stm32f0discovery/pm_layered.a(pm.o)
                0x0000000020000220                pm_blocker
 .data._impure_ptr
                0x0000000020000224        0x4 /usr/bin/../lib/gcc/arm-none-eabi/7.3.1/../../../../arm-none-eabi/lib/thumb/v6-m/libc_nano.a(lib_a-impure.o)
                0x0000000020000224                _impure_ptr
 .data.impure_data
                0x0000000020000228       0x60 /usr/bin/../lib/gcc/arm-none-eabi/7.3.1/../../../../arm-none-eabi/lib/thumb/v6-m/libc_nano.a(lib_a-impure.o)
 *(.openocd .openocd.*)
 .openocd       0x0000000020000288        0x2 /home/ek-181/RIOT/examples/hello-world/bin/stm32f0discovery/core.a(sched.o)
                0x0000000020000288                _tcb_name_offset
                0x0000000020000289                max_threads
                0x000000002000028c                . = ALIGN (0x4)
 *fill*         0x000000002000028a        0x2 
                0x000000002000028c                _erelocate = .

.bss            0x000000002000028c      0xf20 load address 0x00000000080029a4
                0x000000002000028c                . = ALIGN (0x4)
                0x000000002000028c                _sbss = .
                0x000000002000028c                _szero = .
 *(.bss .bss.*)
 .bss.runqueue_bitcache
                0x000000002000028c        0x4 /home/ek-181/RIOT/examples/hello-world/bin/stm32f0discovery/core.a(sched.o)
 .bss.sched_active_pid
                0x0000000020000290        0x2 /home/ek-181/RIOT/examples/hello-world/bin/stm32f0discovery/core.a(sched.o)
                0x0000000020000290                sched_active_pid
 *fill*         0x0000000020000292        0x2 
 .bss.sched_active_thread
                0x0000000020000294        0x4 /home/ek-181/RIOT/examples/hello-world/bin/stm32f0discovery/core.a(sched.o)
                0x0000000020000294                sched_active_thread
 .bss.sched_context_switch_request
                0x0000000020000298        0x4 /home/ek-181/RIOT/examples/hello-world/bin/stm32f0discovery/core.a(sched.o)
                0x0000000020000298                sched_context_switch_request
 .bss.sched_num_threads
                0x000000002000029c        0x4 /home/ek-181/RIOT/examples/hello-world/bin/stm32f0discovery/core.a(sched.o)
                0x000000002000029c                sched_num_threads
 .bss.sched_runqueues
                0x00000000200002a0       0x40 /home/ek-181/RIOT/examples/hello-world/bin/stm32f0discovery/core.a(sched.o)
                0x00000000200002a0                sched_runqueues
 .bss.sched_threads
                0x00000000200002e0       0x84 /home/ek-181/RIOT/examples/hello-world/bin/stm32f0discovery/core.a(sched.o)
                0x00000000200002e0                sched_threads
 .bss.powermode
                0x0000000020000364        0x1 /home/ek-181/RIOT/examples/hello-world/bin/stm32f0discovery/stm32_common_periph.a(pm.o)
 .bss._rx_buf_mem
                0x0000000020000365       0x40 /home/ek-181/RIOT/examples/hello-world/bin/stm32f0discovery/uart_stdio.a(uart_stdio.o)
 *fill*         0x00000000200003a5        0x3 
 .bss.crashed   0x00000000200003a8        0x4 /home/ek-181/RIOT/examples/hello-world/bin/stm32f0discovery/core.a(panic.o)
 .bss.idle_stack
                0x00000000200003ac      0x100 /home/ek-181/RIOT/examples/hello-world/bin/stm32f0discovery/core.a(kernel_init.o)
 .bss.main_stack
                0x00000000200004ac      0xc00 /home/ek-181/RIOT/examples/hello-world/bin/stm32f0discovery/core.a(kernel_init.o)
 .bss.cpu_status
                0x00000000200010ac       0x50 /home/ek-181/RIOT/examples/hello-world/bin/stm32f0discovery/stm32_common.a(stm_status.o)
                0x00000000200010ac                cpu_status
 .bss.isr_ctx   0x00000000200010fc       0x10 /home/ek-181/RIOT/examples/hello-world/bin/stm32f0discovery/stm32_common_periph.a(uart.o)
 .bss.isr_ctx   0x000000002000110c       0x80 /home/ek-181/RIOT/examples/hello-world/bin/stm32f0discovery/stm32_common_periph.a(gpio.o)
 .bss.isr_ctx   0x000000002000118c       0x18 /home/ek-181/RIOT/examples/hello-world/bin/stm32f0discovery/stm32_common_periph.a(rtc.o)
 .bss.__malloc_free_list
                0x00000000200011a4        0x4 /usr/bin/../lib/gcc/arm-none-eabi/7.3.1/../../../../arm-none-eabi/lib/thumb/v6-m/libc_nano.a(lib_a-nano-mallocr.o)
                0x00000000200011a4                __malloc_free_list
 .bss.__malloc_sbrk_start
                0x00000000200011a8        0x4 /usr/bin/../lib/gcc/arm-none-eabi/7.3.1/../../../../arm-none-eabi/lib/thumb/v6-m/libc_nano.a(lib_a-nano-mallocr.o)
                0x00000000200011a8                __malloc_sbrk_start
 *(COMMON)
                0x00000000200011ac                . = ALIGN (0x4)
                0x00000000200011ac                _ebss = .
                0x00000000200011ac                _ezero = .
                0x00000000200011ac                . = ALIGN (0x4)
                0x00000000200011ac                _sheap = .
                0x0000000020002000                _eheap = (ORIGIN (ram) + LENGTH (ram))
                0x0000000020000000                _sram = ORIGIN (ram)
                0x0000000020002000                _eram = (ORIGIN (ram) + LENGTH (ram))
OUTPUT(/home/ek-181/RIOT/examples/hello-world/bin/stm32f0discovery/hello-world.elf elf32-littlearm)

.debug_info     0x0000000000000000    0x1ed79
 .debug_info    0x0000000000000000       0xd7 /home/ek-181/RIOT/examples/hello-world/bin/stm32f0discovery/cpu/vectors.o
 .debug_info    0x00000000000000d7     0x1552 /home/ek-181/RIOT/examples/hello-world/bin/stm32f0discovery/newlib_syscalls_default/syscalls.o
 .debug_info    0x0000000000001629      0xe55 /home/ek-181/RIOT/examples/hello-world/bin/stm32f0discovery/core.a(sched.o)
 .debug_info    0x000000000000247e      0x936 /home/ek-181/RIOT/examples/hello-world/bin/stm32f0discovery/core.a(bitarithm.o)
 .debug_info    0x0000000000002db4     0x1047 /home/ek-181/RIOT/examples/hello-world/bin/stm32f0discovery/cortexm_common.a(thread_arch.o)
 .debug_info    0x0000000000003dfb     0x11c9 /home/ek-181/RIOT/examples/hello-world/bin/stm32f0discovery/cortexm_common.a(vectors_cortexm.o)
 .debug_info    0x0000000000004fc4      0xe2b /home/ek-181/RIOT/examples/hello-world/bin/stm32f0discovery/cortexm_common.a(irq_arch.o)
 .debug_info    0x0000000000005def      0xf68 /home/ek-181/RIOT/examples/hello-world/bin/stm32f0discovery/stm32_common_periph.a(pm.o)
 .debug_info    0x0000000000006d57     0x1401 /home/ek-181/RIOT/examples/hello-world/bin/stm32f0discovery/uart_stdio.a(uart_stdio.o)
 .debug_info    0x0000000000008158     0x12ed /home/ek-181/RIOT/examples/hello-world/bin/stm32f0discovery/board.a(board.o)
 .debug_info    0x0000000000009445      0xe63 /home/ek-181/RIOT/examples/hello-world/bin/stm32f0discovery/core.a(panic.o)
 .debug_info    0x000000000000a2a8      0xee5 /home/ek-181/RIOT/examples/hello-world/bin/stm32f0discovery/core.a(kernel_init.o)
 .debug_info    0x000000000000b18d     0x118c /home/ek-181/RIOT/examples/hello-world/bin/stm32f0discovery/core.a(thread.o)
 .debug_info    0x000000000000c319     0x1894 /home/ek-181/RIOT/examples/hello-world/bin/stm32f0discovery/isrpipe.a(isrpipe.o)
 .debug_info    0x000000000000dbad      0xe7d /home/ek-181/RIOT/examples/hello-world/bin/stm32f0discovery/pm_layered.a(pm.o)
 .debug_info    0x000000000000ea2a     0x13e4 /home/ek-181/RIOT/examples/hello-world/bin/stm32f0discovery/stm32_common.a(stmclk.o)
 .debug_info    0x000000000000fe0e     0x1376 /home/ek-181/RIOT/examples/hello-world/bin/stm32f0discovery/stm32_common.a(stmclk_common.o)
 .debug_info    0x0000000000011184     0x15b0 /home/ek-181/RIOT/examples/hello-world/bin/stm32f0discovery/stm32_common.a(stm_status.o)
 .debug_info    0x0000000000012734      0xd63 /home/ek-181/RIOT/examples/hello-world/bin/stm32f0discovery/stm32_common.a(cpu_init.o)
 .debug_info    0x0000000000013497     0x14bc /home/ek-181/RIOT/examples/hello-world/bin/stm32f0discovery/stm32_common.a(cpu_common.o)
 .debug_info    0x0000000000014953     0x1bb3 /home/ek-181/RIOT/examples/hello-world/bin/stm32f0discovery/stm32_common_periph.a(uart.o)
 .debug_info    0x0000000000016506     0x1dcd /home/ek-181/RIOT/examples/hello-world/bin/stm32f0discovery/stm32_common_periph.a(gpio.o)
 .debug_info    0x00000000000182d3      0x32f /home/ek-181/RIOT/examples/hello-world/bin/stm32f0discovery/tsrb.a(tsrb.o)
 .debug_info    0x0000000000018602     0x1240 /home/ek-181/RIOT/examples/hello-world/bin/stm32f0discovery/periph_common.a(init.o)
 .debug_info    0x0000000000019842      0x905 /home/ek-181/RIOT/examples/hello-world/bin/stm32f0discovery/application_hello-world.a(main.o)
 .debug_info    0x000000000001a147      0xafe /home/ek-181/RIOT/examples/hello-world/bin/stm32f0discovery/auto_init.a(auto_init.o)
 .debug_info    0x000000000001ac45      0xe9b /home/ek-181/RIOT/examples/hello-world/bin/stm32f0discovery/core.a(mutex.o)
 .debug_info    0x000000000001bae0     0x10ed /home/ek-181/RIOT/examples/hello-world/bin/stm32f0discovery/cortexm_common.a(cortexm_init.o)
 .debug_info    0x000000000001cbcd     0x21ac /home/ek-181/RIOT/examples/hello-world/bin/stm32f0discovery/stm32_common_periph.a(rtc.o)

.debug_abbrev   0x0000000000000000     0x4a96
 .debug_abbrev  0x0000000000000000       0xaa /home/ek-181/RIOT/examples/hello-world/bin/stm32f0discovery/cpu/vectors.o
 .debug_abbrev  0x00000000000000aa      0x389 /home/ek-181/RIOT/examples/hello-world/bin/stm32f0discovery/newlib_syscalls_default/syscalls.o
 .debug_abbrev  0x0000000000000433      0x320 /home/ek-181/RIOT/examples/hello-world/bin/stm32f0discovery/core.a(sched.o)
 .debug_abbrev  0x0000000000000753      0x1bf /home/ek-181/RIOT/examples/hello-world/bin/stm32f0discovery/core.a(bitarithm.o)
 .debug_abbrev  0x0000000000000912      0x33b /home/ek-181/RIOT/examples/hello-world/bin/stm32f0discovery/cortexm_common.a(thread_arch.o)
 .debug_abbrev  0x0000000000000c4d      0x350 /home/ek-181/RIOT/examples/hello-world/bin/stm32f0discovery/cortexm_common.a(vectors_cortexm.o)
 .debug_abbrev  0x0000000000000f9d      0x24f /home/ek-181/RIOT/examples/hello-world/bin/stm32f0discovery/cortexm_common.a(irq_arch.o)
 .debug_abbrev  0x00000000000011ec      0x2e8 /home/ek-181/RIOT/examples/hello-world/bin/stm32f0discovery/stm32_common_periph.a(pm.o)
 .debug_abbrev  0x00000000000014d4      0x247 /home/ek-181/RIOT/examples/hello-world/bin/stm32f0discovery/uart_stdio.a(uart_stdio.o)
 .debug_abbrev  0x000000000000171b      0x1fa /home/ek-181/RIOT/examples/hello-world/bin/stm32f0discovery/board.a(board.o)
 .debug_abbrev  0x0000000000001915      0x270 /home/ek-181/RIOT/examples/hello-world/bin/stm32f0discovery/core.a(panic.o)
 .debug_abbrev  0x0000000000001b85      0x241 /home/ek-181/RIOT/examples/hello-world/bin/stm32f0discovery/core.a(kernel_init.o)
 .debug_abbrev  0x0000000000001dc6      0x351 /home/ek-181/RIOT/examples/hello-world/bin/stm32f0discovery/core.a(thread.o)
 .debug_abbrev  0x0000000000002117      0x338 /home/ek-181/RIOT/examples/hello-world/bin/stm32f0discovery/isrpipe.a(isrpipe.o)
 .debug_abbrev  0x000000000000244f      0x218 /home/ek-181/RIOT/examples/hello-world/bin/stm32f0discovery/pm_layered.a(pm.o)
 .debug_abbrev  0x0000000000002667      0x207 /home/ek-181/RIOT/examples/hello-world/bin/stm32f0discovery/stm32_common.a(stmclk.o)
 .debug_abbrev  0x000000000000286e      0x1c3 /home/ek-181/RIOT/examples/hello-world/bin/stm32f0discovery/stm32_common.a(stmclk_common.o)
 .debug_abbrev  0x0000000000002a31      0x30e /home/ek-181/RIOT/examples/hello-world/bin/stm32f0discovery/stm32_common.a(stm_status.o)
 .debug_abbrev  0x0000000000002d3f      0x1f8 /home/ek-181/RIOT/examples/hello-world/bin/stm32f0discovery/stm32_common.a(cpu_init.o)
 .debug_abbrev  0x0000000000002f37      0x2d5 /home/ek-181/RIOT/examples/hello-world/bin/stm32f0discovery/stm32_common.a(cpu_common.o)
 .debug_abbrev  0x000000000000320c      0x420 /home/ek-181/RIOT/examples/hello-world/bin/stm32f0discovery/stm32_common_periph.a(uart.o)
 .debug_abbrev  0x000000000000362c      0x443 /home/ek-181/RIOT/examples/hello-world/bin/stm32f0discovery/stm32_common_periph.a(gpio.o)
 .debug_abbrev  0x0000000000003a6f      0x171 /home/ek-181/RIOT/examples/hello-world/bin/stm32f0discovery/tsrb.a(tsrb.o)
 .debug_abbrev  0x0000000000003be0      0x1e1 /home/ek-181/RIOT/examples/hello-world/bin/stm32f0discovery/periph_common.a(init.o)
 .debug_abbrev  0x0000000000003dc1      0x19c /home/ek-181/RIOT/examples/hello-world/bin/stm32f0discovery/application_hello-world.a(main.o)
 .debug_abbrev  0x0000000000003f5d      0x18d /home/ek-181/RIOT/examples/hello-world/bin/stm32f0discovery/auto_init.a(auto_init.o)
 .debug_abbrev  0x00000000000040ea      0x2ae /home/ek-181/RIOT/examples/hello-world/bin/stm32f0discovery/core.a(mutex.o)
 .debug_abbrev  0x0000000000004398      0x2c9 /home/ek-181/RIOT/examples/hello-world/bin/stm32f0discovery/cortexm_common.a(cortexm_init.o)
 .debug_abbrev  0x0000000000004661      0x435 /home/ek-181/RIOT/examples/hello-world/bin/stm32f0discovery/stm32_common_periph.a(rtc.o)

.debug_aranges  0x0000000000000000      0x730
 .debug_aranges
                0x0000000000000000       0x20 /home/ek-181/RIOT/examples/hello-world/bin/stm32f0discovery/cpu/vectors.o
 .debug_aranges
                0x0000000000000020       0xb0 /home/ek-181/RIOT/examples/hello-world/bin/stm32f0discovery/newlib_syscalls_default/syscalls.o
 .debug_aranges
                0x00000000000000d0       0x38 /home/ek-181/RIOT/examples/hello-world/bin/stm32f0discovery/core.a(sched.o)
 .debug_aranges
                0x0000000000000108       0x28 /home/ek-181/RIOT/examples/hello-world/bin/stm32f0discovery/core.a(bitarithm.o)
 .debug_aranges
                0x0000000000000130       0x60 /home/ek-181/RIOT/examples/hello-world/bin/stm32f0discovery/cortexm_common.a(thread_arch.o)
 .debug_aranges
                0x0000000000000190       0x48 /home/ek-181/RIOT/examples/hello-world/bin/stm32f0discovery/cortexm_common.a(vectors_cortexm.o)
 .debug_aranges
                0x00000000000001d8       0x38 /home/ek-181/RIOT/examples/hello-world/bin/stm32f0discovery/cortexm_common.a(irq_arch.o)
 .debug_aranges
                0x0000000000000210       0x40 /home/ek-181/RIOT/examples/hello-world/bin/stm32f0discovery/stm32_common_periph.a(pm.o)
 .debug_aranges
                0x0000000000000250       0x30 /home/ek-181/RIOT/examples/hello-world/bin/stm32f0discovery/uart_stdio.a(uart_stdio.o)
 .debug_aranges
                0x0000000000000280       0x20 /home/ek-181/RIOT/examples/hello-world/bin/stm32f0discovery/board.a(board.o)
 .debug_aranges
                0x00000000000002a0       0x28 /home/ek-181/RIOT/examples/hello-world/bin/stm32f0discovery/core.a(panic.o)
 .debug_aranges
                0x00000000000002c8       0x30 /home/ek-181/RIOT/examples/hello-world/bin/stm32f0discovery/core.a(kernel_init.o)
 .debug_aranges
                0x00000000000002f8       0x60 /home/ek-181/RIOT/examples/hello-world/bin/stm32f0discovery/core.a(thread.o)
 .debug_aranges
                0x0000000000000358       0x48 /home/ek-181/RIOT/examples/hello-world/bin/stm32f0discovery/isrpipe.a(isrpipe.o)
 .debug_aranges
                0x00000000000003a0       0x30 /home/ek-181/RIOT/examples/hello-world/bin/stm32f0discovery/pm_layered.a(pm.o)
 .debug_aranges
                0x00000000000003d0       0x20 /home/ek-181/RIOT/examples/hello-world/bin/stm32f0discovery/stm32_common.a(stmclk.o)
 .debug_aranges
                0x00000000000003f0       0x48 /home/ek-181/RIOT/examples/hello-world/bin/stm32f0discovery/stm32_common.a(stmclk_common.o)
 .debug_aranges
                0x0000000000000438       0x28 /home/ek-181/RIOT/examples/hello-world/bin/stm32f0discovery/stm32_common.a(stm_status.o)
 .debug_aranges
                0x0000000000000460       0x20 /home/ek-181/RIOT/examples/hello-world/bin/stm32f0discovery/stm32_common.a(cpu_init.o)
 .debug_aranges
                0x0000000000000480       0x40 /home/ek-181/RIOT/examples/hello-world/bin/stm32f0discovery/stm32_common.a(cpu_common.o)
 .debug_aranges
                0x00000000000004c0       0x60 /home/ek-181/RIOT/examples/hello-world/bin/stm32f0discovery/stm32_common_periph.a(uart.o)
 .debug_aranges
                0x0000000000000520       0x80 /home/ek-181/RIOT/examples/hello-world/bin/stm32f0discovery/stm32_common_periph.a(gpio.o)
 .debug_aranges
                0x00000000000005a0       0x38 /home/ek-181/RIOT/examples/hello-world/bin/stm32f0discovery/tsrb.a(tsrb.o)
 .debug_aranges
                0x00000000000005d8       0x20 /home/ek-181/RIOT/examples/hello-world/bin/stm32f0discovery/periph_common.a(init.o)
 .debug_aranges
                0x00000000000005f8       0x20 /home/ek-181/RIOT/examples/hello-world/bin/stm32f0discovery/application_hello-world.a(main.o)
 .debug_aranges
                0x0000000000000618       0x20 /home/ek-181/RIOT/examples/hello-world/bin/stm32f0discovery/auto_init.a(auto_init.o)
 .debug_aranges
                0x0000000000000638       0x30 /home/ek-181/RIOT/examples/hello-world/bin/stm32f0discovery/core.a(mutex.o)
 .debug_aranges
                0x0000000000000668       0x30 /home/ek-181/RIOT/examples/hello-world/bin/stm32f0discovery/cortexm_common.a(cortexm_init.o)
 .debug_aranges
                0x0000000000000698       0x98 /home/ek-181/RIOT/examples/hello-world/bin/stm32f0discovery/stm32_common_periph.a(rtc.o)

.debug_ranges   0x0000000000000000      0xa88
 .debug_ranges  0x0000000000000000       0x10 /home/ek-181/RIOT/examples/hello-world/bin/stm32f0discovery/cpu/vectors.o
 .debug_ranges  0x0000000000000010       0xa0 /home/ek-181/RIOT/examples/hello-world/bin/stm32f0discovery/newlib_syscalls_default/syscalls.o
 .debug_ranges  0x00000000000000b0       0x90 /home/ek-181/RIOT/examples/hello-world/bin/stm32f0discovery/core.a(sched.o)
 .debug_ranges  0x0000000000000140       0x18 /home/ek-181/RIOT/examples/hello-world/bin/stm32f0discovery/core.a(bitarithm.o)
 .debug_ranges  0x0000000000000158       0x68 /home/ek-181/RIOT/examples/hello-world/bin/stm32f0discovery/cortexm_common.a(thread_arch.o)
 .debug_ranges  0x00000000000001c0       0x38 /home/ek-181/RIOT/examples/hello-world/bin/stm32f0discovery/cortexm_common.a(vectors_cortexm.o)
 .debug_ranges  0x00000000000001f8       0x28 /home/ek-181/RIOT/examples/hello-world/bin/stm32f0discovery/cortexm_common.a(irq_arch.o)
 .debug_ranges  0x0000000000000220       0x48 /home/ek-181/RIOT/examples/hello-world/bin/stm32f0discovery/stm32_common_periph.a(pm.o)
 .debug_ranges  0x0000000000000268       0x20 /home/ek-181/RIOT/examples/hello-world/bin/stm32f0discovery/uart_stdio.a(uart_stdio.o)
 .debug_ranges  0x0000000000000288       0x10 /home/ek-181/RIOT/examples/hello-world/bin/stm32f0discovery/board.a(board.o)
 .debug_ranges  0x0000000000000298       0x18 /home/ek-181/RIOT/examples/hello-world/bin/stm32f0discovery/core.a(panic.o)
 .debug_ranges  0x00000000000002b0       0x20 /home/ek-181/RIOT/examples/hello-world/bin/stm32f0discovery/core.a(kernel_init.o)
 .debug_ranges  0x00000000000002d0       0x98 /home/ek-181/RIOT/examples/hello-world/bin/stm32f0discovery/core.a(thread.o)
 .debug_ranges  0x0000000000000368       0x68 /home/ek-181/RIOT/examples/hello-world/bin/stm32f0discovery/isrpipe.a(isrpipe.o)
 .debug_ranges  0x00000000000003d0       0x20 /home/ek-181/RIOT/examples/hello-world/bin/stm32f0discovery/pm_layered.a(pm.o)
 .debug_ranges  0x00000000000003f0       0x10 /home/ek-181/RIOT/examples/hello-world/bin/stm32f0discovery/stm32_common.a(stmclk.o)
 .debug_ranges  0x0000000000000400       0x38 /home/ek-181/RIOT/examples/hello-world/bin/stm32f0discovery/stm32_common.a(stmclk_common.o)
 .debug_ranges  0x0000000000000438      0x128 /home/ek-181/RIOT/examples/hello-world/bin/stm32f0discovery/stm32_common.a(stm_status.o)
 .debug_ranges  0x0000000000000560       0x10 /home/ek-181/RIOT/examples/hello-world/bin/stm32f0discovery/stm32_common.a(cpu_init.o)
 .debug_ranges  0x0000000000000570       0x30 /home/ek-181/RIOT/examples/hello-world/bin/stm32f0discovery/stm32_common.a(cpu_common.o)
 .debug_ranges  0x00000000000005a0       0x98 /home/ek-181/RIOT/examples/hello-world/bin/stm32f0discovery/stm32_common_periph.a(uart.o)
 .debug_ranges  0x0000000000000638      0x188 /home/ek-181/RIOT/examples/hello-world/bin/stm32f0discovery/stm32_common_periph.a(gpio.o)
 .debug_ranges  0x00000000000007c0       0x90 /home/ek-181/RIOT/examples/hello-world/bin/stm32f0discovery/tsrb.a(tsrb.o)
 .debug_ranges  0x0000000000000850       0x10 /home/ek-181/RIOT/examples/hello-world/bin/stm32f0discovery/periph_common.a(init.o)
 .debug_ranges  0x0000000000000860       0x10 /home/ek-181/RIOT/examples/hello-world/bin/stm32f0discovery/application_hello-world.a(main.o)
 .debug_ranges  0x0000000000000870       0x10 /home/ek-181/RIOT/examples/hello-world/bin/stm32f0discovery/auto_init.a(auto_init.o)
 .debug_ranges  0x0000000000000880       0x80 /home/ek-181/RIOT/examples/hello-world/bin/stm32f0discovery/core.a(mutex.o)
 .debug_ranges  0x0000000000000900       0x78 /home/ek-181/RIOT/examples/hello-world/bin/stm32f0discovery/cortexm_common.a(cortexm_init.o)
 .debug_ranges  0x0000000000000978      0x110 /home/ek-181/RIOT/examples/hello-world/bin/stm32f0discovery/stm32_common_periph.a(rtc.o)

.debug_macro    0x0000000000000000    0x1f096
 .debug_macro   0x0000000000000000       0xe3 /home/ek-181/RIOT/examples/hello-world/bin/stm32f0discovery/cpu/vectors.o
 .debug_macro   0x00000000000000e3      0xa3c /home/ek-181/RIOT/examples/hello-world/bin/stm32f0discovery/cpu/vectors.o
 .debug_macro   0x0000000000000b1f       0xe2 /home/ek-181/RIOT/examples/hello-world/bin/stm32f0discovery/cpu/vectors.o
 .debug_macro   0x0000000000000c01       0x28 /home/ek-181/RIOT/examples/hello-world/bin/stm32f0discovery/cpu/vectors.o
 .debug_macro   0x0000000000000c29       0x2e /home/ek-181/RIOT/examples/hello-world/bin/stm32f0discovery/cpu/vectors.o
 .debug_macro   0x0000000000000c57       0x22 /home/ek-181/RIOT/examples/hello-world/bin/stm32f0discovery/cpu/vectors.o
 .debug_macro   0x0000000000000c79       0x22 /home/ek-181/RIOT/examples/hello-world/bin/stm32f0discovery/cpu/vectors.o
 .debug_macro   0x0000000000000c9b       0x56 /home/ek-181/RIOT/examples/hello-world/bin/stm32f0discovery/cpu/vectors.o
 .debug_macro   0x0000000000000cf1       0x51 /home/ek-181/RIOT/examples/hello-world/bin/stm32f0discovery/cpu/vectors.o
 .debug_macro   0x0000000000000d42       0xef /home/ek-181/RIOT/examples/hello-world/bin/stm32f0discovery/cpu/vectors.o
 .debug_macro   0x0000000000000e31       0x6a /home/ek-181/RIOT/examples/hello-world/bin/stm32f0discovery/cpu/vectors.o
 .debug_macro   0x0000000000000e9b      0x1df /home/ek-181/RIOT/examples/hello-world/bin/stm32f0discovery/cpu/vectors.o
 .debug_macro   0x000000000000107a       0x34 /home/ek-181/RIOT/examples/hello-world/bin/stm32f0discovery/cpu/vectors.o
 .debug_macro   0x00000000000010ae       0x26 /home/ek-181/RIOT/examples/hello-world/bin/stm32f0discovery/cpu/vectors.o
 .debug_macro   0x00000000000010d4      0x30d /home/ek-181/RIOT/examples/hello-world/bin/stm32f0discovery/cpu/vectors.o
 .debug_macro   0x00000000000013e1     0x3dc2 /home/ek-181/RIOT/examples/hello-world/bin/stm32f0discovery/cpu/vectors.o
 .debug_macro   0x00000000000051a3       0x35 /home/ek-181/RIOT/examples/hello-world/bin/stm32f0discovery/cpu/vectors.o
 .debug_macro   0x00000000000051d8       0x34 /home/ek-181/RIOT/examples/hello-world/bin/stm32f0discovery/cpu/vectors.o
 .debug_macro   0x000000000000520c       0x16 /home/ek-181/RIOT/examples/hello-world/bin/stm32f0discovery/cpu/vectors.o
 .debug_macro   0x0000000000005222      0x401 /home/ek-181/RIOT/examples/hello-world/bin/stm32f0discovery/newlib_syscalls_default/syscalls.o
 .debug_macro   0x0000000000005623      0xa3c /home/ek-181/RIOT/examples/hello-world/bin/stm32f0discovery/newlib_syscalls_default/syscalls.o
 .debug_macro   0x000000000000605f       0x40 /home/ek-181/RIOT/examples/hello-world/bin/stm32f0discovery/newlib_syscalls_default/syscalls.o
 .debug_macro   0x000000000000609f       0x18 /home/ek-181/RIOT/examples/hello-world/bin/stm32f0discovery/newlib_syscalls_default/syscalls.o
 .debug_macro   0x00000000000060b7       0x5c /home/ek-181/RIOT/examples/hello-world/bin/stm32f0discovery/newlib_syscalls_default/syscalls.o
 .debug_macro   0x0000000000006113       0x3c /home/ek-181/RIOT/examples/hello-world/bin/stm32f0discovery/newlib_syscalls_default/syscalls.o
 .debug_macro   0x000000000000614f       0x34 /home/ek-181/RIOT/examples/hello-world/bin/stm32f0discovery/newlib_syscalls_default/syscalls.o
 .debug_macro   0x0000000000006183       0x10 /home/ek-181/RIOT/examples/hello-world/bin/stm32f0discovery/newlib_syscalls_default/syscalls.o
 .debug_macro   0x0000000000006193       0x57 /home/ek-181/RIOT/examples/hello-world/bin/stm32f0discovery/newlib_syscalls_default/syscalls.o
 .debug_macro   0x00000000000061ea       0xcf /home/ek-181/RIOT/examples/hello-world/bin/stm32f0discovery/newlib_syscalls_default/syscalls.o
 .debug_macro   0x00000000000062b9      0x353 /home/ek-181/RIOT/examples/hello-world/bin/stm32f0discovery/newlib_syscalls_default/syscalls.o
 .debug_macro   0x000000000000660c       0x10 /home/ek-181/RIOT/examples/hello-world/bin/stm32f0discovery/newlib_syscalls_default/syscalls.o
 .debug_macro   0x000000000000661c       0xb7 /home/ek-181/RIOT/examples/hello-world/bin/stm32f0discovery/newlib_syscalls_default/syscalls.o
 .debug_macro   0x00000000000066d3       0x52 /home/ek-181/RIOT/examples/hello-world/bin/stm32f0discovery/newlib_syscalls_default/syscalls.o
 .debug_macro   0x0000000000006725       0x1f /home/ek-181/RIOT/examples/hello-world/bin/stm32f0discovery/newlib_syscalls_default/syscalls.o
 .debug_macro   0x0000000000006744       0x43 /home/ek-181/RIOT/examples/hello-world/bin/stm32f0discovery/newlib_syscalls_default/syscalls.o
 .debug_macro   0x0000000000006787       0x20 /home/ek-181/RIOT/examples/hello-world/bin/stm32f0discovery/newlib_syscalls_default/syscalls.o
 .debug_macro   0x00000000000067a7       0xb6 /home/ek-181/RIOT/examples/hello-world/bin/stm32f0discovery/newlib_syscalls_default/syscalls.o
 .debug_macro   0x000000000000685d      0x4fe /home/ek-181/RIOT/examples/hello-world/bin/stm32f0discovery/newlib_syscalls_default/syscalls.o
 .debug_macro   0x0000000000006d5b      0x1a3 /home/ek-181/RIOT/examples/hello-world/bin/stm32f0discovery/newlib_syscalls_default/syscalls.o
 .debug_macro   0x0000000000006efe       0x10 /home/ek-181/RIOT/examples/hello-world/bin/stm32f0discovery/newlib_syscalls_default/syscalls.o
 .debug_macro   0x0000000000006f0e       0x35 /home/ek-181/RIOT/examples/hello-world/bin/stm32f0discovery/newlib_syscalls_default/syscalls.o
 .debug_macro   0x0000000000006f43       0x10 /home/ek-181/RIOT/examples/hello-world/bin/stm32f0discovery/newlib_syscalls_default/syscalls.o
 .debug_macro   0x0000000000006f53      0x241 /home/ek-181/RIOT/examples/hello-world/bin/stm32f0discovery/newlib_syscalls_default/syscalls.o
 .debug_macro   0x0000000000007194       0x16 /home/ek-181/RIOT/examples/hello-world/bin/stm32f0discovery/newlib_syscalls_default/syscalls.o
 .debug_macro   0x00000000000071aa       0x10 /home/ek-181/RIOT/examples/hello-world/bin/stm32f0discovery/newlib_syscalls_default/syscalls.o
 .debug_macro   0x00000000000071ba       0x16 /home/ek-181/RIOT/examples/hello-world/bin/stm32f0discovery/newlib_syscalls_default/syscalls.o
 .debug_macro   0x00000000000071d0       0xff /home/ek-181/RIOT/examples/hello-world/bin/stm32f0discovery/newlib_syscalls_default/syscalls.o
 .debug_macro   0x00000000000072cf       0x16 /home/ek-181/RIOT/examples/hello-world/bin/stm32f0discovery/newlib_syscalls_default/syscalls.o
 .debug_macro   0x00000000000072e5       0x22 /home/ek-181/RIOT/examples/hello-world/bin/stm32f0discovery/newlib_syscalls_default/syscalls.o
 .debug_macro   0x0000000000007307       0x16 /home/ek-181/RIOT/examples/hello-world/bin/stm32f0discovery/newlib_syscalls_default/syscalls.o
 .debug_macro   0x000000000000731d       0x16 /home/ek-181/RIOT/examples/hello-world/bin/stm32f0discovery/newlib_syscalls_default/syscalls.o
 .debug_macro   0x0000000000007333       0x10 /home/ek-181/RIOT/examples/hello-world/bin/stm32f0discovery/newlib_syscalls_default/syscalls.o
 .debug_macro   0x0000000000007343       0x10 /home/ek-181/RIOT/examples/hello-world/bin/stm32f0discovery/newlib_syscalls_default/syscalls.o
 .debug_macro   0x0000000000007353       0x2e /home/ek-181/RIOT/examples/hello-world/bin/stm32f0discovery/newlib_syscalls_default/syscalls.o
 .debug_macro   0x0000000000007381       0xf5 /home/ek-181/RIOT/examples/hello-world/bin/stm32f0discovery/newlib_syscalls_default/syscalls.o
 .debug_macro   0x0000000000007476       0x22 /home/ek-181/RIOT/examples/hello-world/bin/stm32f0discovery/newlib_syscalls_default/syscalls.o
 .debug_macro   0x0000000000007498       0x2f /home/ek-181/RIOT/examples/hello-world/bin/stm32f0discovery/newlib_syscalls_default/syscalls.o
 .debug_macro   0x00000000000074c7       0x3a /home/ek-181/RIOT/examples/hello-world/bin/stm32f0discovery/newlib_syscalls_default/syscalls.o
 .debug_macro   0x0000000000007501       0xd6 /home/ek-181/RIOT/examples/hello-world/bin/stm32f0discovery/newlib_syscalls_default/syscalls.o
 .debug_macro   0x00000000000075d7       0x10 /home/ek-181/RIOT/examples/hello-world/bin/stm32f0discovery/newlib_syscalls_default/syscalls.o
 .debug_macro   0x00000000000075e7      0x460 /home/ek-181/RIOT/examples/hello-world/bin/stm32f0discovery/newlib_syscalls_default/syscalls.o
 .debug_macro   0x0000000000007a47       0x2b /home/ek-181/RIOT/examples/hello-world/bin/stm32f0discovery/newlib_syscalls_default/syscalls.o
 .debug_macro   0x0000000000007a72       0xee /home/ek-181/RIOT/examples/hello-world/bin/stm32f0discovery/newlib_syscalls_default/syscalls.o
 .debug_macro   0x0000000000007b60       0x28 /home/ek-181/RIOT/examples/hello-world/bin/stm32f0discovery/newlib_syscalls_default/syscalls.o
 .debug_macro   0x0000000000007b88       0x10 /home/ek-181/RIOT/examples/hello-world/bin/stm32f0discovery/newlib_syscalls_default/syscalls.o
 .debug_macro   0x0000000000007b98       0x12 /home/ek-181/RIOT/examples/hello-world/bin/stm32f0discovery/newlib_syscalls_default/syscalls.o
 .debug_macro   0x0000000000007baa       0xba /home/ek-181/RIOT/examples/hello-world/bin/stm32f0discovery/newlib_syscalls_default/syscalls.o
 .debug_macro   0x0000000000007c64       0x1c /home/ek-181/RIOT/examples/hello-world/bin/stm32f0discovery/newlib_syscalls_default/syscalls.o
 .debug_macro   0x0000000000007c80       0xbe /home/ek-181/RIOT/examples/hello-world/bin/stm32f0discovery/newlib_syscalls_default/syscalls.o
 .debug_macro   0x0000000000007d3e       0x34 /home/ek-181/RIOT/examples/hello-world/bin/stm32f0discovery/newlib_syscalls_default/syscalls.o
 .debug_macro   0x0000000000007d72       0x8a /home/ek-181/RIOT/examples/hello-world/bin/stm32f0discovery/newlib_syscalls_default/syscalls.o
 .debug_macro   0x0000000000007dfc       0x1c /home/ek-181/RIOT/examples/hello-world/bin/stm32f0discovery/newlib_syscalls_default/syscalls.o
 .debug_macro   0x0000000000007e18       0x1c /home/ek-181/RIOT/examples/hello-world/bin/stm32f0discovery/newlib_syscalls_default/syscalls.o
 .debug_macro   0x0000000000007e34       0x1c /home/ek-181/RIOT/examples/hello-world/bin/stm32f0discovery/newlib_syscalls_default/syscalls.o
 .debug_macro   0x0000000000007e50      0x300 /home/ek-181/RIOT/examples/hello-world/bin/stm32f0discovery/core.a(sched.o)
 .debug_macro   0x0000000000008150      0xa3c /home/ek-181/RIOT/examples/hello-world/bin/stm32f0discovery/core.a(sched.o)
 .debug_macro   0x0000000000008b8c      0x16d /home/ek-181/RIOT/examples/hello-world/bin/stm32f0discovery/core.a(sched.o)
 .debug_macro   0x0000000000008cf9       0x46 /home/ek-181/RIOT/examples/hello-world/bin/stm32f0discovery/core.a(sched.o)
 .debug_macro   0x0000000000008d3f       0x3a /home/ek-181/RIOT/examples/hello-world/bin/stm32f0discovery/core.a(sched.o)
 .debug_macro   0x0000000000008d79       0x25 /home/ek-181/RIOT/examples/hello-world/bin/stm32f0discovery/core.a(sched.o)
 .debug_macro   0x0000000000008d9e       0x2e /home/ek-181/RIOT/examples/hello-world/bin/stm32f0discovery/core.a(sched.o)
 .debug_macro   0x0000000000008dcc       0x1c /home/ek-181/RIOT/examples/hello-world/bin/stm32f0discovery/core.a(sched.o)
 .debug_macro   0x0000000000008de8      0x114 /home/ek-181/RIOT/examples/hello-world/bin/stm32f0discovery/core.a(sched.o)
 .debug_macro   0x0000000000008efc       0x1c /home/ek-181/RIOT/examples/hello-world/bin/stm32f0discovery/core.a(sched.o)
 .debug_macro   0x0000000000008f18      0x1cb /home/ek-181/RIOT/examples/hello-world/bin/stm32f0discovery/core.a(bitarithm.o)
 .debug_macro   0x00000000000090e3      0xa3c /home/ek-181/RIOT/examples/hello-world/bin/stm32f0discovery/core.a(bitarithm.o)
 .debug_macro   0x0000000000009b1f       0x97 /home/ek-181/RIOT/examples/hello-world/bin/stm32f0discovery/core.a(bitarithm.o)
 .debug_macro   0x0000000000009bb6       0xf6 /home/ek-181/RIOT/examples/hello-world/bin/stm32f0discovery/core.a(bitarithm.o)
 .debug_macro   0x0000000000009cac      0x2e8 /home/ek-181/RIOT/examples/hello-world/bin/stm32f0discovery/cortexm_common.a(thread_arch.o)
 .debug_macro   0x0000000000009f94      0xa3c /home/ek-181/RIOT/examples/hello-world/bin/stm32f0discovery/cortexm_common.a(thread_arch.o)
 .debug_macro   0x000000000000a9d0       0x22 /home/ek-181/RIOT/examples/hello-world/bin/stm32f0discovery/cortexm_common.a(thread_arch.o)
 .debug_macro   0x000000000000a9f2      0x30f /home/ek-181/RIOT/examples/hello-world/bin/stm32f0discovery/cortexm_common.a(vectors_cortexm.o)
 .debug_macro   0x000000000000ad01      0xa3c /home/ek-181/RIOT/examples/hello-world/bin/stm32f0discovery/cortexm_common.a(vectors_cortexm.o)
 .debug_macro   0x000000000000b73d       0x16 /home/ek-181/RIOT/examples/hello-world/bin/stm32f0discovery/cortexm_common.a(vectors_cortexm.o)
 .debug_macro   0x000000000000b753       0x1c /home/ek-181/RIOT/examples/hello-world/bin/stm32f0discovery/cortexm_common.a(vectors_cortexm.o)
 .debug_macro   0x000000000000b76f      0x2d8 /home/ek-181/RIOT/examples/hello-world/bin/stm32f0discovery/cortexm_common.a(irq_arch.o)
 .debug_macro   0x000000000000ba47      0xa3c /home/ek-181/RIOT/examples/hello-world/bin/stm32f0discovery/cortexm_common.a(irq_arch.o)
 .debug_macro   0x000000000000c483      0x330 /home/ek-181/RIOT/examples/hello-world/bin/stm32f0discovery/stm32_common_periph.a(pm.o)
 .debug_macro   0x000000000000c7b3      0xa3c /home/ek-181/RIOT/examples/hello-world/bin/stm32f0discovery/stm32_common_periph.a(pm.o)
 .debug_macro   0x000000000000d1ef       0x84 /home/ek-181/RIOT/examples/hello-world/bin/stm32f0discovery/stm32_common_periph.a(pm.o)
 .debug_macro   0x000000000000d273      0x386 /home/ek-181/RIOT/examples/hello-world/bin/stm32f0discovery/uart_stdio.a(uart_stdio.o)
 .debug_macro   0x000000000000d5f9      0xa3c /home/ek-181/RIOT/examples/hello-world/bin/stm32f0discovery/uart_stdio.a(uart_stdio.o)
 .debug_macro   0x000000000000e035       0xb8 /home/ek-181/RIOT/examples/hello-world/bin/stm32f0discovery/uart_stdio.a(uart_stdio.o)
 .debug_macro   0x000000000000e0ed       0x16 /home/ek-181/RIOT/examples/hello-world/bin/stm32f0discovery/uart_stdio.a(uart_stdio.o)
 .debug_macro   0x000000000000e103       0x7e /home/ek-181/RIOT/examples/hello-world/bin/stm32f0discovery/uart_stdio.a(uart_stdio.o)
 .debug_macro   0x000000000000e181       0x10 /home/ek-181/RIOT/examples/hello-world/bin/stm32f0discovery/uart_stdio.a(uart_stdio.o)
 .debug_macro   0x000000000000e191       0x16 /home/ek-181/RIOT/examples/hello-world/bin/stm32f0discovery/uart_stdio.a(uart_stdio.o)
 .debug_macro   0x000000000000e1a7      0x310 /home/ek-181/RIOT/examples/hello-world/bin/stm32f0discovery/board.a(board.o)
 .debug_macro   0x000000000000e4b7      0xa3c /home/ek-181/RIOT/examples/hello-world/bin/stm32f0discovery/board.a(board.o)
 .debug_macro   0x000000000000eef3      0x329 /home/ek-181/RIOT/examples/hello-world/bin/stm32f0discovery/core.a(panic.o)
 .debug_macro   0x000000000000f21c      0xa3c /home/ek-181/RIOT/examples/hello-world/bin/stm32f0discovery/core.a(panic.o)
 .debug_macro   0x000000000000fc58       0x10 /home/ek-181/RIOT/examples/hello-world/bin/stm32f0discovery/core.a(panic.o)
 .debug_macro   0x000000000000fc68      0x36c /home/ek-181/RIOT/examples/hello-world/bin/stm32f0discovery/core.a(kernel_init.o)
 .debug_macro   0x000000000000ffd4      0xa3c /home/ek-181/RIOT/examples/hello-world/bin/stm32f0discovery/core.a(kernel_init.o)
 .debug_macro   0x0000000000010a10      0x23b /home/ek-181/RIOT/examples/hello-world/bin/stm32f0discovery/core.a(kernel_init.o)
 .debug_macro   0x0000000000010c4b       0xdc /home/ek-181/RIOT/examples/hello-world/bin/stm32f0discovery/core.a(kernel_init.o)
 .debug_macro   0x0000000000010d27      0x302 /home/ek-181/RIOT/examples/hello-world/bin/stm32f0discovery/core.a(thread.o)
 .debug_macro   0x0000000000011029      0xa3c /home/ek-181/RIOT/examples/hello-world/bin/stm32f0discovery/core.a(thread.o)
 .debug_macro   0x0000000000011a65      0x3d0 /home/ek-181/RIOT/examples/hello-world/bin/stm32f0discovery/isrpipe.a(isrpipe.o)
 .debug_macro   0x0000000000011e35      0xa3c /home/ek-181/RIOT/examples/hello-world/bin/stm32f0discovery/isrpipe.a(isrpipe.o)
 .debug_macro   0x0000000000012871       0x2e /home/ek-181/RIOT/examples/hello-world/bin/stm32f0discovery/isrpipe.a(isrpipe.o)
 .debug_macro   0x000000000001289f       0x78 /home/ek-181/RIOT/examples/hello-world/bin/stm32f0discovery/isrpipe.a(isrpipe.o)
 .debug_macro   0x0000000000012917       0x58 /home/ek-181/RIOT/examples/hello-world/bin/stm32f0discovery/isrpipe.a(isrpipe.o)
 .debug_macro   0x000000000001296f       0x1c /home/ek-181/RIOT/examples/hello-world/bin/stm32f0discovery/isrpipe.a(isrpipe.o)
 .debug_macro   0x000000000001298b       0x10 /home/ek-181/RIOT/examples/hello-world/bin/stm32f0discovery/isrpipe.a(isrpipe.o)
 .debug_macro   0x000000000001299b       0x10 /home/ek-181/RIOT/examples/hello-world/bin/stm32f0discovery/isrpipe.a(isrpipe.o)
 .debug_macro   0x00000000000129ab      0x326 /home/ek-181/RIOT/examples/hello-world/bin/stm32f0discovery/pm_layered.a(pm.o)
 .debug_macro   0x0000000000012cd1      0xa3c /home/ek-181/RIOT/examples/hello-world/bin/stm32f0discovery/pm_layered.a(pm.o)
 .debug_macro   0x000000000001370d      0x32a /home/ek-181/RIOT/examples/hello-world/bin/stm32f0discovery/stm32_common.a(stmclk.o)
 .debug_macro   0x0000000000013a37      0xa3c /home/ek-181/RIOT/examples/hello-world/bin/stm32f0discovery/stm32_common.a(stmclk.o)
 .debug_macro   0x0000000000014473      0x321 /home/ek-181/RIOT/examples/hello-world/bin/stm32f0discovery/stm32_common.a(stmclk_common.o)
 .debug_macro   0x0000000000014794      0xa3c /home/ek-181/RIOT/examples/hello-world/bin/stm32f0discovery/stm32_common.a(stmclk_common.o)
 .debug_macro   0x00000000000151d0      0x31d /home/ek-181/RIOT/examples/hello-world/bin/stm32f0discovery/stm32_common.a(stm_status.o)
 .debug_macro   0x00000000000154ed      0xa3c /home/ek-181/RIOT/examples/hello-world/bin/stm32f0discovery/stm32_common.a(stm_status.o)
 .debug_macro   0x0000000000015f29       0x10 /home/ek-181/RIOT/examples/hello-world/bin/stm32f0discovery/stm32_common.a(stm_status.o)
 .debug_macro   0x0000000000015f39      0x304 /home/ek-181/RIOT/examples/hello-world/bin/stm32f0discovery/stm32_common.a(cpu_init.o)
 .debug_macro   0x000000000001623d      0xa3c /home/ek-181/RIOT/examples/hello-world/bin/stm32f0discovery/stm32_common.a(cpu_init.o)
 .debug_macro   0x0000000000016c79      0x336 /home/ek-181/RIOT/examples/hello-world/bin/stm32f0discovery/stm32_common.a(cpu_common.o)
 .debug_macro   0x0000000000016faf      0xa3c /home/ek-181/RIOT/examples/hello-world/bin/stm32f0discovery/stm32_common.a(cpu_common.o)
 .debug_macro   0x00000000000179eb      0x335 /home/ek-181/RIOT/examples/hello-world/bin/stm32f0discovery/stm32_common_periph.a(uart.o)
 .debug_macro   0x0000000000017d20      0xa3c /home/ek-181/RIOT/examples/hello-world/bin/stm32f0discovery/stm32_common_periph.a(uart.o)
 .debug_macro   0x000000000001875c      0x307 /home/ek-181/RIOT/examples/hello-world/bin/stm32f0discovery/stm32_common_periph.a(gpio.o)
 .debug_macro   0x0000000000018a63      0xa3c /home/ek-181/RIOT/examples/hello-world/bin/stm32f0discovery/stm32_common_periph.a(gpio.o)
 .debug_macro   0x000000000001949f       0x5f /home/ek-181/RIOT/examples/hello-world/bin/stm32f0discovery/tsrb.a(tsrb.o)
 .debug_macro   0x00000000000194fe      0xa3c /home/ek-181/RIOT/examples/hello-world/bin/stm32f0discovery/tsrb.a(tsrb.o)
 .debug_macro   0x0000000000019f3a      0x342 /home/ek-181/RIOT/examples/hello-world/bin/stm32f0discovery/periph_common.a(init.o)
 .debug_macro   0x000000000001a27c      0xa3c /home/ek-181/RIOT/examples/hello-world/bin/stm32f0discovery/periph_common.a(init.o)
 .debug_macro   0x000000000001acb8       0x10 /home/ek-181/RIOT/examples/hello-world/bin/stm32f0discovery/periph_common.a(init.o)
 .debug_macro   0x000000000001acc8      0x138 /home/ek-181/RIOT/examples/hello-world/bin/stm32f0discovery/application_hello-world.a(main.o)
 .debug_macro   0x000000000001ae00      0xa3c /home/ek-181/RIOT/examples/hello-world/bin/stm32f0discovery/application_hello-world.a(main.o)
 .debug_macro   0x000000000001b83c      0x2e4 /home/ek-181/RIOT/examples/hello-world/bin/stm32f0discovery/auto_init.a(auto_init.o)
 .debug_macro   0x000000000001bb20      0xa3c /home/ek-181/RIOT/examples/hello-world/bin/stm32f0discovery/auto_init.a(auto_init.o)
 .debug_macro   0x000000000001c55c      0x2f9 /home/ek-181/RIOT/examples/hello-world/bin/stm32f0discovery/core.a(mutex.o)
 .debug_macro   0x000000000001c855      0xa3c /home/ek-181/RIOT/examples/hello-world/bin/stm32f0discovery/core.a(mutex.o)
 .debug_macro   0x000000000001d291      0x1e5 /home/ek-181/RIOT/examples/hello-world/bin/stm32f0discovery/core.a(mutex.o)
 .debug_macro   0x000000000001d476      0x307 /home/ek-181/RIOT/examples/hello-world/bin/stm32f0discovery/cortexm_common.a(cortexm_init.o)
 .debug_macro   0x000000000001d77d      0xa3c /home/ek-181/RIOT/examples/hello-world/bin/stm32f0discovery/cortexm_common.a(cortexm_init.o)
 .debug_macro   0x000000000001e1b9      0x4a1 /home/ek-181/RIOT/examples/hello-world/bin/stm32f0discovery/stm32_common_periph.a(rtc.o)
 .debug_macro   0x000000000001e65a      0xa3c /home/ek-181/RIOT/examples/hello-world/bin/stm32f0discovery/stm32_common_periph.a(rtc.o)

.debug_line     0x0000000000000000     0xaa9f
 .debug_line    0x0000000000000000      0x2e9 /home/ek-181/RIOT/examples/hello-world/bin/stm32f0discovery/cpu/vectors.o
 .debug_line    0x00000000000002e9      0x827 /home/ek-181/RIOT/examples/hello-world/bin/stm32f0discovery/newlib_syscalls_default/syscalls.o
 .debug_line    0x0000000000000b10      0x5b1 /home/ek-181/RIOT/examples/hello-world/bin/stm32f0discovery/core.a(sched.o)
 .debug_line    0x00000000000010c1      0x412 /home/ek-181/RIOT/examples/hello-world/bin/stm32f0discovery/core.a(bitarithm.o)
 .debug_line    0x00000000000014d3      0x5ff /home/ek-181/RIOT/examples/hello-world/bin/stm32f0discovery/cortexm_common.a(thread_arch.o)
 .debug_line    0x0000000000001ad2      0x63d /home/ek-181/RIOT/examples/hello-world/bin/stm32f0discovery/cortexm_common.a(vectors_cortexm.o)
 .debug_line    0x000000000000210f      0x55f /home/ek-181/RIOT/examples/hello-world/bin/stm32f0discovery/cortexm_common.a(irq_arch.o)
 .debug_line    0x000000000000266e      0x650 /home/ek-181/RIOT/examples/hello-world/bin/stm32f0discovery/stm32_common_periph.a(pm.o)
 .debug_line    0x0000000000002cbe      0x665 /home/ek-181/RIOT/examples/hello-world/bin/stm32f0discovery/uart_stdio.a(uart_stdio.o)
 .debug_line    0x0000000000003323      0x5d7 /home/ek-181/RIOT/examples/hello-world/bin/stm32f0discovery/board.a(board.o)
 .debug_line    0x00000000000038fa      0x5ee /home/ek-181/RIOT/examples/hello-world/bin/stm32f0discovery/core.a(panic.o)
 .debug_line    0x0000000000003ee8      0x61d /home/ek-181/RIOT/examples/hello-world/bin/stm32f0discovery/core.a(kernel_init.o)
 .debug_line    0x0000000000004505      0x65d /home/ek-181/RIOT/examples/hello-world/bin/stm32f0discovery/core.a(thread.o)
 .debug_line    0x0000000000004b62      0x762 /home/ek-181/RIOT/examples/hello-world/bin/stm32f0discovery/isrpipe.a(isrpipe.o)
 .debug_line    0x00000000000052c4      0x5e8 /home/ek-181/RIOT/examples/hello-world/bin/stm32f0discovery/pm_layered.a(pm.o)
 .debug_line    0x00000000000058ac      0x5d3 /home/ek-181/RIOT/examples/hello-world/bin/stm32f0discovery/stm32_common.a(stmclk.o)
 .debug_line    0x0000000000005e7f      0x613 /home/ek-181/RIOT/examples/hello-world/bin/stm32f0discovery/stm32_common.a(stmclk_common.o)
 .debug_line    0x0000000000006492      0x6b9 /home/ek-181/RIOT/examples/hello-world/bin/stm32f0discovery/stm32_common.a(stm_status.o)
 .debug_line    0x0000000000006b4b      0x599 /home/ek-181/RIOT/examples/hello-world/bin/stm32f0discovery/stm32_common.a(cpu_init.o)
 .debug_line    0x00000000000070e4      0x624 /home/ek-181/RIOT/examples/hello-world/bin/stm32f0discovery/stm32_common.a(cpu_common.o)
 .debug_line    0x0000000000007708      0x75c /home/ek-181/RIOT/examples/hello-world/bin/stm32f0discovery/stm32_common_periph.a(uart.o)
 .debug_line    0x0000000000007e64      0x7fa /home/ek-181/RIOT/examples/hello-world/bin/stm32f0discovery/stm32_common_periph.a(gpio.o)
 .debug_line    0x000000000000865e      0x1e2 /home/ek-181/RIOT/examples/hello-world/bin/stm32f0discovery/tsrb.a(tsrb.o)
 .debug_line    0x0000000000008840      0x5fa /home/ek-181/RIOT/examples/hello-world/bin/stm32f0discovery/periph_common.a(init.o)
 .debug_line    0x0000000000008e3a      0x265 /home/ek-181/RIOT/examples/hello-world/bin/stm32f0discovery/application_hello-world.a(main.o)
 .debug_line    0x000000000000909f      0x524 /home/ek-181/RIOT/examples/hello-world/bin/stm32f0discovery/auto_init.a(auto_init.o)
 .debug_line    0x00000000000095c3      0x581 /home/ek-181/RIOT/examples/hello-world/bin/stm32f0discovery/core.a(mutex.o)
 .debug_line    0x0000000000009b44      0x636 /home/ek-181/RIOT/examples/hello-world/bin/stm32f0discovery/cortexm_common.a(cortexm_init.o)
 .debug_line    0x000000000000a17a      0x925 /home/ek-181/RIOT/examples/hello-world/bin/stm32f0discovery/stm32_common_periph.a(rtc.o)

.debug_str      0x0000000000000000    0x27573
 .debug_str     0x0000000000000000    0x1c223 /home/ek-181/RIOT/examples/hello-world/bin/stm32f0discovery/cpu/vectors.o
                                      0x1c391 (size before relaxing)
 .debug_str     0x000000000001c223     0x7c5c /home/ek-181/RIOT/examples/hello-world/bin/stm32f0discovery/newlib_syscalls_default/syscalls.o
                                      0x2416f (size before relaxing)
 .debug_str     0x0000000000023e7f      0x375 /home/ek-181/RIOT/examples/hello-world/bin/stm32f0discovery/core.a(sched.o)
                                      0x22002 (size before relaxing)
 .debug_str     0x00000000000241f4       0x8f /home/ek-181/RIOT/examples/hello-world/bin/stm32f0discovery/core.a(bitarithm.o)
                                      0x1ff25 (size before relaxing)
 .debug_str     0x0000000000024283      0x218 /home/ek-181/RIOT/examples/hello-world/bin/stm32f0discovery/cortexm_common.a(thread_arch.o)
                                      0x21ed6 (size before relaxing)
 .debug_str     0x000000000002449b      0x37f /home/ek-181/RIOT/examples/hello-world/bin/stm32f0discovery/cortexm_common.a(vectors_cortexm.o)
                                      0x22456 (size before relaxing)
 .debug_str     0x000000000002481a       0xcb /home/ek-181/RIOT/examples/hello-world/bin/stm32f0discovery/cortexm_common.a(irq_arch.o)
                                      0x21d94 (size before relaxing)
 .debug_str     0x00000000000248e5      0x173 /home/ek-181/RIOT/examples/hello-world/bin/stm32f0discovery/stm32_common_periph.a(pm.o)
                                      0x2229a (size before relaxing)
 .debug_str     0x0000000000024a58      0x6d6 /home/ek-181/RIOT/examples/hello-world/bin/stm32f0discovery/uart_stdio.a(uart_stdio.o)
                                      0x22b3a (size before relaxing)
 .debug_str     0x000000000002512e      0x133 /home/ek-181/RIOT/examples/hello-world/bin/stm32f0discovery/board.a(board.o)
                                      0x2280e (size before relaxing)
 .debug_str     0x0000000000025261       0xa9 /home/ek-181/RIOT/examples/hello-world/bin/stm32f0discovery/core.a(panic.o)
                                      0x22272 (size before relaxing)
 .debug_str     0x000000000002530a       0xe2 /home/ek-181/RIOT/examples/hello-world/bin/stm32f0discovery/core.a(kernel_init.o)
                                      0x22817 (size before relaxing)
 .debug_str     0x00000000000253ec      0x170 /home/ek-181/RIOT/examples/hello-world/bin/stm32f0discovery/core.a(thread.o)
                                      0x22426 (size before relaxing)
 .debug_str     0x000000000002555c      0x477 /home/ek-181/RIOT/examples/hello-world/bin/stm32f0discovery/isrpipe.a(isrpipe.o)
                                      0x2320c (size before relaxing)
 .debug_str     0x00000000000259d3       0xe1 /home/ek-181/RIOT/examples/hello-world/bin/stm32f0discovery/pm_layered.a(pm.o)
                                      0x2220f (size before relaxing)
 .debug_str     0x0000000000025ab4      0x23a /home/ek-181/RIOT/examples/hello-world/bin/stm32f0discovery/stm32_common.a(stmclk.o)
                                      0x225de (size before relaxing)
 .debug_str     0x0000000000025cee      0x13c /home/ek-181/RIOT/examples/hello-world/bin/stm32f0discovery/stm32_common.a(stmclk_common.o)
                                      0x2254d (size before relaxing)
 .debug_str     0x0000000000025e2a      0x1d8 /home/ek-181/RIOT/examples/hello-world/bin/stm32f0discovery/stm32_common.a(stm_status.o)
                                      0x22573 (size before relaxing)
 .debug_str     0x0000000000026002       0xdd /home/ek-181/RIOT/examples/hello-world/bin/stm32f0discovery/stm32_common.a(cpu_init.o)
                                      0x22017 (size before relaxing)
 .debug_str     0x00000000000260df      0x19a /home/ek-181/RIOT/examples/hello-world/bin/stm32f0discovery/stm32_common.a(cpu_common.o)
                                      0x2270d (size before relaxing)
 .debug_str     0x0000000000026279      0x45f /home/ek-181/RIOT/examples/hello-world/bin/stm32f0discovery/stm32_common_periph.a(uart.o)
                                      0x22aa1 (size before relaxing)
 .debug_str     0x00000000000266d8      0x211 /home/ek-181/RIOT/examples/hello-world/bin/stm32f0discovery/stm32_common_periph.a(gpio.o)
                                      0x228a6 (size before relaxing)
 .debug_str     0x00000000000268e9       0xb2 /home/ek-181/RIOT/examples/hello-world/bin/stm32f0discovery/tsrb.a(tsrb.o)
                                       0x3604 (size before relaxing)
 .debug_str     0x000000000002699b       0xba /home/ek-181/RIOT/examples/hello-world/bin/stm32f0discovery/periph_common.a(init.o)
                                      0x2251f (size before relaxing)
 .debug_str     0x0000000000026a55       0xa0 /home/ek-181/RIOT/examples/hello-world/bin/stm32f0discovery/application_hello-world.a(main.o)
                                       0x6e2f (size before relaxing)
 .debug_str     0x0000000000026af5       0x9a /home/ek-181/RIOT/examples/hello-world/bin/stm32f0discovery/auto_init.a(auto_init.o)
                                      0x21d3d (size before relaxing)
 .debug_str     0x0000000000026b8f       0xa7 /home/ek-181/RIOT/examples/hello-world/bin/stm32f0discovery/core.a(mutex.o)
                                      0x21e6b (size before relaxing)
 .debug_str     0x0000000000026c36       0xe2 /home/ek-181/RIOT/examples/hello-world/bin/stm32f0discovery/cortexm_common.a(cortexm_init.o)
                                      0x222f0 (size before relaxing)
 .debug_str     0x0000000000026d18      0x85b /home/ek-181/RIOT/examples/hello-world/bin/stm32f0discovery/stm32_common_periph.a(rtc.o)
                                      0x231f6 (size before relaxing)

.comment        0x0000000000000000       0x7f
 .comment       0x0000000000000000       0x7f /home/ek-181/RIOT/examples/hello-world/bin/stm32f0discovery/cpu/vectors.o
                                         0x80 (size before relaxing)
 .comment       0x000000000000007f       0x80 /home/ek-181/RIOT/examples/hello-world/bin/stm32f0discovery/newlib_syscalls_default/syscalls.o
 .comment       0x000000000000007f       0x80 /home/ek-181/RIOT/examples/hello-world/bin/stm32f0discovery/core.a(sched.o)
 .comment       0x000000000000007f       0x80 /home/ek-181/RIOT/examples/hello-world/bin/stm32f0discovery/core.a(bitarithm.o)
 .comment       0x000000000000007f       0x80 /home/ek-181/RIOT/examples/hello-world/bin/stm32f0discovery/cortexm_common.a(thread_arch.o)
 .comment       0x000000000000007f       0x80 /home/ek-181/RIOT/examples/hello-world/bin/stm32f0discovery/cortexm_common.a(vectors_cortexm.o)
 .comment       0x000000000000007f       0x80 /home/ek-181/RIOT/examples/hello-world/bin/stm32f0discovery/cortexm_common.a(irq_arch.o)
 .comment       0x000000000000007f       0x80 /home/ek-181/RIOT/examples/hello-world/bin/stm32f0discovery/stm32_common_periph.a(pm.o)
 .comment       0x000000000000007f       0x80 /home/ek-181/RIOT/examples/hello-world/bin/stm32f0discovery/uart_stdio.a(uart_stdio.o)
 .comment       0x000000000000007f       0x80 /home/ek-181/RIOT/examples/hello-world/bin/stm32f0discovery/board.a(board.o)