Archive member included to satisfy reference by file (symbol)

/home/ek-181/riot-examples-master/02button/bin/stm32f0discovery/core.a(sched.o)
                              /home/ek-181/riot-examples-master/02button/bin/stm32f0discovery/newlib_syscalls_default/syscalls.o (sched_active_pid)
/home/ek-181/riot-examples-master/02button/bin/stm32f0discovery/core.a(bitarithm.o)
                              /home/ek-181/riot-examples-master/02button/bin/stm32f0discovery/core.a(sched.o) (MultiplyDeBruijnBitPosition)
/home/ek-181/riot-examples-master/02button/bin/stm32f0discovery/cortexm_common.a(thread_arch.o)
                              /home/ek-181/riot-examples-master/02button/bin/stm32f0discovery/core.a(sched.o) (cpu_switch_context_exit)
/home/ek-181/riot-examples-master/02button/bin/stm32f0discovery/cortexm_common.a(vectors_cortexm.o)
                              /home/ek-181/riot-examples-master/02button/bin/stm32f0discovery/cpu/vectors.o (dummy_handler_default)
/home/ek-181/riot-examples-master/02button/bin/stm32f0discovery/cortexm_common.a(irq_arch.o)
                              /home/ek-181/riot-examples-master/02button/bin/stm32f0discovery/newlib_syscalls_default/syscalls.o (irq_disable)
/home/ek-181/riot-examples-master/02button/bin/stm32f0discovery/div.a(div.o)
                              /home/ek-181/riot-examples-master/02button/bin/stm32f0discovery/newlib_syscalls_default/syscalls.o (_div_mulhi64)
/home/ek-181/riot-examples-master/02button/bin/stm32f0discovery/stm32_common_periph.a(pm.o)
                              /home/ek-181/riot-examples-master/02button/bin/stm32f0discovery/newlib_syscalls_default/syscalls.o (pm_off)
/home/ek-181/riot-examples-master/02button/bin/stm32f0discovery/uart_stdio.a(uart_stdio.o)
                              /home/ek-181/riot-examples-master/02button/bin/stm32f0discovery/newlib_syscalls_default/syscalls.o (uart_stdio_init)
/home/ek-181/riot-examples-master/02button/bin/stm32f0discovery/xtimer.a(xtimer_core.o)
                              /home/ek-181/riot-examples-master/02button/bin/stm32f0discovery/newlib_syscalls_default/syscalls.o (_xtimer_now64)
/home/ek-181/riot-examples-master/02button/bin/stm32f0discovery/board.a(board.o)
                              /home/ek-181/riot-examples-master/02button/bin/stm32f0discovery/cortexm_common.a(vectors_cortexm.o) (board_init)
/home/ek-181/riot-examples-master/02button/bin/stm32f0discovery/core.a(panic.o)
                              /home/ek-181/riot-examples-master/02button/bin/stm32f0discovery/cortexm_common.a(vectors_cortexm.o) (core_panic)
/home/ek-181/riot-examples-master/02button/bin/stm32f0discovery/core.a(kernel_init.o)
                              /home/ek-181/riot-examples-master/02button/bin/stm32f0discovery/cortexm_common.a(vectors_cortexm.o) (kernel_init)
/home/ek-181/riot-examples-master/02button/bin/stm32f0discovery/core.a(thread.o)
                              /home/ek-181/riot-examples-master/02button/bin/stm32f0discovery/core.a(kernel_init.o) (thread_create)
/home/ek-181/riot-examples-master/02button/bin/stm32f0discovery/isrpipe.a(isrpipe.o)
                              /home/ek-181/riot-examples-master/02button/bin/stm32f0discovery/uart_stdio.a(uart_stdio.o) (isrpipe_write_one)
/home/ek-181/riot-examples-master/02button/bin/stm32f0discovery/pm_layered.a(pm.o)
                              /home/ek-181/riot-examples-master/02button/bin/stm32f0discovery/core.a(kernel_init.o) (pm_set_lowest)
/home/ek-181/riot-examples-master/02button/bin/stm32f0discovery/stm32_common.a(stmclk.o)
                              /home/ek-181/riot-examples-master/02button/bin/stm32f0discovery/stm32_common_periph.a(pm.o) (stmclk_init_sysclk)
/home/ek-181/riot-examples-master/02button/bin/stm32f0discovery/stm32_common.a(stmclk_common.o)
                              /home/ek-181/riot-examples-master/02button/bin/stm32f0discovery/stm32_common.a(stmclk.o) (stmclk_enable_hsi)
/home/ek-181/riot-examples-master/02button/bin/stm32f0discovery/stm32_common.a(stm_status.o)
                              /home/ek-181/riot-examples-master/02button/bin/stm32f0discovery/stm32_common.a(stmclk.o) (cpu_status)
/home/ek-181/riot-examples-master/02button/bin/stm32f0discovery/stm32_common.a(cpu_init.o)
                              /home/ek-181/riot-examples-master/02button/bin/stm32f0discovery/board.a(board.o) (cpu_init)
/home/ek-181/riot-examples-master/02button/bin/stm32f0discovery/stm32_common.a(cpu_common.o)
                              /home/ek-181/riot-examples-master/02button/bin/stm32f0discovery/stm32_common.a(cpu_init.o) (periph_clk_en)
/home/ek-181/riot-examples-master/02button/bin/stm32f0discovery/stm32_common_periph.a(uart.o)
                              /home/ek-181/riot-examples-master/02button/bin/stm32f0discovery/uart_stdio.a(uart_stdio.o) (uart_write)
/home/ek-181/riot-examples-master/02button/bin/stm32f0discovery/stm32_common_periph.a(gpio.o)
[...]
Memory Configuration

Name             Origin             Length             Attributes
ccmram           0x0000000010000000 0x0000000000000000
rom              0x0000000008000000 0x0000000000010000 xr
ram              0x0000000020000000 0x0000000000002000 w !xr
*default*        0x0000000000000000 0xffffffffffffffff

Linker script and memory map

LOAD /home/ek-181/riot-examples-master/02button/bin/stm32f0discovery/cpu/vectors.o
LOAD /home/ek-181/riot-examples-master/02button/bin/stm32f0discovery/newlib_syscalls_default/syscalls.o
START GROUP
LOAD /home/ek-181/riot-examples-master/02button/bin/stm32f0discovery/application_button.a
LOAD /home/ek-181/riot-examples-master/02button/bin/stm32f0discovery/auto_init.a
LOAD /home/ek-181/riot-examples-master/02button/bin/stm32f0discovery/board.a
LOAD /home/ek-181/riot-examples-master/02button/bin/stm32f0discovery/core.a
LOAD /home/ek-181/riot-examples-master/02button/bin/stm32f0discovery/cortexm_common.a
LOAD /home/ek-181/riot-examples-master/02button/bin/stm32f0discovery/cortexm_common_periph.a
LOAD /home/ek-181/riot-examples-master/02button/bin/stm32f0discovery/cpu.a
LOAD /home/ek-181/riot-examples-master/02button/bin/stm32f0discovery/div.a
LOAD /home/ek-181/riot-examples-master/02button/bin/stm32f0discovery/isrpipe.a
LOAD /home/ek-181/riot-examples-master/02button/bin/stm32f0discovery/newlib_syscalls_default.a
LOAD /home/ek-181/riot-examples-master/02button/bin/stm32f0discovery/periph.a
LOAD /home/ek-181/riot-examples-master/02button/bin/stm32f0discovery/pm_layered.a
LOAD /home/ek-181/riot-examples-master/02button/bin/stm32f0discovery/stm32_common.a
LOAD /home/ek-181/riot-examples-master/02button/bin/stm32f0discovery/stm32_common_periph.a
LOAD /home/ek-181/riot-examples-master/02button/bin/stm32f0discovery/sys.a
LOAD /home/ek-181/riot-examples-master/02button/bin/stm32f0discovery/tsrb.a
LOAD /home/ek-181/riot-examples-master/02button/bin/stm32f0discovery/uart_stdio.a
LOAD /home/ek-181/riot-examples-master/02button/bin/stm32f0discovery/xtimer.a
LOAD /home/ek-181/riot-examples-master/02button/bin/stm32f0discovery/periph_common.a
LOAD /usr/bin/../lib/gcc/arm-none-eabi/7.3.1/../../../../arm-none-eabi/lib/thumb/v6-m/libm.a
END GROUP
LOAD /usr/bin/../lib/gcc/arm-none-eabi/7.3.1/thumb/v6-m/libgcc.a
                0x0000000008000000                _rom_start_addr = 0x8000000
                0x0000000020000000                _ram_start_addr = 0x20000000
                0x0000000000010000                _rom_length = 0x10000
                0x0000000000002000                _ram_length = 0x2000
LOAD /usr/bin/../lib/gcc/arm-none-eabi/7.3.1/../../../../arm-none-eabi/lib/thumb/v6-m/libc_nano.a
START GROUP
LOAD /usr/bin/../lib/gcc/arm-none-eabi/7.3.1/thumb/v6-m/libgcc.a
LOAD /usr/bin/../lib/gcc/arm-none-eabi/7.3.1/../../../../arm-none-eabi/lib/thumb/v6-m/libg_nano.a
LOAD /usr/bin/../lib/gcc/arm-none-eabi/7.3.1/../../../../arm-none-eabi/lib/thumb/v6-m/libc_nano.a
END GROUP
START GROUP
LOAD /usr/bin/../lib/gcc/arm-none-eabi/7.3.1/thumb/v6-m/libgcc.a
LOAD /usr/bin/../lib/gcc/arm-none-eabi/7.3.1/../../../../arm-none-eabi/lib/thumb/v6-m/libc_nano.a
END GROUP
                0x0000000000000000                ccmram_length = DEFINED (ccmram_len)?ccmram_len:0x0
                0x0000000000000000                _boot_offset = DEFINED (_rom_offset)?_rom_offset:0x0

.text           0x0000000008000000     0x2c9c
                0x0000000008000000                . = ALIGN (0x4)
                0x0000000008000000                _sfixed = .
                0x0000000008000000                _isr_vectors = DEFINED (_isr_vectors)?_isr_vectors:.
 *(SORT_BY_NAME(.vectors*))
 .vectors.0     0x0000000008000000       0x40 /home/ek-181/riot-examples-master/02button/bin/stm32f0discovery/cortexm_common.a(vectors_cortexm.o)
                0x0000000008000000                cortex_vector_base
 .vectors.1     0x0000000008000040       0x7c /home/ek-181/riot-examples-master/02button/bin/stm32f0discovery/cpu/vectors.o
                0x0000000008000040                vector_cpu
 *(.text .text.* .gnu.linkonce.t.*)
 .text.dummy_handler
                0x00000000080000bc        0x8 /home/ek-181/riot-examples-master/02button/bin/stm32f0discovery/cpu/vectors.o
                0x00000000080000bc                isr_pvd
                0x00000000080000bc                isr_i2c1
                0x00000000080000bc                isr_tim16
                0x00000000080000bc                isr_tsc
                0x00000000080000bc                isr_cec_can
                0x00000000080000bc                isr_tim7
                0x00000000080000bc                isr_dma1_channel4_5
                0x00000000080000bc                isr_tim1_brk_up_trg_com
                0x00000000080000bc                isr_dma1_channel4_5_6_7
                0x00000000080000bc                isr_i2c2
                0x00000000080000bc                isr_dma1_channel2_3
                0x00000000080000bc                isr_spi2
                0x00000000080000bc                isr_dma1_channel1
                0x00000000080000bc                dummy_handler
                0x00000000080000bc                isr_dma1_ch1
                0x00000000080000bc                isr_spi1
                0x00000000080000bc                isr_tim6
                0x00000000080000bc                isr_rcc
                0x00000000080000bc                isr_flash
                0x00000000080000bc                isr_tim1_cc
                0x00000000080000bc                isr_tim14
                0x00000000080000bc                isr_usb
                0x00000000080000bc                isr_adc1_comp
                0x00000000080000bc                isr_usart3_4
                0x00000000080000bc                isr_tim17
                0x00000000080000bc                isr_adc1
                0x00000000080000bc                isr_tim6_dac
                0x00000000080000bc                isr_dma1_ch4_7_dma2_ch3_5
                0x00000000080000bc                isr_pvd_vddio2
                0x00000000080000bc                isr_tim3
                0x00000000080000bc                isr_tim15
                0x00000000080000bc                isr_rcc_crs
                0x00000000080000bc                isr_usart3_8
                0x00000000080000bc                isr_dma1_ch2_3_dma2_ch1_2
                0x00000000080000bc                isr_wwdg
 .text._init    0x00000000080000c4        0x8 /home/ek-181/riot-examples-master/02button/bin/stm32f0discovery/newlib_syscalls_default/syscalls.o
                0x00000000080000c4                _init
 .text._fini    0x00000000080000cc        0x2 /home/ek-181/riot-examples-master/02button/bin/stm32f0discovery/newlib_syscalls_default/syscalls.o
                0x00000000080000cc                _fini
 *fill*         0x00000000080000ce        0x2 
 .text._sbrk_r  0x00000000080000d0       0x3c /home/ek-181/riot-examples-master/02button/bin/stm32f0discovery/newlib_syscalls_default/syscalls.o
                0x00000000080000d0                _sbrk_r
 .text._read_r  0x000000000800010c        0xc /home/ek-181/riot-examples-master/02button/bin/stm32f0discovery/newlib_syscalls_default/syscalls.o
                0x000000000800010c                _read_r
 .text._write_r
                0x0000000008000118        0xc /home/ek-181/riot-examples-master/02button/bin/stm32f0discovery/newlib_syscalls_default/syscalls.o
                0x0000000008000118                _write_r
 .text._close_r
                0x0000000008000124        0xa /home/ek-181/riot-examples-master/02button/bin/stm32f0discovery/newlib_syscalls_default/syscalls.o
                0x0000000008000124                _close_r
 .text._lseek_r
                0x000000000800012e        0xa /home/ek-181/riot-examples-master/02button/bin/stm32f0discovery/newlib_syscalls_default/syscalls.o
                0x000000000800012e                _lseek_r
 .text._fstat_r
                0x0000000008000138        0xa /home/ek-181/riot-examples-master/02button/bin/stm32f0discovery/newlib_syscalls_default/syscalls.o
                0x0000000008000138                _fstat_r
 .text._isatty_r
                0x0000000008000142        0xe /home/ek-181/riot-examples-master/02button/bin/stm32f0discovery/newlib_syscalls_default/syscalls.o
                0x0000000008000142                _isatty_r
 .text.sched_run
                0x0000000008000150       0x68 /home/ek-181/riot-examples-master/02button/bin/stm32f0discovery/core.a(sched.o)
                0x0000000008000150                sched_run
 .text.sched_set_status
                0x00000000080001b8       0x7c /home/ek-181/riot-examples-master/02button/bin/stm32f0discovery/core.a(sched.o)
                0x00000000080001b8                sched_set_status
 .text.sched_switch
                0x0000000008000234       0x30 /home/ek-181/riot-examples-master/02button/bin/stm32f0discovery/core.a(sched.o)
                0x0000000008000234                sched_switch
 .text.sched_task_exit
                0x0000000008000264       0x3c /home/ek-181/riot-examples-master/02button/bin/stm32f0discovery/core.a(sched.o)
                0x0000000008000264                sched_task_exit
 .text.thread_stack_init
                0x00000000080002a0       0x90 /home/ek-181/riot-examples-master/02button/bin/stm32f0discovery/cortexm_common.a(thread_arch.o)
                0x00000000080002a0                thread_stack_init
 .text.cpu_switch_context_exit
                0x0000000008000330        0x8 /home/ek-181/riot-examples-master/02button/bin/stm32f0discovery/cortexm_common.a(thread_arch.o)
                0x0000000008000330                cpu_switch_context_exit
 .text.thread_yield_higher
                0x0000000008000338       0x14 /home/ek-181/riot-examples-master/02button/bin/stm32f0discovery/cortexm_common.a(thread_arch.o)
                0x0000000008000338                thread_yield_higher
 .text.isr_pendsv
                0x000000000800034c       0x28 /home/ek-181/riot-examples-master/02button/bin/stm32f0discovery/cortexm_common.a(thread_arch.o)
                0x000000000800034c                isr_pendsv
 .text.isr_svc  0x0000000008000374       0x2c /home/ek-181/riot-examples-master/02button/bin/stm32f0discovery/cortexm_common.a(thread_arch.o)
                0x0000000008000374                isr_svc
 .text.hard_fault_default
                0x00000000080003a0       0x70 /home/ek-181/riot-examples-master/02button/bin/stm32f0discovery/cortexm_common.a(vectors_cortexm.o)
                0x00000000080003a0                hard_fault_default
 .text.nmi_default
                0x0000000008000410       0x10 /home/ek-181/riot-examples-master/02button/bin/stm32f0discovery/cortexm_common.a(vectors_cortexm.o)
                0x0000000008000410                nmi_default
 .text.dummy_handler_default
                0x0000000008000420       0x10 /home/ek-181/riot-examples-master/02button/bin/stm32f0discovery/cortexm_common.a(vectors_cortexm.o)
                0x0000000008000420                dummy_handler_default
                0x0000000008000420                isr_systick
 .text.pre_startup
                0x0000000008000430        0x2 /home/ek-181/riot-examples-master/02button/bin/stm32f0discovery/cortexm_common.a(vectors_cortexm.o)
                0x0000000008000430                pre_startup
 .text.post_startup
                0x0000000008000432        0x2 /home/ek-181/riot-examples-master/02button/bin/stm32f0discovery/cortexm_common.a(vectors_cortexm.o)
                0x0000000008000432                post_startup
 .text.reset_handler_default
                0x0000000008000434       0x68 /home/ek-181/riot-examples-master/02button/bin/stm32f0discovery/cortexm_common.a(vectors_cortexm.o)
                0x0000000008000434                reset_handler_default
 .text.hard_fault_handler
                0x000000000800049c      0x118 /home/ek-181/riot-examples-master/02button/bin/stm32f0discovery/cortexm_common.a(vectors_cortexm.o)
                0x000000000800049c                hard_fault_handler
 .text.irq_disable
                0x00000000080005b4        0x8 /home/ek-181/riot-examples-master/02button/bin/stm32f0discovery/cortexm_common.a(irq_arch.o)
                0x00000000080005b4                irq_disable
 .text.irq_enable
                0x00000000080005bc        0x8 /home/ek-181/riot-examples-master/02button/bin/stm32f0discovery/cortexm_common.a(irq_arch.o)
                0x00000000080005bc                irq_enable
 .text.irq_restore
                0x00000000080005c4        0x6 /home/ek-181/riot-examples-master/02button/bin/stm32f0discovery/cortexm_common.a(irq_arch.o)
                0x00000000080005c4                irq_restore
 .text.irq_is_in
                0x00000000080005ca        0x8 /home/ek-181/riot-examples-master/02button/bin/stm32f0discovery/cortexm_common.a(irq_arch.o)
                0x00000000080005ca                irq_is_in
 *fill*         0x00000000080005d2        0x2 
 .text.cortexm_sleep.constprop.0
                0x00000000080005d4       0x20 /home/ek-181/riot-examples-master/02button/bin/stm32f0discovery/stm32_common_periph.a(pm.o)
 .text.pm_set   0x00000000080005f4       0x50 /home/ek-181/riot-examples-master/02button/bin/stm32f0discovery/stm32_common_periph.a(pm.o)
                0x00000000080005f4                pm_set
 .text.pm_off   0x0000000008000644       0x14 /home/ek-181/riot-examples-master/02button/bin/stm32f0discovery/stm32_common_periph.a(pm.o)
                0x0000000008000644                pm_off
 .text.uart_stdio_init
                0x0000000008000658       0x1c /home/ek-181/riot-examples-master/02button/bin/stm32f0discovery/uart_stdio.a(uart_stdio.o)
                0x0000000008000658                uart_stdio_init
 .text.uart_stdio_read
                0x0000000008000674       0x14 /home/ek-181/riot-examples-master/02button/bin/stm32f0discovery/uart_stdio.a(uart_stdio.o)
                0x0000000008000674                uart_stdio_read
 .text.uart_stdio_write
                0x0000000008000688       0x12 /home/ek-181/riot-examples-master/02button/bin/stm32f0discovery/uart_stdio.a(uart_stdio.o)
                0x0000000008000688                uart_stdio_write
 .text._xtimer_lltimer_now
                0x000000000800069a        0xa /home/ek-181/riot-examples-master/02button/bin/stm32f0discovery/xtimer.a(xtimer_core.o)
 .text._lltimer_set
                0x00000000080006a4       0x18 /home/ek-181/riot-examples-master/02button/bin/stm32f0discovery/xtimer.a(xtimer_core.o)
 .text._next_period
                0x00000000080006bc       0x9c /home/ek-181/riot-examples-master/02button/bin/stm32f0discovery/xtimer.a(xtimer_core.o)
 .text._periph_timer_callback
                0x0000000008000758       0xbc /home/ek-181/riot-examples-master/02button/bin/stm32f0discovery/xtimer.a(xtimer_core.o)
 .text.xtimer_init
                0x0000000008000814       0x20 /home/ek-181/riot-examples-master/02button/bin/stm32f0discovery/xtimer.a(xtimer_core.o)
                0x0000000008000814                xtimer_init
 .text.board_init
                0x0000000008000834       0x20 /home/ek-181/riot-examples-master/02button/bin/stm32f0discovery/board.a(board.o)
                0x0000000008000834                board_init
 .text.panic_arch
                0x0000000008000854        0x2 /home/ek-181/riot-examples-master/02button/bin/stm32f0discovery/core.a(panic.o)
                0x0000000008000854                panic_arch
 *fill*         0x0000000008000856        0x2 
 .text.core_panic
                0x0000000008000858       0x48 /home/ek-181/riot-examples-master/02button/bin/stm32f0discovery/core.a(panic.o)
                0x0000000008000858                core_panic
 .text.main_trampoline
                0x00000000080008a0       0x18 /home/ek-181/riot-examples-master/02button/bin/stm32f0discovery/core.a(kernel_init.o)
 .text.idle_thread
                0x00000000080008b8        0x8 /home/ek-181/riot-examples-master/02button/bin/stm32f0discovery/core.a(kernel_init.o)
 .text.kernel_init
                0x00000000080008c0       0x58 /home/ek-181/riot-examples-master/02button/bin/stm32f0discovery/core.a(kernel_init.o)
                0x00000000080008c0                kernel_init
 .text.thread_add_to_list
                0x0000000008000918       0x34 /home/ek-181/riot-examples-master/02button/bin/stm32f0discovery/core.a(thread.o)
                0x0000000008000918                thread_add_to_list
 .text.thread_create
                0x000000000800094c       0xe8 /home/ek-181/riot-examples-master/02button/bin/stm32f0discovery/core.a(thread.o)
                0x000000000800094c                thread_create
 .text.isrpipe_write_one
                0x0000000008000a34       0x16 /home/ek-181/riot-examples-master/02button/bin/stm32f0discovery/isrpipe.a(isrpipe.o)
                0x0000000008000a34                isrpipe_write_one
 .text.isrpipe_read
                0x0000000008000a4a       0x24 /home/ek-181/riot-examples-master/02button/bin/stm32f0discovery/isrpipe.a(isrpipe.o)
                0x0000000008000a4a                isrpipe_read
 *fill*         0x0000000008000a6e        0x2 
 .text.pm_set_lowest
                0x0000000008000a70       0x38 /home/ek-181/riot-examples-master/02button/bin/stm32f0discovery/pm_layered.a(pm.o)
                0x0000000008000a70                pm_set_lowest
 .text.stmclk_init_sysclk
                0x0000000008000aa8       0x98 /home/ek-181/riot-examples-master/02button/bin/stm32f0discovery/stm32_common.a(stmclk.o)
                0x0000000008000aa8                stmclk_init_sysclk
 .text.stmclk_enable_hsi
                0x0000000008000b40       0x18 /home/ek-181/riot-examples-master/02button/bin/stm32f0discovery/stm32_common.a(stmclk_common.o)
                0x0000000008000b40                stmclk_enable_hsi
 .text.stmclk_disable_hsi
                0x0000000008000b58       0x18 /home/ek-181/riot-examples-master/02button/bin/stm32f0discovery/stm32_common.a(stmclk_common.o)
                0x0000000008000b58                stmclk_disable_hsi
 .text.stmclk_enable_lfclk
                0x0000000008000b70       0x18 /home/ek-181/riot-examples-master/02button/bin/stm32f0discovery/stm32_common.a(stmclk_common.o)
                0x0000000008000b70                stmclk_enable_lfclk
 .text.stmclk_dbp_unlock
                0x0000000008000b88       0x14 /home/ek-181/riot-examples-master/02button/bin/stm32f0discovery/stm32_common.a(stmclk_common.o)
                0x0000000008000b88                stmclk_dbp_unlock
 .text.cpu_init_status
                0x0000000008000b9c      0x164 /home/ek-181/riot-examples-master/02button/bin/stm32f0discovery/stm32_common.a(stm_status.o)
                0x0000000008000b9c                cpu_init_status
 .text.cpu_init
                0x0000000008000d00       0x1e /home/ek-181/riot-examples-master/02button/bin/stm32f0discovery/stm32_common.a(cpu_init.o)
                0x0000000008000d00                cpu_init
 *fill*         0x0000000008000d1e        0x2 
 .text.periph_apb_clk
                0x0000000008000d20        0xc /home/ek-181/riot-examples-master/02button/bin/stm32f0discovery/stm32_common.a(cpu_common.o)
                0x0000000008000d20                periph_apb_clk
 .text.periph_timer_clk
                0x0000000008000d2c       0x14 /home/ek-181/riot-examples-master/02button/bin/stm32f0discovery/stm32_common.a(cpu_common.o)
                0x0000000008000d2c                periph_timer_clk
 .text.periph_clk_en
                0x0000000008000d40       0x34 /home/ek-181/riot-examples-master/02button/bin/stm32f0discovery/stm32_common.a(cpu_common.o)
                0x0000000008000d40                periph_clk_en
 .text.periph_clk_dis
                0x0000000008000d74       0x30 /home/ek-181/riot-examples-master/02button/bin/stm32f0discovery/stm32_common.a(cpu_common.o)
                0x0000000008000d74                periph_clk_dis
 .text.irq_handler
                0x0000000008000da4       0x48 /home/ek-181/riot-examples-master/02button/bin/stm32f0discovery/stm32_common_periph.a(uart.o)
 .text.uart_set_baudrate
                0x0000000008000dec       0x80 /home/ek-181/riot-examples-master/02button/bin/stm32f0discovery/stm32_common_periph.a(uart.o)
                0x0000000008000dec                uart_set_baudrate
 .text.uart_write
                0x0000000008000e6c       0x40 /home/ek-181/riot-examples-master/02button/bin/stm32f0discovery/stm32_common_periph.a(uart.o)
                0x0000000008000e6c                uart_write
 .text.uart_poweron
                0x0000000008000eac       0x28 /home/ek-181/riot-examples-master/02button/bin/stm32f0discovery/stm32_common_periph.a(uart.o)
                0x0000000008000eac                uart_poweron
 .text.uart_init_ext
                0x0000000008000ed4      0x124 /home/ek-181/riot-examples-master/02button/bin/stm32f0discovery/stm32_common_periph.a(uart.o)
                0x0000000008000ed4                uart_init_ext
 .text.uart_init
                0x0000000008000ff8       0x16 /home/ek-181/riot-examples-master/02button/bin/stm32f0discovery/stm32_common_periph.a(uart.o)
                0x0000000008000ff8                uart_init
 .text.isr_usart1
                0x000000000800100e        0xa /home/ek-181/riot-examples-master/02button/bin/stm32f0discovery/stm32_common_periph.a(uart.o)
                0x000000000800100e                isr_usart1
 .text.isr_usart2
                0x0000000008001018        0xa /home/ek-181/riot-examples-master/02button/bin/stm32f0discovery/stm32_common_periph.a(uart.o)
                0x0000000008001018                isr_usart2
 .text.gpio_init
                0x0000000008001022       0x7a /home/ek-181/riot-examples-master/02button/bin/stm32f0discovery/stm32_common_periph.a(gpio.o)
                0x0000000008001022                gpio_init
 .text.gpio_init_int
                0x000000000800109c       0xb4 /home/ek-181/riot-examples-master/02button/bin/stm32f0discovery/stm32_common_periph.a(gpio.o)
                0x000000000800109c                gpio_init_int
 .text.gpio_init_af
                0x0000000008001150       0x40 /home/ek-181/riot-examples-master/02button/bin/stm32f0discovery/stm32_common_periph.a(gpio.o)
                0x0000000008001150                gpio_init_af
 .text.gpio_read
                0x0000000008001190       0x3e /home/ek-181/riot-examples-master/02button/bin/stm32f0discovery/stm32_common_periph.a(gpio.o)
                0x0000000008001190                gpio_read
 .text.gpio_set
                0x00000000080011ce       0x14 /home/ek-181/riot-examples-master/02button/bin/stm32f0discovery/stm32_common_periph.a(gpio.o)
                0x00000000080011ce                gpio_set
 .text.gpio_clear
                0x00000000080011e2       0x16 /home/ek-181/riot-examples-master/02button/bin/stm32f0discovery/stm32_common_periph.a(gpio.o)
                0x00000000080011e2                gpio_clear
 .text.gpio_toggle
                0x00000000080011f8       0x1c /home/ek-181/riot-examples-master/02button/bin/stm32f0discovery/stm32_common_periph.a(gpio.o)
                0x00000000080011f8                gpio_toggle
 .text.isr_exti
                0x0000000008001214       0x44 /home/ek-181/riot-examples-master/02button/bin/stm32f0discovery/stm32_common_periph.a(gpio.o)
                0x0000000008001214                isr_exti
 .text.timer_set_absolute
                0x0000000008001258       0x3c /home/ek-181/riot-examples-master/02button/bin/stm32f0discovery/stm32_common_periph.a(timer.o)
                0x0000000008001258                timer_set_absolute
 .text.timer_read
                0x0000000008001294       0x10 /home/ek-181/riot-examples-master/02button/bin/stm32f0discovery/stm32_common_periph.a(timer.o)
                0x0000000008001294                timer_read
 .text.timer_start
                0x00000000080012a4       0x14 /home/ek-181/riot-examples-master/02button/bin/stm32f0discovery/stm32_common_periph.a(timer.o)
                0x00000000080012a4                timer_start
 .text.timer_init
                0x00000000080012b8       0x58 /home/ek-181/riot-examples-master/02button/bin/stm32f0discovery/stm32_common_periph.a(timer.o)
                0x00000000080012b8                timer_init
 .text.isr_tim2
                0x0000000008001310       0x44 /home/ek-181/riot-examples-master/02button/bin/stm32f0discovery/stm32_common_periph.a(timer.o)
                0x0000000008001310                isr_tim2
 .text.tsrb_get
                0x0000000008001354       0x2c /home/ek-181/riot-examples-master/02button/bin/stm32f0discovery/tsrb.a(tsrb.o)
                0x0000000008001354                tsrb_get
 .text.tsrb_add_one
                0x0000000008001380       0x26 /home/ek-181/riot-examples-master/02button/bin/stm32f0discovery/tsrb.a(tsrb.o)
                0x0000000008001380                tsrb_add_one
 .text.periph_init
                0x00000000080013a6        0x8 /home/ek-181/riot-examples-master/02button/bin/stm32f0discovery/periph_common.a(init.o)
                0x00000000080013a6                periph_init
 *fill*         0x00000000080013ae        0x2 
 .text.btn_handler
                0x00000000080013b0       0x20 /home/ek-181/riot-examples-master/02button/bin/stm32f0discovery/application_button.a(main.o)
                0x00000000080013b0                btn_handler
 .text.startup.main
                0x00000000080013d0       0x24 /home/ek-181/riot-examples-master/02button/bin/stm32f0discovery/application_button.a(main.o)
                0x00000000080013d0                main
 .text.auto_init
                0x00000000080013f4        0x8 /home/ek-181/riot-examples-master/02button/bin/stm32f0discovery/auto_init.a(auto_init.o)
                0x00000000080013f4                auto_init
 .text._mutex_lock
                0x00000000080013fc       0x60 /home/ek-181/riot-examples-master/02button/bin/stm32f0discovery/core.a(mutex.o)
                0x00000000080013fc                _mutex_lock
 .text.mutex_unlock
                0x000000000800145c       0x4a /home/ek-181/riot-examples-master/02button/bin/stm32f0discovery/core.a(mutex.o)
                0x000000000800145c                mutex_unlock
 *fill*         0x00000000080014a6        0x2 
 .text.cortexm_init
                0x00000000080014a8       0x70 /home/ek-181/riot-examples-master/02button/bin/stm32f0discovery/cortexm_common.a(cortexm_init.o)
                0x00000000080014a8                cortexm_init
 .text.cpu_check_address
                0x0000000008001518       0x20 /home/ek-181/riot-examples-master/02button/bin/stm32f0discovery/cortexm_common.a(cortexm_init.o)
                0x0000000008001518                cpu_check_address
 .text.cpu_find_memory_size
                0x0000000008001538       0x20 /home/ek-181/riot-examples-master/02button/bin/stm32f0discovery/cortexm_common.a(cortexm_init.o)
                0x0000000008001538                cpu_find_memory_size
 .text.rtc_init
                0x0000000008001558       0xac /home/ek-181/riot-examples-master/02button/bin/stm32f0discovery/stm32_common_periph.a(rtc.o)
                0x0000000008001558                rtc_init
 .text.isr_rtc  0x0000000008001604       0x4c /home/ek-181/riot-examples-master/02button/bin/stm32f0discovery/stm32_common_periph.a(rtc.o)
                0x0000000008001604                isr_rtc
 .text          0x0000000008001650      0x114 /usr/bin/../lib/gcc/arm-none-eabi/7.3.1/thumb/v6-m/libgcc.a(_udivsi3.o)
                0x0000000008001650                __udivsi3
                0x0000000008001650                __aeabi_uidiv
                0x000000000800175c                __aeabi_uidivmod
 .text          0x0000000008001764        0x4 /usr/bin/../lib/gcc/arm-none-eabi/7.3.1/thumb/v6-m/libgcc.a(_dvmd_tls.o)
                0x0000000008001764                __aeabi_ldiv0
                0x0000000008001764                __aeabi_idiv0
 .text.__libc_init_array
                0x0000000008001768       0x48 /usr/bin/../lib/gcc/arm-none-eabi/7.3.1/../../../../arm-none-eabi/lib/thumb/v6-m/libc_nano.a(lib_a-init.o)
                0x0000000008001768                __libc_init_array
 .text.memset   0x00000000080017b0       0x10 /usr/bin/../lib/gcc/arm-none-eabi/7.3.1/../../../../arm-none-eabi/lib/thumb/v6-m/libc_nano.a(lib_a-memset.o)
                0x00000000080017b0                memset
 .text.printf   0x00000000080017c0       0x34 /usr/bin/../lib/gcc/arm-none-eabi/7.3.1/../../../../arm-none-eabi/lib/thumb/v6-m/libc_nano.a(lib_a-printf.o)
                0x00000000080017c0                printf
                0x00000000080017c0                iprintf
 .text._puts_r  0x00000000080017f4       0xc0 /usr/bin/../lib/gcc/arm-none-eabi/7.3.1/../../../../arm-none-eabi/lib/thumb/v6-m/libc_nano.a(lib_a-puts.o)
                0x00000000080017f4                _puts_r
 .text.puts     0x00000000080018b4       0x14 /usr/bin/../lib/gcc/arm-none-eabi/7.3.1/../../../../arm-none-eabi/lib/thumb/v6-m/libc_nano.a(lib_a-puts.o)
                0x00000000080018b4                puts
 .text.snprintf
                0x00000000080018c8       0x64 /usr/bin/../lib/gcc/arm-none-eabi/7.3.1/../../../../arm-none-eabi/lib/thumb/v6-m/libc_nano.a(lib_a-snprintf.o)
                0x00000000080018c8                snprintf
                0x00000000080018c8                sniprintf
 .text.__swbuf_r
                0x000000000800192c       0xac /usr/bin/../lib/gcc/arm-none-eabi/7.3.1/../../../../arm-none-eabi/lib/thumb/v6-m/libc_nano.a(lib_a-wbuf.o)
                0x000000000800192c                __swbuf_r
 .text.__swsetup_r
                0x00000000080019d8       0xec /usr/bin/../lib/gcc/arm-none-eabi/7.3.1/../../../../arm-none-eabi/lib/thumb/v6-m/libc_nano.a(lib_a-wsetup.o)
                0x00000000080019d8                __swsetup_r
 .text.__sflush_r
                0x0000000008001ac4      0x114 /usr/bin/../lib/gcc/arm-none-eabi/7.3.1/../../../../arm-none-eabi/lib/thumb/v6-m/libc_nano.a(lib_a-fflush.o)
                0x0000000008001ac4                __sflush_r
 .text._fflush_r
                0x0000000008001bd8       0x58 /usr/bin/../lib/gcc/arm-none-eabi/7.3.1/../../../../arm-none-eabi/lib/thumb/v6-m/libc_nano.a(lib_a-fflush.o)
                0x0000000008001bd8                _fflush_r
 .text.std      0x0000000008001c30       0x48 /usr/bin/../lib/gcc/arm-none-eabi/7.3.1/../../../../arm-none-eabi/lib/thumb/v6-m/libc_nano.a(lib_a-findfp.o)
 .text._cleanup_r
                0x0000000008001c78       0x10 /usr/bin/../lib/gcc/arm-none-eabi/7.3.1/../../../../arm-none-eabi/lib/thumb/v6-m/libc_nano.a(lib_a-findfp.o)
                0x0000000008001c78                _cleanup_r
 .text.__sfmoreglue
                0x0000000008001c88       0x2c /usr/bin/../lib/gcc/arm-none-eabi/7.3.1/../../../../arm-none-eabi/lib/thumb/v6-m/libc_nano.a(lib_a-findfp.o)
                0x0000000008001c88                __sfmoreglue
 .text.__sinit  0x0000000008001cb4       0x68 /usr/bin/../lib/gcc/arm-none-eabi/7.3.1/../../../../arm-none-eabi/lib/thumb/v6-m/libc_nano.a(lib_a-findfp.o)
                0x0000000008001cb4                __sinit
 .text.__sfp    0x0000000008001d1c       0x7c /usr/bin/../lib/gcc/arm-none-eabi/7.3.1/../../../../arm-none-eabi/lib/thumb/v6-m/libc_nano.a(lib_a-findfp.o)
                0x0000000008001d1c                __sfp
 .text._fwalk_reent
                0x0000000008001d98       0x42 /usr/bin/../lib/gcc/arm-none-eabi/7.3.1/../../../../arm-none-eabi/lib/thumb/v6-m/libc_nano.a(lib_a-fwalk.o)
                0x0000000008001d98                _fwalk_reent
 *fill*         0x0000000008001dda        0x2 
 .text.__swhatbuf_r
                0x0000000008001ddc       0x50 /usr/bin/../lib/gcc/arm-none-eabi/7.3.1/../../../../arm-none-eabi/lib/thumb/v6-m/libc_nano.a(lib_a-makebuf.o)
                0x0000000008001ddc                __swhatbuf_r
 .text.__smakebuf_r
                0x0000000008001e2c       0x88 /usr/bin/../lib/gcc/arm-none-eabi/7.3.1/../../../../arm-none-eabi/lib/thumb/v6-m/libc_nano.a(lib_a-makebuf.o)
                0x0000000008001e2c                __smakebuf_r
 .text._free_r  0x0000000008001eb4       0x94 /usr/bin/../lib/gcc/arm-none-eabi/7.3.1/../../../../arm-none-eabi/lib/thumb/v6-m/libc_nano.a(lib_a-nano-freer.o)
                0x0000000008001eb4                _free_r
 .text._malloc_r
                0x0000000008001f48       0xbc /usr/bin/../lib/gcc/arm-none-eabi/7.3.1/../../../../arm-none-eabi/lib/thumb/v6-m/libc_nano.a(lib_a-nano-mallocr.o)
                0x0000000008001f48                _malloc_r
 .text.__ssputs_r
                0x0000000008002004       0xc4 /usr/bin/../lib/gcc/arm-none-eabi/7.3.1/../../../../arm-none-eabi/lib/thumb/v6-m/libc_nano.a(lib_a-nano-svfprintf.o)
                0x0000000008002004                __ssputs_r
 .text._svfprintf_r
                0x00000000080020c8      0x1fc /usr/bin/../lib/gcc/arm-none-eabi/7.3.1/../../../../arm-none-eabi/lib/thumb/v6-m/libc_nano.a(lib_a-nano-svfprintf.o)
                0x00000000080020c8                _svfprintf_r
                0x00000000080020c8                _svfiprintf_r
 .text.__sfputc_r
                0x00000000080022c4       0x2a /usr/bin/../lib/gcc/arm-none-eabi/7.3.1/../../../../arm-none-eabi/lib/thumb/v6-m/libc_nano.a(lib_a-nano-vfprintf.o)
 .text.__sfputs_r
                0x00000000080022ee       0x24 /usr/bin/../lib/gcc/arm-none-eabi/7.3.1/../../../../arm-none-eabi/lib/thumb/v6-m/libc_nano.a(lib_a-nano-vfprintf.o)
                0x00000000080022ee                __sfputs_r
 *fill*         0x0000000008002312        0x2 
 .text._vfprintf_r
                0x0000000008002314      0x22c /usr/bin/../lib/gcc/arm-none-eabi/7.3.1/../../../../arm-none-eabi/lib/thumb/v6-m/libc_nano.a(lib_a-nano-vfprintf.o)
                0x0000000008002314                _vfiprintf_r
                0x0000000008002314                _vfprintf_r
 .text._printf_common
                0x0000000008002540       0xda /usr/bin/../lib/gcc/arm-none-eabi/7.3.1/../../../../arm-none-eabi/lib/thumb/v6-m/libc_nano.a(lib_a-nano-vfprintf_i.o)
                0x0000000008002540                _printf_common
 *fill*         0x000000000800261a        0x2 
 .text._printf_i
                0x000000000800261c      0x210 /usr/bin/../lib/gcc/arm-none-eabi/7.3.1/../../../../arm-none-eabi/lib/thumb/v6-m/libc_nano.a(lib_a-nano-vfprintf_i.o)
                0x000000000800261c                _printf_i
 .text.__sread  0x000000000800282c       0x28 /usr/bin/../lib/gcc/arm-none-eabi/7.3.1/../../../../arm-none-eabi/lib/thumb/v6-m/libc_nano.a(lib_a-stdio.o)
                0x000000000800282c                __sread
 .text.__swrite
                0x0000000008002854       0x38 /usr/bin/../lib/gcc/arm-none-eabi/7.3.1/../../../../arm-none-eabi/lib/thumb/v6-m/libc_nano.a(lib_a-stdio.o)
                0x0000000008002854                __swrite
 .text.__sseek  0x000000000800288c       0x2c /usr/bin/../lib/gcc/arm-none-eabi/7.3.1/../../../../arm-none-eabi/lib/thumb/v6-m/libc_nano.a(lib_a-stdio.o)
                0x000000000800288c                __sseek
 .text.__sclose
                0x00000000080028b8        0xc /usr/bin/../lib/gcc/arm-none-eabi/7.3.1/../../../../arm-none-eabi/lib/thumb/v6-m/libc_nano.a(lib_a-stdio.o)
                0x00000000080028b8                __sclose
 .text.memchr   0x00000000080028c4       0x16 /usr/bin/../lib/gcc/arm-none-eabi/7.3.1/../../../../arm-none-eabi/lib/thumb/v6-m/libc_nano.a(lib_a-memchr-stub.o)
                0x00000000080028c4                memchr
 .text.memcpy   0x00000000080028da       0x12 /usr/bin/../lib/gcc/arm-none-eabi/7.3.1/../../../../arm-none-eabi/lib/thumb/v6-m/libc_nano.a(lib_a-memcpy-stub.o)
                0x00000000080028da                memcpy
 .text.memmove  0x00000000080028ec       0x26 /usr/bin/../lib/gcc/arm-none-eabi/7.3.1/../../../../arm-none-eabi/lib/thumb/v6-m/libc_nano.a(lib_a-memmove.o)
                0x00000000080028ec                memmove
 .text.__malloc_lock
                0x0000000008002912        0x2 /usr/bin/../lib/gcc/arm-none-eabi/7.3.1/../../../../arm-none-eabi/lib/thumb/v6-m/libc_nano.a(lib_a-mlock.o)
                0x0000000008002912                __malloc_lock
 .text.__malloc_unlock
                0x0000000008002914        0x2 /usr/bin/../lib/gcc/arm-none-eabi/7.3.1/../../../../arm-none-eabi/lib/thumb/v6-m/libc_nano.a(lib_a-mlock.o)
                0x0000000008002914                __malloc_unlock
 .text._realloc_r
                0x0000000008002916       0x4c /usr/bin/../lib/gcc/arm-none-eabi/7.3.1/../../../../arm-none-eabi/lib/thumb/v6-m/libc_nano.a(lib_a-nano-reallocr.o)
                0x0000000008002916                _realloc_r
 .text._malloc_usable_size_r
                0x0000000008002962       0x10 /usr/bin/../lib/gcc/arm-none-eabi/7.3.1/../../../../arm-none-eabi/lib/thumb/v6-m/libc_nano.a(lib_a-nano-msizer.o)
                0x0000000008002962                _malloc_usable_size_r
 *(.glue_7t)
 .glue_7t       0x0000000008002972        0x0 linker stubs
 *(.glue_7)
 .glue_7        0x0000000008002972        0x0 linker stubs
 *(.rodata .rodata* .gnu.linkonce.r.*)
 .rodata.MultiplyDeBruijnBitPosition
                0x0000000008002972       0x20 /home/ek-181/riot-examples-master/02button/bin/stm32f0discovery/core.a(bitarithm.o)
                0x0000000008002972                MultiplyDeBruijnBitPosition
 .rodata.dummy_handler_default.str1.1
                0x0000000008002992        0xe /home/ek-181/riot-examples-master/02button/bin/stm32f0discovery/cortexm_common.a(vectors_cortexm.o)
 .rodata.hard_fault_handler.str1.1
                0x00000000080029a0      0x18b /home/ek-181/riot-examples-master/02button/bin/stm32f0discovery/cortexm_common.a(vectors_cortexm.o)
 .rodata.nmi_default.str1.1
                0x0000000008002b2b        0xc /home/ek-181/riot-examples-master/02button/bin/stm32f0discovery/cortexm_common.a(vectors_cortexm.o)
 .rodata.assert_crash_message
                0x0000000008002b37       0x12 /home/ek-181/riot-examples-master/02button/bin/stm32f0discovery/core.a(panic.o)
                0x0000000008002b37                assert_crash_message
 .rodata.core_panic.str1.1
                0x0000000008002b49       0x2e /home/ek-181/riot-examples-master/02button/bin/stm32f0discovery/core.a(panic.o)
 .rodata.main_trampoline.str1.1
                0x0000000008002b77       0x2a /home/ek-181/riot-examples-master/02button/bin/stm32f0discovery/core.a(kernel_init.o)
 .rodata.str1.1
                0x0000000008002ba1        0xa /home/ek-181/riot-examples-master/02button/bin/stm32f0discovery/core.a(kernel_init.o)
 .rodata.CSWTCH.3
                0x0000000008002bab        0x9 /home/ek-181/riot-examples-master/02button/bin/stm32f0discovery/stm32_common.a(stm_status.o)
 .rodata.cpu_init_status.str1.1
                0x0000000008002bb4        0xe /home/ek-181/riot-examples-master/02button/bin/stm32f0discovery/stm32_common.a(stm_status.o)
 .rodata.apbmul
                0x0000000008002bc2        0x2 /home/ek-181/riot-examples-master/02button/bin/stm32f0discovery/stm32_common.a(cpu_common.o)
 .rodata.uart_config
                0x0000000008002bc4       0x30 /home/ek-181/riot-examples-master/02button/bin/stm32f0discovery/stm32_common_periph.a(uart.o)
 .rodata.timer_config
                0x0000000008002bf4       0x10 /home/ek-181/riot-examples-master/02button/bin/stm32f0discovery/stm32_common_periph.a(timer.o)
 .rodata._global_impure_ptr
                0x0000000008002c04        0x4 /usr/bin/../lib/gcc/arm-none-eabi/7.3.1/../../../../arm-none-eabi/lib/thumb/v6-m/libc_nano.a(lib_a-impure.o)
                0x0000000008002c04                _global_impure_ptr
 .rodata.__sf_fake_stderr
                0x0000000008002c08       0x20 /usr/bin/../lib/gcc/arm-none-eabi/7.3.1/../../../../arm-none-eabi/lib/thumb/v6-m/libc_nano.a(lib_a-findfp.o)
                0x0000000008002c08                __sf_fake_stderr
 .rodata.__sf_fake_stdin
                0x0000000008002c28       0x20 /usr/bin/../lib/gcc/arm-none-eabi/7.3.1/../../../../arm-none-eabi/lib/thumb/v6-m/libc_nano.a(lib_a-findfp.o)
                0x0000000008002c28                __sf_fake_stdin
 .rodata.__sf_fake_stdout
                0x0000000008002c48       0x20 /usr/bin/../lib/gcc/arm-none-eabi/7.3.1/../../../../arm-none-eabi/lib/thumb/v6-m/libc_nano.a(lib_a-findfp.o)
                0x0000000008002c48                __sf_fake_stdout
 .rodata._svfprintf_r.str1.1
                0x0000000008002c68       0x11 /usr/bin/../lib/gcc/arm-none-eabi/7.3.1/../../../../arm-none-eabi/lib/thumb/v6-m/libc_nano.a(lib_a-nano-svfprintf.o)
 .rodata._vfprintf_r.str1.1
                0x0000000008002c79       0x11 /usr/bin/../lib/gcc/arm-none-eabi/7.3.1/../../../../arm-none-eabi/lib/thumb/v6-m/libc_nano.a(lib_a-nano-vfprintf.o)
 .rodata._printf_i.str1.1
                0x0000000008002c79       0x22 /usr/bin/../lib/gcc/arm-none-eabi/7.3.1/../../../../arm-none-eabi/lib/thumb/v6-m/libc_nano.a(lib_a-nano-vfprintf_i.o)
 *(.ARM.extab* .gnu.linkonce.armextab.*)
                0x0000000008002c9c                . = ALIGN (0x4)
 *fill*         0x0000000008002c9b        0x1 
 *(.init)
                0x0000000008002c9c                . = ALIGN (0x4)
                0x0000000008002c9c                __preinit_array_start = .
 *(.preinit_array)
                0x0000000008002c9c                __preinit_array_end = .
                0x0000000008002c9c                . = ALIGN (0x4)
                0x0000000008002c9c                __init_array_start = .
 *(SORT_BY_NAME(.init_array.*))
 *(.init_array)
                0x0000000008002c9c                __init_array_end = .
                0x0000000008002c9c                . = ALIGN (0x4)
 *crtbegin.o(.ctors)
 *(EXCLUDE_FILE(*crtend.o) .ctors)
 *(SORT_BY_NAME(.ctors.*))
 *crtend.o(.ctors)
                0x0000000008002c9c                . = ALIGN (0x4)
 *(.fini)
                0x0000000008002c9c                . = ALIGN (0x4)
                0x0000000008002c9c                __fini_array_start = .
 *(.fini_array)
 *(SORT_BY_NAME(.fini_array.*))
                0x0000000008002c9c                __fini_array_end = .
 *crtbegin.o(.dtors)
 *(EXCLUDE_FILE(*crtend.o) .dtors)
 *(SORT_BY_NAME(.dtors.*))
 *crtend.o(.dtors)
                0x0000000008002c9c                . = ALIGN (0x4)
                0x0000000008002c9c                _efixed = .
                [!provide]                        PROVIDE (__exidx_start = .)

.vfp11_veneer   0x0000000008002c9c        0x0
 .vfp11_veneer  0x0000000008002c9c        0x0 linker stubs

.v4_bx          0x0000000008002c9c        0x0
 .v4_bx         0x0000000008002c9c        0x0 linker stubs

.iplt           0x0000000008002c9c        0x0
 .iplt          0x0000000008002c9c        0x0 /home/ek-181/riot-examples-master/02button/bin/stm32f0discovery/cpu/vectors.o

.igot.plt       0x0000000008002c9c        0x0
 .igot.plt      0x0000000008002c9c        0x0 /home/ek-181/riot-examples-master/02button/bin/stm32f0discovery/cpu/vectors.o

.rel.dyn        0x0000000008002c9c        0x0
 .rel.iplt      0x0000000008002c9c        0x0 /home/ek-181/riot-examples-master/02button/bin/stm32f0discovery/cpu/vectors.o

.ARM.exidx
 *(.ARM.exidx* .gnu.linkonce.armexidx.*)
                [!provide]                        PROVIDE (__exidx_end = .)
                0x0000000008002c9c                . = ALIGN (0x4)

.eh_frame
 *(.eh_frame)
                0x0000000008002c9c                . = ALIGN (0x4)
                0x0000000008002c9c                _etext = .

.stack          0x0000000020000000      0x200
 *(.puf)
                0x0000000020000000                . = ALIGN (0x8)
                0x0000000020000000                _sstack = .
 *(.isr_stack)
 .isr_stack     0x0000000020000000      0x200 /home/ek-181/riot-examples-master/02button/bin/stm32f0discovery/cortexm_common.a(vectors_cortexm.o)
                0x0000000020000000                isr_stack
                0x0000000020000200                . = ALIGN (0x8)
                0x0000000020000200                _estack = .

.relocate       0x0000000020000200       0x8c load address 0x0000000008002c9c
                0x0000000020000200                . = ALIGN (0x4)
                0x0000000020000200                _srelocate = .
 *(.ramfunc .ramfunc.*)
 *(.data .data.*)
 .data.heap_top
                0x0000000020000200        0x4 /home/ek-181/riot-examples-master/02button/bin/stm32f0discovery/newlib_syscalls_default/syscalls.o
                0x0000000020000200                heap_top
 .data.uart_stdio_isrpipe
                0x0000000020000204       0x14 /home/ek-181/riot-examples-master/02button/bin/stm32f0discovery/uart_stdio.a(uart_stdio.o)
                0x0000000020000204                uart_stdio_isrpipe
 .data.idle_name
                0x0000000020000218        0x4 /home/ek-181/riot-examples-master/02button/bin/stm32f0discovery/core.a(kernel_init.o)
                0x0000000020000218                idle_name
 .data.main_name
                0x000000002000021c        0x4 /home/ek-181/riot-examples-master/02button/bin/stm32f0discovery/core.a(kernel_init.o)
                0x000000002000021c                main_name
 .data.pm_blocker
                0x0000000020000220        0x4 /home/ek-181/riot-examples-master/02button/bin/stm32f0discovery/pm_layered.a(pm.o)
                0x0000000020000220                pm_blocker
 .data._impure_ptr
                0x0000000020000224        0x4 /usr/bin/../lib/gcc/arm-none-eabi/7.3.1/../../../../arm-none-eabi/lib/thumb/v6-m/libc_nano.a(lib_a-impure.o)
                0x0000000020000224                _impure_ptr
 .data.impure_data
                0x0000000020000228       0x60 /usr/bin/../lib/gcc/arm-none-eabi/7.3.1/../../../../arm-none-eabi/lib/thumb/v6-m/libc_nano.a(lib_a-impure.o)
 *(.openocd .openocd.*)
 .openocd       0x0000000020000288        0x2 /home/ek-181/riot-examples-master/02button/bin/stm32f0discovery/core.a(sched.o)
                0x0000000020000288                _tcb_name_offset
                0x0000000020000289                max_threads
                0x000000002000028c                . = ALIGN (0x4)
 *fill*         0x000000002000028a        0x2 
                0x000000002000028c                _erelocate = .

.bss            0x000000002000028c      0xf3c load address 0x0000000008002d28
                0x000000002000028c                . = ALIGN (0x4)
                0x000000002000028c                _sbss = .
                0x000000002000028c                _szero = .
 *(.bss .bss.*)
 .bss.runqueue_bitcache
                0x000000002000028c        0x4 /home/ek-181/riot-examples-master/02button/bin/stm32f0discovery/core.a(sched.o)
 .bss.sched_active_pid
                0x0000000020000290        0x2 /home/ek-181/riot-examples-master/02button/bin/stm32f0discovery/core.a(sched.o)
                0x0000000020000290                sched_active_pid
 *fill*         0x0000000020000292        0x2 
 .bss.sched_active_thread
                0x0000000020000294        0x4 /home/ek-181/riot-examples-master/02button/bin/stm32f0discovery/core.a(sched.o)
                0x0000000020000294                sched_active_thread
 .bss.sched_context_switch_request
                0x0000000020000298        0x4 /home/ek-181/riot-examples-master/02button/bin/stm32f0discovery/core.a(sched.o)
                0x0000000020000298                sched_context_switch_request
 .bss.sched_num_threads
                0x000000002000029c        0x4 /home/ek-181/riot-examples-master/02button/bin/stm32f0discovery/core.a(sched.o)
                0x000000002000029c                sched_num_threads
 .bss.sched_runqueues
                0x00000000200002a0       0x40 /home/ek-181/riot-examples-master/02button/bin/stm32f0discovery/core.a(sched.o)
                0x00000000200002a0                sched_runqueues
 .bss.sched_threads
                0x00000000200002e0       0x84 /home/ek-181/riot-examples-master/02button/bin/stm32f0discovery/core.a(sched.o)
                0x00000000200002e0                sched_threads
 .bss.powermode
                0x0000000020000364        0x1 /home/ek-181/riot-examples-master/02button/bin/stm32f0discovery/stm32_common_periph.a(pm.o)
 .bss._rx_buf_mem
                0x0000000020000365       0x40 /home/ek-181/riot-examples-master/02button/bin/stm32f0discovery/uart_stdio.a(uart_stdio.o)
 *fill*         0x00000000200003a5        0x3 
 .bss._in_handler
                0x00000000200003a8        0x4 /home/ek-181/riot-examples-master/02button/bin/stm32f0discovery/xtimer.a(xtimer_core.o)
 .bss._long_cnt
                0x00000000200003ac        0x4 /home/ek-181/riot-examples-master/02button/bin/stm32f0discovery/xtimer.a(xtimer_core.o)
 .bss.long_list_head
                0x00000000200003b0        0x4 /home/ek-181/riot-examples-master/02button/bin/stm32f0discovery/xtimer.a(xtimer_core.o)
 .bss.overflow_list_head
                0x00000000200003b4        0x4 /home/ek-181/riot-examples-master/02button/bin/stm32f0discovery/xtimer.a(xtimer_core.o)
 .bss.timer_list_head
                0x00000000200003b8        0x4 /home/ek-181/riot-examples-master/02button/bin/stm32f0discovery/xtimer.a(xtimer_core.o)
 .bss.crashed   0x00000000200003bc        0x4 /home/ek-181/riot-examples-master/02button/bin/stm32f0discovery/core.a(panic.o)
 .bss.idle_stack
                0x00000000200003c0      0x100 /home/ek-181/riot-examples-master/02button/bin/stm32f0discovery/core.a(kernel_init.o)
 .bss.main_stack
                0x00000000200004c0      0xc00 /home/ek-181/riot-examples-master/02button/bin/stm32f0discovery/core.a(kernel_init.o)
 .bss.cpu_status
                0x00000000200010c0       0x50 /home/ek-181/riot-examples-master/02button/bin/stm32f0discovery/stm32_common.a(stm_status.o)
                0x00000000200010c0                cpu_status
 .bss.isr_ctx   0x0000000020001110       0x10 /home/ek-181/riot-examples-master/02button/bin/stm32f0discovery/stm32_common_periph.a(uart.o)
 .bss.isr_ctx   0x0000000020001120       0x80 /home/ek-181/riot-examples-master/02button/bin/stm32f0discovery/stm32_common_periph.a(gpio.o)
 .bss.isr_ctx   0x00000000200011a0        0x8 /home/ek-181/riot-examples-master/02button/bin/stm32f0discovery/stm32_common_periph.a(timer.o)
 .bss.isr_ctx   0x00000000200011a8       0x18 /home/ek-181/riot-examples-master/02button/bin/stm32f0discovery/stm32_common_periph.a(rtc.o)
 .bss.__malloc_free_list
                0x00000000200011c0        0x4 /usr/bin/../lib/gcc/arm-none-eabi/7.3.1/../../../../arm-none-eabi/lib/thumb/v6-m/libc_nano.a(lib_a-nano-mallocr.o)
                0x00000000200011c0                __malloc_free_list
 .bss.__malloc_sbrk_start
                0x00000000200011c4        0x4 /usr/bin/../lib/gcc/arm-none-eabi/7.3.1/../../../../arm-none-eabi/lib/thumb/v6-m/libc_nano.a(lib_a-nano-mallocr.o)
                0x00000000200011c4                __malloc_sbrk_start
 *(COMMON)
                0x00000000200011c8                . = ALIGN (0x4)
                0x00000000200011c8                _ebss = .
                0x00000000200011c8                _ezero = .
                0x00000000200011c8                . = ALIGN (0x4)
                0x00000000200011c8                _sheap = .
                0x0000000020002000                _eheap = (ORIGIN (ram) + LENGTH (ram))
                0x0000000020000000                _sram = ORIGIN (ram)
                0x0000000020002000                _eram = (ORIGIN (ram) + LENGTH (ram))
OUTPUT(/home/ek-181/riot-examples-master/02button/bin/stm32f0discovery/button.elf elf32-littlearm)

.debug_info     0x0000000000000000    0x23ee7
 .debug_info    0x0000000000000000       0xd7 /home/ek-181/riot-examples-master/02button/bin/stm32f0discovery/cpu/vectors.o
 .debug_info    0x00000000000000d7     0x1c4a /home/ek-181/riot-examples-master/02button/bin/stm32f0discovery/newlib_syscalls_default/syscalls.o
 .debug_info    0x0000000000001d21      0xe55 /home/ek-181/riot-examples-master/02button/bin/stm32f0discovery/core.a(sched.o)
 .debug_info    0x0000000000002b76      0x936 /home/ek-181/riot-examples-master/02button/bin/stm32f0discovery/core.a(bitarithm.o)
 .debug_info    0x00000000000034ac     0x1047 /home/ek-181/riot-examples-master/02button/bin/stm32f0discovery/cortexm_common.a(thread_arch.o)
 .debug_info    0x00000000000044f3     0x11c9 /home/ek-181/riot-examples-master/02button/bin/stm32f0discovery/cortexm_common.a(vectors_cortexm.o)
 .debug_info    0x00000000000056bc      0xe2b /home/ek-181/riot-examples-master/02button/bin/stm32f0discovery/cortexm_common.a(irq_arch.o)
 .debug_info    0x00000000000064e7      0xf68 /home/ek-181/riot-examples-master/02button/bin/stm32f0discovery/stm32_common_periph.a(pm.o)
 .debug_info    0x000000000000744f     0x1401 /home/ek-181/riot-examples-master/02button/bin/stm32f0discovery/uart_stdio.a(uart_stdio.o)
 .debug_info    0x0000000000008850     0x1f94 /home/ek-181/riot-examples-master/02button/bin/stm32f0discovery/xtimer.a(xtimer_core.o)
 .debug_info    0x000000000000a7e4     0x12ed /home/ek-181/riot-examples-master/02button/bin/stm32f0discovery/board.a(board.o)
 .debug_info    0x000000000000bad1      0xe63 /home/ek-181/riot-examples-master/02button/bin/stm32f0discovery/core.a(panic.o)
 .debug_info    0x000000000000c934      0xee5 /home/ek-181/riot-examples-master/02button/bin/stm32f0discovery/core.a(kernel_init.o)
 .debug_info    0x000000000000d819     0x118c /home/ek-181/riot-examples-master/02button/bin/stm32f0discovery/core.a(thread.o)
 .debug_info    0x000000000000e9a5     0x1894 /home/ek-181/riot-examples-master/02button/bin/stm32f0discovery/isrpipe.a(isrpipe.o)
 .debug_info    0x0000000000010239      0xe7d /home/ek-181/riot-examples-master/02button/bin/stm32f0discovery/pm_layered.a(pm.o)
 .debug_info    0x00000000000110b6     0x13e4 /home/ek-181/riot-examples-master/02button/bin/stm32f0discovery/stm32_common.a(stmclk.o)
 .debug_info    0x000000000001249a     0x1376 /home/ek-181/riot-examples-master/02button/bin/stm32f0discovery/stm32_common.a(stmclk_common.o)
 .debug_info    0x0000000000013810     0x15b0 /home/ek-181/riot-examples-master/02button/bin/stm32f0discovery/stm32_common.a(stm_status.o)
 .debug_info    0x0000000000014dc0      0xd63 /home/ek-181/riot-examples-master/02button/bin/stm32f0discovery/stm32_common.a(cpu_init.o)
 .debug_info    0x0000000000015b23     0x14bc /home/ek-181/riot-examples-master/02button/bin/stm32f0discovery/stm32_common.a(cpu_common.o)
 .debug_info    0x0000000000016fdf     0x1bb3 /home/ek-181/riot-examples-master/02button/bin/stm32f0discovery/stm32_common_periph.a(uart.o)
 .debug_info    0x0000000000018b92     0x1dcd /home/ek-181/riot-examples-master/02button/bin/stm32f0discovery/stm32_common_periph.a(gpio.o)
 .debug_info    0x000000000001a95f     0x18ec /home/ek-181/riot-examples-master/02button/bin/stm32f0discovery/stm32_common_periph.a(timer.o)
 .debug_info    0x000000000001c24b      0x32f /home/ek-181/riot-examples-master/02button/bin/stm32f0discovery/tsrb.a(tsrb.o)
 .debug_info    0x000000000001c57a     0x1240 /home/ek-181/riot-examples-master/02button/bin/stm32f0discovery/periph_common.a(init.o)
 .debug_info    0x000000000001d7ba     0x139b /home/ek-181/riot-examples-master/02button/bin/stm32f0discovery/application_button.a(main.o)
 .debug_info    0x000000000001eb55     0x125e /home/ek-181/riot-examples-master/02button/bin/stm32f0discovery/auto_init.a(auto_init.o)
 .debug_info    0x000000000001fdb3      0xe9b /home/ek-181/riot-examples-master/02button/bin/stm32f0discovery/core.a(mutex.o)
 .debug_info    0x0000000000020c4e     0x10ed /home/ek-181/riot-examples-master/02button/bin/stm32f0discovery/cortexm_common.a(cortexm_init.o)
 .debug_info    0x0000000000021d3b     0x21ac /home/ek-181/riot-examples-master/02button/bin/stm32f0discovery/stm32_common_periph.a(rtc.o)

.debug_abbrev   0x0000000000000000     0x54ff
 .debug_abbrev  0x0000000000000000       0xaa /home/ek-181/riot-examples-master/02button/bin/stm32f0discovery/cpu/vectors.o
 .debug_abbrev  0x00000000000000aa      0x431 /home/ek-181/riot-examples-master/02button/bin/stm32f0discovery/newlib_syscalls_default/syscalls.o
 .debug_abbrev  0x00000000000004db      0x320 /home/ek-181/riot-examples-master/02button/bin/stm32f0discovery/core.a(sched.o)
 .debug_abbrev  0x00000000000007fb      0x1bf /home/ek-181/riot-examples-master/02button/bin/stm32f0discovery/core.a(bitarithm.o)
 .debug_abbrev  0x00000000000009ba      0x33b /home/ek-181/riot-examples-master/02button/bin/stm32f0discovery/cortexm_common.a(thread_arch.o)
 .debug_abbrev  0x0000000000000cf5      0x350 /home/ek-181/riot-examples-master/02button/bin/stm32f0discovery/cortexm_common.a(vectors_cortexm.o)
 .debug_abbrev  0x0000000000001045      0x24f /home/ek-181/riot-examples-master/02button/bin/stm32f0discovery/cortexm_common.a(irq_arch.o)
 .debug_abbrev  0x0000000000001294      0x2e8 /home/ek-181/riot-examples-master/02button/bin/stm32f0discovery/stm32_common_periph.a(pm.o)
 .debug_abbrev  0x000000000000157c      0x247 /home/ek-181/riot-examples-master/02button/bin/stm32f0discovery/uart_stdio.a(uart_stdio.o)
 .debug_abbrev  0x00000000000017c3      0x512 /home/ek-181/riot-examples-master/02button/bin/stm32f0discovery/xtimer.a(xtimer_core.o)
 .debug_abbrev  0x0000000000001cd5      0x1fa /home/ek-181/riot-examples-master/02button/bin/stm32f0discovery/board.a(board.o)
 .debug_abbrev  0x0000000000001ecf      0x270 /home/ek-181/riot-examples-master/02button/bin/stm32f0discovery/core.a(panic.o)
 .debug_abbrev  0x000000000000213f      0x241 /home/ek-181/riot-examples-master/02button/bin/stm32f0discovery/core.a(kernel_init.o)
 .debug_abbrev  0x0000000000002380      0x351 /home/ek-181/riot-examples-master/02button/bin/stm32f0discovery/core.a(thread.o)
 .debug_abbrev  0x00000000000026d1      0x338 /home/ek-181/riot-examples-master/02button/bin/stm32f0discovery/isrpipe.a(isrpipe.o)
 .debug_abbrev  0x0000000000002a09      0x218 /home/ek-181/riot-examples-master/02button/bin/stm32f0discovery/pm_layered.a(pm.o)
 .debug_abbrev  0x0000000000002c21      0x207 /home/ek-181/riot-examples-master/02button/bin/stm32f0discovery/stm32_common.a(stmclk.o)
 .debug_abbrev  0x0000000000002e28      0x1c3 /home/ek-181/riot-examples-master/02button/bin/stm32f0discovery/stm32_common.a(stmclk_common.o)
 .debug_abbrev  0x0000000000002feb      0x30e /home/ek-181/riot-examples-master/02button/bin/stm32f0discovery/stm32_common.a(stm_status.o)
 .debug_abbrev  0x00000000000032f9      0x1f8 /home/ek-181/riot-examples-master/02button/bin/stm32f0discovery/stm32_common.a(cpu_init.o)
 .debug_abbrev  0x00000000000034f1      0x2d5 /home/ek-181/riot-examples-master/02button/bin/stm32f0discovery/stm32_common.a(cpu_common.o)
 .debug_abbrev  0x00000000000037c6      0x420 /home/ek-181/riot-examples-master/02button/bin/stm32f0discovery/stm32_common_periph.a(uart.o)
 .debug_abbrev  0x0000000000003be6      0x443 /home/ek-181/riot-examples-master/02button/bin/stm32f0discovery/stm32_common_periph.a(gpio.o)
 .debug_abbrev  0x0000000000004029      0x3c7 /home/ek-181/riot-examples-master/02button/bin/stm32f0discovery/stm32_common_periph.a(timer.o)
 .debug_abbrev  0x00000000000043f0      0x171 /home/ek-181/riot-examples-master/02button/bin/stm32f0discovery/tsrb.a(tsrb.o)
 .debug_abbrev  0x0000000000004561      0x1e1 /home/ek-181/riot-examples-master/02button/bin/stm32f0discovery/periph_common.a(init.o)
 .debug_abbrev  0x0000000000004742      0x225 /home/ek-181/riot-examples-master/02button/bin/stm32f0discovery/application_button.a(main.o)
 .debug_abbrev  0x0000000000004967      0x1ec /home/ek-181/riot-examples-master/02button/bin/stm32f0discovery/auto_init.a(auto_init.o)
 .debug_abbrev  0x0000000000004b53      0x2ae /home/ek-181/riot-examples-master/02button/bin/stm32f0discovery/core.a(mutex.o)
 .debug_abbrev  0x0000000000004e01      0x2c9 /home/ek-181/riot-examples-master/02button/bin/stm32f0discovery/cortexm_common.a(cortexm_init.o)
 .debug_abbrev  0x00000000000050ca      0x435 /home/ek-181/riot-examples-master/02button/bin/stm32f0discovery/stm32_common_periph.a(rtc.o)

.debug_aranges  0x0000000000000000      0x820
 .debug_aranges
                0x0000000000000000       0x20 /home/ek-181/riot-examples-master/02button/bin/stm32f0discovery/cpu/vectors.o
 .debug_aranges
                0x0000000000000020       0xb8 /home/ek-181/riot-examples-master/02button/bin/stm32f0discovery/newlib_syscalls_default/syscalls.o
 .debug_aranges
                0x00000000000000d8       0x38 /home/ek-181/riot-examples-master/02button/bin/stm32f0discovery/core.a(sched.o)
 .debug_aranges
                0x0000000000000110       0x28 /home/ek-181/riot-examples-master/02button/bin/stm32f0discovery/core.a(bitarithm.o)
 .debug_aranges
                0x0000000000000138       0x60 /home/ek-181/riot-examples-master/02button/bin/stm32f0discovery/cortexm_common.a(thread_arch.o)
 .debug_aranges
                0x0000000000000198       0x48 /home/ek-181/riot-examples-master/02button/bin/stm32f0discovery/cortexm_common.a(vectors_cortexm.o)
 .debug_aranges
                0x00000000000001e0       0x38 /home/ek-181/riot-examples-master/02button/bin/stm32f0discovery/cortexm_common.a(irq_arch.o)
 .debug_aranges
                0x0000000000000218       0x40 /home/ek-181/riot-examples-master/02button/bin/stm32f0discovery/stm32_common_periph.a(pm.o)
 .debug_aranges
                0x0000000000000258       0x30 /home/ek-181/riot-examples-master/02button/bin/stm32f0discovery/uart_stdio.a(uart_stdio.o)
 .debug_aranges
                0x0000000000000288       0x78 /home/ek-181/riot-examples-master/02button/bin/stm32f0discovery/xtimer.a(xtimer_core.o)
 .debug_aranges
                0x0000000000000300       0x20 /home/ek-181/riot-examples-master/02button/bin/stm32f0discovery/board.a(board.o)
 .debug_aranges
                0x0000000000000320       0x28 /home/ek-181/riot-examples-master/02button/bin/stm32f0discovery/core.a(panic.o)
 .debug_aranges
                0x0000000000000348       0x30 /home/ek-181/riot-examples-master/02button/bin/stm32f0discovery/core.a(kernel_init.o)
 .debug_aranges
                0x0000000000000378       0x60 /home/ek-181/riot-examples-master/02button/bin/stm32f0discovery/core.a(thread.o)
 .debug_aranges
                0x00000000000003d8       0x48 /home/ek-181/riot-examples-master/02button/bin/stm32f0discovery/isrpipe.a(isrpipe.o)
 .debug_aranges
                0x0000000000000420       0x30 /home/ek-181/riot-examples-master/02button/bin/stm32f0discovery/pm_layered.a(pm.o)
 .debug_aranges
                0x0000000000000450       0x20 /home/ek-181/riot-examples-master/02button/bin/stm32f0discovery/stm32_common.a(stmclk.o)
 .debug_aranges
                0x0000000000000470       0x48 /home/ek-181/riot-examples-master/02button/bin/stm32f0discovery/stm32_common.a(stmclk_common.o)
 .debug_aranges
                0x00000000000004b8       0x28 /home/ek-181/riot-examples-master/02button/bin/stm32f0discovery/stm32_common.a(stm_status.o)
 .debug_aranges
                0x00000000000004e0       0x20 /home/ek-181/riot-examples-master/02button/bin/stm32f0discovery/stm32_common.a(cpu_init.o)
 .debug_aranges
                0x0000000000000500       0x40 /home/ek-181/riot-examples-master/02button/bin/stm32f0discovery/stm32_common.a(cpu_common.o)
 .debug_aranges
                0x0000000000000540       0x60 /home/ek-181/riot-examples-master/02button/bin/stm32f0discovery/stm32_common_periph.a(uart.o)
 .debug_aranges
                0x00000000000005a0       0x80 /home/ek-181/riot-examples-master/02button/bin/stm32f0discovery/stm32_common_periph.a(gpio.o)
 .debug_aranges
                0x0000000000000620       0x68 /home/ek-181/riot-examples-master/02button/bin/stm32f0discovery/stm32_common_periph.a(timer.o)
 .debug_aranges
                0x0000000000000688       0x38 /home/ek-181/riot-examples-master/02button/bin/stm32f0discovery/tsrb.a(tsrb.o)
 .debug_aranges
                0x00000000000006c0       0x20 /home/ek-181/riot-examples-master/02button/bin/stm32f0discovery/periph_common.a(init.o)
 .debug_aranges
                0x00000000000006e0       0x28 /home/ek-181/riot-examples-master/02button/bin/stm32f0discovery/application_button.a(main.o)
 .debug_aranges
                0x0000000000000708       0x20 /home/ek-181/riot-examples-master/02button/bin/stm32f0discovery/auto_init.a(auto_init.o)
 .debug_aranges
                0x0000000000000728       0x30 /home/ek-181/riot-examples-master/02button/bin/stm32f0discovery/core.a(mutex.o)
 .debug_aranges
                0x0000000000000758       0x30 /home/ek-181/riot-examples-master/02button/bin/stm32f0discovery/cortexm_common.a(cortexm_init.o)
 .debug_aranges
                0x0000000000000788       0x98 /home/ek-181/riot-examples-master/02button/bin/stm32f0discovery/stm32_common_periph.a(rtc.o)

.debug_ranges   0x0000000000000000      0xd98
 .debug_ranges  0x0000000000000000       0x10 /home/ek-181/riot-examples-master/02button/bin/stm32f0discovery/cpu/vectors.o
 .debug_ranges  0x0000000000000010       0xe8 /home/ek-181/riot-examples-master/02button/bin/stm32f0discovery/newlib_syscalls_default/syscalls.o
 .debug_ranges  0x00000000000000f8       0x90 /home/ek-181/riot-examples-master/02button/bin/stm32f0discovery/core.a(sched.o)
 .debug_ranges  0x0000000000000188       0x18 /home/ek-181/riot-examples-master/02button/bin/stm32f0discovery/core.a(bitarithm.o)
 .debug_ranges  0x00000000000001a0       0x68 /home/ek-181/riot-examples-master/02button/bin/stm32f0discovery/cortexm_common.a(thread_arch.o)
 .debug_ranges  0x0000000000000208       0x38 /home/ek-181/riot-examples-master/02button/bin/stm32f0discovery/cortexm_common.a(vectors_cortexm.o)
 .debug_ranges  0x0000000000000240       0x28 /home/ek-181/riot-examples-master/02button/bin/stm32f0discovery/cortexm_common.a(irq_arch.o)
 .debug_ranges  0x0000000000000268       0x48 /home/ek-181/riot-examples-master/02button/bin/stm32f0discovery/stm32_common_periph.a(pm.o)
 .debug_ranges  0x00000000000002b0       0x20 /home/ek-181/riot-examples-master/02button/bin/stm32f0discovery/uart_stdio.a(uart_stdio.o)
 .debug_ranges  0x00000000000002d0      0x1f8 /home/ek-181/riot-examples-master/02button/bin/stm32f0discovery/xtimer.a(xtimer_core.o)
 .debug_ranges  0x00000000000004c8       0x10 /home/ek-181/riot-examples-master/02button/bin/stm32f0discovery/board.a(board.o)
 .debug_ranges  0x00000000000004d8       0x18 /home/ek-181/riot-examples-master/02button/bin/stm32f0discovery/core.a(panic.o)
 .debug_ranges  0x00000000000004f0       0x20 /home/ek-181/riot-examples-master/02button/bin/stm32f0discovery/core.a(kernel_init.o)
 .debug_ranges  0x0000000000000510       0x98 /home/ek-181/riot-examples-master/02button/bin/stm32f0discovery/core.a(thread.o)
 .debug_ranges  0x00000000000005a8       0x68 /home/ek-181/riot-examples-master/02button/bin/stm32f0discovery/isrpipe.a(isrpipe.o)
 .debug_ranges  0x0000000000000610       0x20 /home/ek-181/riot-examples-master/02button/bin/stm32f0discovery/pm_layered.a(pm.o)
 .debug_ranges  0x0000000000000630       0x10 /home/ek-181/riot-examples-master/02button/bin/stm32f0discovery/stm32_common.a(stmclk.o)
 .debug_ranges  0x0000000000000640       0x38 /home/ek-181/riot-examples-master/02button/bin/stm32f0discovery/stm32_common.a(stmclk_common.o)
 .debug_ranges  0x0000000000000678      0x128 /home/ek-181/riot-examples-master/02button/bin/stm32f0discovery/stm32_common.a(stm_status.o)
 .debug_ranges  0x00000000000007a0       0x10 /home/ek-181/riot-examples-master/02button/bin/stm32f0discovery/stm32_common.a(cpu_init.o)
 .debug_ranges  0x00000000000007b0       0x30 /home/ek-181/riot-examples-master/02button/bin/stm32f0discovery/stm32_common.a(cpu_common.o)
 .debug_ranges  0x00000000000007e0       0x98 /home/ek-181/riot-examples-master/02button/bin/stm32f0discovery/stm32_common_periph.a(uart.o)
 .debug_ranges  0x0000000000000878      0x188 /home/ek-181/riot-examples-master/02button/bin/stm32f0discovery/stm32_common_periph.a(gpio.o)
 .debug_ranges  0x0000000000000a00       0xc8 /home/ek-181/riot-examples-master/02button/bin/stm32f0discovery/stm32_common_periph.a(timer.o)
 .debug_ranges  0x0000000000000ac8       0x90 /home/ek-181/riot-examples-master/02button/bin/stm32f0discovery/tsrb.a(tsrb.o)
 .debug_ranges  0x0000000000000b58       0x10 /home/ek-181/riot-examples-master/02button/bin/stm32f0discovery/periph_common.a(init.o)
 .debug_ranges  0x0000000000000b68       0x18 /home/ek-181/riot-examples-master/02button/bin/stm32f0discovery/application_button.a(main.o)
 .debug_ranges  0x0000000000000b80       0x10 /home/ek-181/riot-examples-master/02button/bin/stm32f0discovery/auto_init.a(auto_init.o)
 .debug_ranges  0x0000000000000b90       0x80 /home/ek-181/riot-examples-master/02button/bin/stm32f0discovery/core.a(mutex.o)
 .debug_ranges  0x0000000000000c10       0x78 /home/ek-181/riot-examples-master/02button/bin/stm32f0discovery/cortexm_common.a(cortexm_init.o)
 .debug_ranges  0x0000000000000c88      0x110 /home/ek-181/riot-examples-master/02button/bin/stm32f0discovery/stm32_common_periph.a(rtc.o)

.debug_macro    0x0000000000000000    0x211e6
 .debug_macro   0x0000000000000000       0xe3 /home/ek-181/riot-examples-master/02button/bin/stm32f0discovery/cpu/vectors.o
 .debug_macro   0x00000000000000e3      0xa3c /home/ek-181/riot-examples-master/02button/bin/stm32f0discovery/cpu/vectors.o
 .debug_macro   0x0000000000000b1f      0x100 /home/ek-181/riot-examples-master/02button/bin/stm32f0discovery/cpu/vectors.o
 .debug_macro   0x0000000000000c1f       0x28 /home/ek-181/riot-examples-master/02button/bin/stm32f0discovery/cpu/vectors.o
 .debug_macro   0x0000000000000c47       0x2e /home/ek-181/riot-examples-master/02button/bin/stm32f0discovery/cpu/vectors.o
 .debug_macro   0x0000000000000c75       0x22 /home/ek-181/riot-examples-master/02button/bin/stm32f0discovery/cpu/vectors.o
 .debug_macro   0x0000000000000c97       0x22 /home/ek-181/riot-examples-master/02button/bin/stm32f0discovery/cpu/vectors.o
 .debug_macro   0x0000000000000cb9       0x56 /home/ek-181/riot-examples-master/02button/bin/stm32f0discovery/cpu/vectors.o
 .debug_macro   0x0000000000000d0f       0x51 /home/ek-181/riot-examples-master/02button/bin/stm32f0discovery/cpu/vectors.o
 .debug_macro   0x0000000000000d60       0xef /home/ek-181/riot-examples-master/02button/bin/stm32f0discovery/cpu/vectors.o
 .debug_macro   0x0000000000000e4f       0x6a /home/ek-181/riot-examples-master/02button/bin/stm32f0discovery/cpu/vectors.o
 .debug_macro   0x0000000000000eb9      0x1df /home/ek-181/riot-examples-master/02button/bin/stm32f0discovery/cpu/vectors.o
 .debug_macro   0x0000000000001098       0x34 /home/ek-181/riot-examples-master/02button/bin/stm32f0discovery/cpu/vectors.o
 .debug_macro   0x00000000000010cc       0x26 /home/ek-181/riot-examples-master/02button/bin/stm32f0discovery/cpu/vectors.o
 .debug_macro   0x00000000000010f2      0x30d /home/ek-181/riot-examples-master/02button/bin/stm32f0discovery/cpu/vectors.o
 .debug_macro   0x00000000000013ff     0x3dc2 /home/ek-181/riot-examples-master/02button/bin/stm32f0discovery/cpu/vectors.o
 .debug_macro   0x00000000000051c1       0x35 /home/ek-181/riot-examples-master/02button/bin/stm32f0discovery/cpu/vectors.o
 .debug_macro   0x00000000000051f6       0x34 /home/ek-181/riot-examples-master/02button/bin/stm32f0discovery/cpu/vectors.o
 .debug_macro   0x000000000000522a       0x16 /home/ek-181/riot-examples-master/02button/bin/stm32f0discovery/cpu/vectors.o
 .debug_macro   0x0000000000005240      0x497 /home/ek-181/riot-examples-master/02button/bin/stm32f0discovery/newlib_syscalls_default/syscalls.o
 .debug_macro   0x00000000000056d7      0xa3c /home/ek-181/riot-examples-master/02button/bin/stm32f0discovery/newlib_syscalls_default/syscalls.o
 .debug_macro   0x0000000000006113       0x40 /home/ek-181/riot-examples-master/02button/bin/stm32f0discovery/newlib_syscalls_default/syscalls.o
 .debug_macro   0x0000000000006153       0x18 /home/ek-181/riot-examples-master/02button/bin/stm32f0discovery/newlib_syscalls_default/syscalls.o
 .debug_macro   0x000000000000616b       0x5c /home/ek-181/riot-examples-master/02button/bin/stm32f0discovery/newlib_syscalls_default/syscalls.o
 .debug_macro   0x00000000000061c7       0x3c /home/ek-181/riot-examples-master/02button/bin/stm32f0discovery/newlib_syscalls_default/syscalls.o
 .debug_macro   0x0000000000006203       0x34 /home/ek-181/riot-examples-master/02button/bin/stm32f0discovery/newlib_syscalls_default/syscalls.o
 .debug_macro   0x0000000000006237       0x10 /home/ek-181/riot-examples-master/02button/bin/stm32f0discovery/newlib_syscalls_default/syscalls.o
 .debug_macro   0x0000000000006247       0x57 /home/ek-181/riot-examples-master/02button/bin/stm32f0discovery/newlib_syscalls_default/syscalls.o
 .debug_macro   0x000000000000629e       0xcf /home/ek-181/riot-examples-master/02button/bin/stm32f0discovery/newlib_syscalls_default/syscalls.o
 .debug_macro   0x000000000000636d      0x353 /home/ek-181/riot-examples-master/02button/bin/stm32f0discovery/newlib_syscalls_default/syscalls.o
 .debug_macro   0x00000000000066c0       0x10 /home/ek-181/riot-examples-master/02button/bin/stm32f0discovery/newlib_syscalls_default/syscalls.o
 .debug_macro   0x00000000000066d0       0xb7 /home/ek-181/riot-examples-master/02button/bin/stm32f0discovery/newlib_syscalls_default/syscalls.o
 .debug_macro   0x0000000000006787       0x52 /home/ek-181/riot-examples-master/02button/bin/stm32f0discovery/newlib_syscalls_default/syscalls.o
 .debug_macro   0x00000000000067d9       0x1f /home/ek-181/riot-examples-master/02button/bin/stm32f0discovery/newlib_syscalls_default/syscalls.o
 .debug_macro   0x00000000000067f8       0x43 /home/ek-181/riot-examples-master/02button/bin/stm32f0discovery/newlib_syscalls_default/syscalls.o
 .debug_macro   0x000000000000683b       0x20 /home/ek-181/riot-examples-master/02button/bin/stm32f0discovery/newlib_syscalls_default/syscalls.o
 .debug_macro   0x000000000000685b       0xb6 /home/ek-181/riot-examples-master/02button/bin/stm32f0discovery/newlib_syscalls_default/syscalls.o
 .debug_macro   0x0000000000006911      0x4fe /home/ek-181/riot-examples-master/02button/bin/stm32f0discovery/newlib_syscalls_default/syscalls.o
 .debug_macro   0x0000000000006e0f      0x1a3 /home/ek-181/riot-examples-master/02button/bin/stm32f0discovery/newlib_syscalls_default/syscalls.o
 .debug_macro   0x0000000000006fb2       0x10 /home/ek-181/riot-examples-master/02button/bin/stm32f0discovery/newlib_syscalls_default/syscalls.o
 .debug_macro   0x0000000000006fc2       0x35 /home/ek-181/riot-examples-master/02button/bin/stm32f0discovery/newlib_syscalls_default/syscalls.o
 .debug_macro   0x0000000000006ff7       0x10 /home/ek-181/riot-examples-master/02button/bin/stm32f0discovery/newlib_syscalls_default/syscalls.o
 .debug_macro   0x0000000000007007      0x241 /home/ek-181/riot-examples-master/02button/bin/stm32f0discovery/newlib_syscalls_default/syscalls.o
 .debug_macro   0x0000000000007248       0x16 /home/ek-181/riot-examples-master/02button/bin/stm32f0discovery/newlib_syscalls_default/syscalls.o
 .debug_macro   0x000000000000725e       0x10 /home/ek-181/riot-examples-master/02button/bin/stm32f0discovery/newlib_syscalls_default/syscalls.o
 .debug_macro   0x000000000000726e       0x16 /home/ek-181/riot-examples-master/02button/bin/stm32f0discovery/newlib_syscalls_default/syscalls.o
 .debug_macro   0x0000000000007284       0xff /home/ek-181/riot-examples-master/02button/bin/stm32f0discovery/newlib_syscalls_default/syscalls.o
 .debug_macro   0x0000000000007383       0x16 /home/ek-181/riot-examples-master/02button/bin/stm32f0discovery/newlib_syscalls_default/syscalls.o
 .debug_macro   0x0000000000007399       0x22 /home/ek-181/riot-examples-master/02button/bin/stm32f0discovery/newlib_syscalls_default/syscalls.o
 .debug_macro   0x00000000000073bb       0x16 /home/ek-181/riot-examples-master/02button/bin/stm32f0discovery/newlib_syscalls_default/syscalls.o
 .debug_macro   0x00000000000073d1       0x16 /home/ek-181/riot-examples-master/02button/bin/stm32f0discovery/newlib_syscalls_default/syscalls.o
 .debug_macro   0x00000000000073e7       0x10 /home/ek-181/riot-examples-master/02button/bin/stm32f0discovery/newlib_syscalls_default/syscalls.o
 .debug_macro   0x00000000000073f7       0x10 /home/ek-181/riot-examples-master/02button/bin/stm32f0discovery/newlib_syscalls_default/syscalls.o
 .debug_macro   0x0000000000007407       0x2e /home/ek-181/riot-examples-master/02button/bin/stm32f0discovery/newlib_syscalls_default/syscalls.o
 .debug_macro   0x0000000000007435       0xf5 /home/ek-181/riot-examples-master/02button/bin/stm32f0discovery/newlib_syscalls_default/syscalls.o
 .debug_macro   0x000000000000752a       0x22 /home/ek-181/riot-examples-master/02button/bin/stm32f0discovery/newlib_syscalls_default/syscalls.o
 .debug_macro   0x000000000000754c       0x2f /home/ek-181/riot-examples-master/02button/bin/stm32f0discovery/newlib_syscalls_default/syscalls.o
 .debug_macro   0x000000000000757b       0x3a /home/ek-181/riot-examples-master/02button/bin/stm32f0discovery/newlib_syscalls_default/syscalls.o
 .debug_macro   0x00000000000075b5       0xd6 /home/ek-181/riot-examples-master/02button/bin/stm32f0discovery/newlib_syscalls_default/syscalls.o
 .debug_macro   0x000000000000768b       0x10 /home/ek-181/riot-examples-master/02button/bin/stm32f0discovery/newlib_syscalls_default/syscalls.o
 .debug_macro   0x000000000000769b      0x460 /home/ek-181/riot-examples-master/02button/bin/stm32f0discovery/newlib_syscalls_default/syscalls.o
 .debug_macro   0x0000000000007afb       0x2b /home/ek-181/riot-examples-master/02button/bin/stm32f0discovery/newlib_syscalls_default/syscalls.o
 .debug_macro   0x0000000000007b26       0xee /home/ek-181/riot-examples-master/02button/bin/stm32f0discovery/newlib_syscalls_default/syscalls.o
 .debug_macro   0x0000000000007c14       0x28 /home/ek-181/riot-examples-master/02button/bin/stm32f0discovery/newlib_syscalls_default/syscalls.o
 .debug_macro   0x0000000000007c3c       0x10 /home/ek-181/riot-examples-master/02button/bin/stm32f0discovery/newlib_syscalls_default/syscalls.o
 .debug_macro   0x0000000000007c4c       0x12 /home/ek-181/riot-examples-master/02button/bin/stm32f0discovery/newlib_syscalls_default/syscalls.o
 .debug_macro   0x0000000000007c5e       0xba /home/ek-181/riot-examples-master/02button/bin/stm32f0discovery/newlib_syscalls_default/syscalls.o
 .debug_macro   0x0000000000007d18       0x1c /home/ek-181/riot-examples-master/02button/bin/stm32f0discovery/newlib_syscalls_default/syscalls.o
 .debug_macro   0x0000000000007d34       0xbe /home/ek-181/riot-examples-master/02button/bin/stm32f0discovery/newlib_syscalls_default/syscalls.o
 .debug_macro   0x0000000000007df2       0x34 /home/ek-181/riot-examples-master/02button/bin/stm32f0discovery/newlib_syscalls_default/syscalls.o
 .debug_macro   0x0000000000007e26       0x8a /home/ek-181/riot-examples-master/02button/bin/stm32f0discovery/newlib_syscalls_default/syscalls.o
 .debug_macro   0x0000000000007eb0       0x1c /home/ek-181/riot-examples-master/02button/bin/stm32f0discovery/newlib_syscalls_default/syscalls.o
 .debug_macro   0x0000000000007ecc       0x1c /home/ek-181/riot-examples-master/02button/bin/stm32f0discovery/newlib_syscalls_default/syscalls.o
 .debug_macro   0x0000000000007ee8       0x1c /home/ek-181/riot-examples-master/02button/bin/stm32f0discovery/newlib_syscalls_default/syscalls.o
 .debug_macro   0x0000000000007f04       0x10 /home/ek-181/riot-examples-master/02button/bin/stm32f0discovery/newlib_syscalls_default/syscalls.o
 .debug_macro   0x0000000000007f14       0x43 /home/ek-181/riot-examples-master/02button/bin/stm32f0discovery/newlib_syscalls_default/syscalls.o
 .debug_macro   0x0000000000007f57       0x1c /home/ek-181/riot-examples-master/02button/bin/stm32f0discovery/newlib_syscalls_default/syscalls.o
 .debug_macro   0x0000000000007f73       0x34 /home/ek-181/riot-examples-master/02button/bin/stm32f0discovery/newlib_syscalls_default/syscalls.o
 .debug_macro   0x0000000000007fa7       0x16 /home/ek-181/riot-examples-master/02button/bin/stm32f0discovery/newlib_syscalls_default/syscalls.o
 .debug_macro   0x0000000000007fbd       0x7e /home/ek-181/riot-examples-master/02button/bin/stm32f0discovery/newlib_syscalls_default/syscalls.o
 .debug_macro   0x000000000000803b       0x58 /home/ek-181/riot-examples-master/02button/bin/stm32f0discovery/newlib_syscalls_default/syscalls.o
 .debug_macro   0x0000000000008093       0x10 /home/ek-181/riot-examples-master/02button/bin/stm32f0discovery/newlib_syscalls_default/syscalls.o
 .debug_macro   0x00000000000080a3       0x10 /home/ek-181/riot-examples-master/02button/bin/stm32f0discovery/newlib_syscalls_default/syscalls.o
 .debug_macro   0x00000000000080b3      0x300 /home/ek-181/riot-examples-master/02button/bin/stm32f0discovery/core.a(sched.o)
 .debug_macro   0x00000000000083b3      0xa3c /home/ek-181/riot-examples-master/02button/bin/stm32f0discovery/core.a(sched.o)
 .debug_macro   0x0000000000008def      0x16d /home/ek-181/riot-examples-master/02button/bin/stm32f0discovery/core.a(sched.o)
 .debug_macro   0x0000000000008f5c       0x46 /home/ek-181/riot-examples-master/02button/bin/stm32f0discovery/core.a(sched.o)
 .debug_macro   0x0000000000008fa2       0x3a /home/ek-181/riot-examples-master/02button/bin/stm32f0discovery/core.a(sched.o)
 .debug_macro   0x0000000000008fdc       0x25 /home/ek-181/riot-examples-master/02button/bin/stm32f0discovery/core.a(sched.o)
 .debug_macro   0x0000000000009001       0x2e /home/ek-181/riot-examples-master/02button/bin/stm32f0discovery/core.a(sched.o)
 .debug_macro   0x000000000000902f       0x1c /home/ek-181/riot-examples-master/02button/bin/stm32f0discovery/core.a(sched.o)
 .debug_macro   0x000000000000904b      0x114 /home/ek-181/riot-examples-master/02button/bin/stm32f0discovery/core.a(sched.o)
 .debug_macro   0x000000000000915f       0x1c /home/ek-181/riot-examples-master/02button/bin/stm32f0discovery/core.a(sched.o)
 .debug_macro   0x000000000000917b      0x1cb /home/ek-181/riot-examples-master/02button/bin/stm32f0discovery/core.a(bitarithm.o)
 .debug_macro   0x0000000000009346      0xa3c /home/ek-181/riot-examples-master/02button/bin/stm32f0discovery/core.a(bitarithm.o)
 .debug_macro   0x0000000000009d82       0x97 /home/ek-181/riot-examples-master/02button/bin/stm32f0discovery/core.a(bitarithm.o)
 .debug_macro   0x0000000000009e19       0xf6 /home/ek-181/riot-examples-master/02button/bin/stm32f0discovery/core.a(bitarithm.o)
 .debug_macro   0x0000000000009f0f      0x2e8 /home/ek-181/riot-examples-master/02button/bin/stm32f0discovery/cortexm_common.a(thread_arch.o)
 .debug_macro   0x000000000000a1f7      0xa3c /home/ek-181/riot-examples-master/02button/bin/stm32f0discovery/cortexm_common.a(thread_arch.o)
 .debug_macro   0x000000000000ac33       0x22 /home/ek-181/riot-examples-master/02button/bin/stm32f0discovery/cortexm_common.a(thread_arch.o)
 .debug_macro   0x000000000000ac55      0x30f /home/ek-181/riot-examples-master/02button/bin/stm32f0discovery/cortexm_common.a(vectors_cortexm.o)
 .debug_macro   0x000000000000af64      0xa3c /home/ek-181/riot-examples-master/02button/bin/stm32f0discovery/cortexm_common.a(vectors_cortexm.o)
 .debug_macro   0x000000000000b9a0       0x16 /home/ek-181/riot-examples-master/02button/bin/stm32f0discovery/cortexm_common.a(vectors_cortexm.o)
 .debug_macro   0x000000000000b9b6       0x1c /home/ek-181/riot-examples-master/02button/bin/stm32f0discovery/cortexm_common.a(vectors_cortexm.o)
 .debug_macro   0x000000000000b9d2      0x2d8 /home/ek-181/riot-examples-master/02button/bin/stm32f0discovery/cortexm_common.a(irq_arch.o)
 .debug_macro   0x000000000000bcaa      0xa3c /home/ek-181/riot-examples-master/02button/bin/stm32f0discovery/cortexm_common.a(irq_arch.o)
 .debug_macro   0x000000000000c6e6      0x330 /home/ek-181/riot-examples-master/02button/bin/stm32f0discovery/stm32_common_periph.a(pm.o)
 .debug_macro   0x000000000000ca16      0xa3c /home/ek-181/riot-examples-master/02button/bin/stm32f0discovery/stm32_common_periph.a(pm.o)
 .debug_macro   0x000000000000d452       0x84 /home/ek-181/riot-examples-master/02button/bin/stm32f0discovery/stm32_common_periph.a(pm.o)
 .debug_macro   0x000000000000d4d6      0x386 /home/ek-181/riot-examples-master/02button/bin/stm32f0discovery/uart_stdio.a(uart_stdio.o)
 .debug_macro   0x000000000000d85c      0xa3c /home/ek-181/riot-examples-master/02button/bin/stm32f0discovery/uart_stdio.a(uart_stdio.o)
 .debug_macro   0x000000000000e298       0xb8 /home/ek-181/riot-examples-master/02button/bin/stm32f0discovery/uart_stdio.a(uart_stdio.o)
 .debug_macro   0x000000000000e350       0x16 /home/ek-181/riot-examples-master/02button/bin/stm32f0discovery/uart_stdio.a(uart_stdio.o)
 .debug_macro   0x000000000000e366       0x10 /home/ek-181/riot-examples-master/02button/bin/stm32f0discovery/uart_stdio.a(uart_stdio.o)
 .debug_macro   0x000000000000e376      0x3ac /home/ek-181/riot-examples-master/02button/bin/stm32f0discovery/xtimer.a(xtimer_core.o)
 .debug_macro   0x000000000000e722      0xa3c /home/ek-181/riot-examples-master/02button/bin/stm32f0discovery/xtimer.a(xtimer_core.o)
 .debug_macro   0x000000000000f15e       0x10 /home/ek-181/riot-examples-master/02button/bin/stm32f0discovery/xtimer.a(xtimer_core.o)
 .debug_macro   0x000000000000f16e       0x16 /home/ek-181/riot-examples-master/02button/bin/stm32f0discovery/xtimer.a(xtimer_core.o)
 .debug_macro   0x000000000000f184      0x310 /home/ek-181/riot-examples-master/02button/bin/stm32f0discovery/board.a(board.o)
 .debug_macro   0x000000000000f494      0xa3c /home/ek-181/riot-examples-master/02button/bin/stm32f0discovery/board.a(board.o)
 .debug_macro   0x000000000000fed0      0x329 /home/ek-181/riot-examples-master/02button/bin/stm32f0discovery/core.a(panic.o)
 .debug_macro   0x00000000000101f9      0xa3c /home/ek-181/riot-examples-master/02button/bin/stm32f0discovery/core.a(panic.o)
 .debug_macro   0x0000000000010c35      0x36c /home/ek-181/riot-examples-master/02button/bin/stm32f0discovery/core.a(kernel_init.o)
 .debug_macro   0x0000000000010fa1      0xa3c /home/ek-181/riot-examples-master/02button/bin/stm32f0discovery/core.a(kernel_init.o)
 .debug_macro   0x00000000000119dd      0x23b /home/ek-181/riot-examples-master/02button/bin/stm32f0discovery/core.a(kernel_init.o)
 .debug_macro   0x0000000000011c18       0xdc /home/ek-181/riot-examples-master/02button/bin/stm32f0discovery/core.a(kernel_init.o)
 .debug_macro   0x0000000000011cf4      0x302 /home/ek-181/riot-examples-master/02button/bin/stm32f0discovery/core.a(thread.o)
 .debug_macro   0x0000000000011ff6      0xa3c /home/ek-181/riot-examples-master/02button/bin/stm32f0discovery/core.a(thread.o)
 .debug_macro   0x0000000000012a32      0x3d0 /home/ek-181/riot-examples-master/02button/bin/stm32f0discovery/isrpipe.a(isrpipe.o)
 .debug_macro   0x0000000000012e02      0xa3c /home/ek-181/riot-examples-master/02button/bin/stm32f0discovery/isrpipe.a(isrpipe.o)
 .debug_macro   0x000000000001383e       0x2e /home/ek-181/riot-examples-master/02button/bin/stm32f0discovery/isrpipe.a(isrpipe.o)
 .debug_macro   0x000000000001386c       0x78 /home/ek-181/riot-examples-master/02button/bin/stm32f0discovery/isrpipe.a(isrpipe.o)
 .debug_macro   0x00000000000138e4      0x326 /home/ek-181/riot-examples-master/02button/bin/stm32f0discovery/pm_layered.a(pm.o)
 .debug_macro   0x0000000000013c0a      0xa3c /home/ek-181/riot-examples-master/02button/bin/stm32f0discovery/pm_layered.a(pm.o)
 .debug_macro   0x0000000000014646      0x32a /home/ek-181/riot-examples-master/02button/bin/stm32f0discovery/stm32_common.a(stmclk.o)
 .debug_macro   0x0000000000014970      0xa3c /home/ek-181/riot-examples-master/02button/bin/stm32f0discovery/stm32_common.a(stmclk.o)
 .debug_macro   0x00000000000153ac      0x321 /home/ek-181/riot-examples-master/02button/bin/stm32f0discovery/stm32_common.a(stmclk_common.o)
 .debug_macro   0x00000000000156cd      0xa3c /home/ek-181/riot-examples-master/02button/bin/stm32f0discovery/stm32_common.a(stmclk_common.o)
 .debug_macro   0x0000000000016109      0x31d /home/ek-181/riot-examples-master/02button/bin/stm32f0discovery/stm32_common.a(stm_status.o)
 .debug_macro   0x0000000000016426      0xa3c /home/ek-181/riot-examples-master/02button/bin/stm32f0discovery/stm32_common.a(stm_status.o)
 .debug_macro   0x0000000000016e62       0x10 /home/ek-181/riot-examples-master/02button/bin/stm32f0discovery/stm32_common.a(stm_status.o)
 .debug_macro   0x0000000000016e72      0x304 /home/ek-181/riot-examples-master/02button/bin/stm32f0discovery/stm32_common.a(cpu_init.o)
 .debug_macro   0x0000000000017176      0xa3c /home/ek-181/riot-examples-master/02button/bin/stm32f0discovery/stm32_common.a(cpu_init.o)
 .debug_macro   0x0000000000017bb2      0x336 /home/ek-181/riot-examples-master/02button/bin/stm32f0discovery/stm32_common.a(cpu_common.o)
 .debug_macro   0x0000000000017ee8      0xa3c /home/ek-181/riot-examples-master/02button/bin/stm32f0discovery/stm32_common.a(cpu_common.o)
 .debug_macro   0x0000000000018924      0x335 /home/ek-181/riot-examples-master/02button/bin/stm32f0discovery/stm32_common_periph.a(uart.o)
 .debug_macro   0x0000000000018c59      0xa3c /home/ek-181/riot-examples-master/02button/bin/stm32f0discovery/stm32_common_periph.a(uart.o)
 .debug_macro   0x0000000000019695      0x307 /home/ek-181/riot-examples-master/02button/bin/stm32f0discovery/stm32_common_periph.a(gpio.o)
 .debug_macro   0x000000000001999c      0xa3c /home/ek-181/riot-examples-master/02button/bin/stm32f0discovery/stm32_common_periph.a(gpio.o)
 .debug_macro   0x000000000001a3d8      0x310 /home/ek-181/riot-examples-master/02button/bin/stm32f0discovery/stm32_common_periph.a(timer.o)
 .debug_macro   0x000000000001a6e8      0xa3c /home/ek-181/riot-examples-master/02button/bin/stm32f0discovery/stm32_common_periph.a(timer.o)
 .debug_macro   0x000000000001b124       0x5f /home/ek-181/riot-examples-master/02button/bin/stm32f0discovery/tsrb.a(tsrb.o)
 .debug_macro   0x000000000001b183      0xa3c /home/ek-181/riot-examples-master/02button/bin/stm32f0discovery/tsrb.a(tsrb.o)
 .debug_macro   0x000000000001bbbf      0x342 /home/ek-181/riot-examples-master/02button/bin/stm32f0discovery/periph_common.a(init.o)
 .debug_macro   0x000000000001bf01      0xa3c /home/ek-181/riot-examples-master/02button/bin/stm32f0discovery/periph_common.a(init.o)
 .debug_macro   0x000000000001c93d       0x10 /home/ek-181/riot-examples-master/02button/bin/stm32f0discovery/periph_common.a(init.o)
 .debug_macro   0x000000000001c94d      0x3ac /home/ek-181/riot-examples-master/02button/bin/stm32f0discovery/application_button.a(main.o)
 .debug_macro   0x000000000001ccf9      0xa3c /home/ek-181/riot-examples-master/02button/bin/stm32f0discovery/application_button.a(main.o)
 .debug_macro   0x000000000001d735       0x82 /home/ek-181/riot-examples-master/02button/bin/stm32f0discovery/application_button.a(main.o)
 .debug_macro   0x000000000001d7b7       0xfd /home/ek-181/riot-examples-master/02button/bin/stm32f0discovery/application_button.a(main.o)
 .debug_macro   0x000000000001d8b4      0x3bc /home/ek-181/riot-examples-master/02button/bin/stm32f0discovery/auto_init.a(auto_init.o)
 .debug_macro   0x000000000001dc70      0xa3c /home/ek-181/riot-examples-master/02button/bin/stm32f0discovery/auto_init.a(auto_init.o)
 .debug_macro   0x000000000001e6ac      0x2f9 /home/ek-181/riot-examples-master/02button/bin/stm32f0discovery/core.a(mutex.o)
 .debug_macro   0x000000000001e9a5      0xa3c /home/ek-181/riot-examples-master/02button/bin/stm32f0discovery/core.a(mutex.o)
 .debug_macro   0x000000000001f3e1      0x1e5 /home/ek-181/riot-examples-master/02button/bin/stm32f0discovery/core.a(mutex.o)
 .debug_macro   0x000000000001f5c6      0x307 /home/ek-181/riot-examples-master/02button/bin/stm32f0discovery/cortexm_common.a(cortexm_init.o)
 .debug_macro   0x000000000001f8cd      0xa3c /home/ek-181/riot-examples-master/02button/bin/stm32f0discovery/cortexm_common.a(cortexm_init.o)
 .debug_macro   0x0000000000020309      0x4a1 /home/ek-181/riot-examples-master/02button/bin/stm32f0discovery/stm32_common_periph.a(rtc.o)
 .debug_macro   0x00000000000207aa      0xa3c /home/ek-181/riot-examples-master/02button/bin/stm32f0discovery/stm32_common_periph.a(rtc.o)

.debug_line     0x0000000000000000     0xc211
 .debug_line    0x0000000000000000      0x2ed /home/ek-181/riot-examples-master/02button/bin/stm32f0discovery/cpu/vectors.o
 .debug_line    0x00000000000002ed      0x938 /home/ek-181/riot-examples-master/02button/bin/stm32f0discovery/newlib_syscalls_default/syscalls.o
 .debug_line    0x0000000000000c25      0x5b5 /home/ek-181/riot-examples-master/02button/bin/stm32f0discovery/core.a(sched.o)
 .debug_line    0x00000000000011da      0x416 /home/ek-181/riot-examples-master/02button/bin/stm32f0discovery/core.a(bitarithm.o)
 .debug_line    0x00000000000015f0      0x603 /home/ek-181/riot-examples-master/02button/bin/stm32f0discovery/cortexm_common.a(thread_arch.o)
 .debug_line    0x0000000000001bf3      0x641 /home/ek-181/riot-examples-master/02button/bin/stm32f0discovery/cortexm_common.a(vectors_cortexm.o)
 .debug_line    0x0000000000002234      0x563 /home/ek-181/riot-examples-master/02button/bin/stm32f0discovery/cortexm_common.a(irq_arch.o)
 .debug_line    0x0000000000002797      0x654 /home/ek-181/riot-examples-master/02button/bin/stm32f0discovery/stm32_common_periph.a(pm.o)
 .debug_line    0x0000000000002deb      0x669 /home/ek-181/riot-examples-master/02button/bin/stm32f0discovery/uart_stdio.a(uart_stdio.o)
 .debug_line    0x0000000000003454      0x92b /home/ek-181/riot-examples-master/02button/bin/stm32f0discovery/xtimer.a(xtimer_core.o)
 .debug_line    0x0000000000003d7f      0x5db /home/ek-181/riot-examples-master/02button/bin/stm32f0discovery/board.a(board.o)
 .debug_line    0x000000000000435a      0x5f2 /home/ek-181/riot-examples-master/02button/bin/stm32f0discovery/core.a(panic.o)
 .debug_line    0x000000000000494c      0x621 /home/ek-181/riot-examples-master/02button/bin/stm32f0discovery/core.a(kernel_init.o)
 .debug_line    0x0000000000004f6d      0x661 /home/ek-181/riot-examples-master/02button/bin/stm32f0discovery/core.a(thread.o)
 .debug_line    0x00000000000055ce      0x766 /home/ek-181/riot-examples-master/02button/bin/stm32f0discovery/isrpipe.a(isrpipe.o)
 .debug_line    0x0000000000005d34      0x5ec /home/ek-181/riot-examples-master/02button/bin/stm32f0discovery/pm_layered.a(pm.o)
 .debug_line    0x0000000000006320      0x5d7 /home/ek-181/riot-examples-master/02button/bin/stm32f0discovery/stm32_common.a(stmclk.o)
 .debug_line    0x00000000000068f7      0x617 /home/ek-181/riot-examples-master/02button/bin/stm32f0discovery/stm32_common.a(stmclk_common.o)
 .debug_line    0x0000000000006f0e      0x6bd /home/ek-181/riot-examples-master/02button/bin/stm32f0discovery/stm32_common.a(stm_status.o)